$ /usr/bin/python3 /home/hgui/IK_solver_MuJoCo/src/drok_arm_control/scripts/dry_run_cylinder_hybrid_ik.py --candidate-file /home/hgui/IK_solver_MuJoCo/generated_known_object_paths/box_2_x0p391498_ym0p124411_z0p272000_to_box_1/all_grasp_candidates.yaml --candidate-index 15 --geometry /home/hgui/IK_solver_MuJoCo/src/drok_arm_kinematics/config/robot_geometry.yaml --urdf /home/hgui/IK_solver_MuJoCo/src/drok_arm_mujoco/urdf/drok_arm_mujoco.urdf --output /home/hgui/IK_solver_MuJoCo/generated_known_object_paths/box_2_x0p391498_ym0p124411_z0p272000_to_box_1/candidate_trials/candidate_15/hybrid_path.yaml

========================================================================================
CYLINDER HYBRID CARTESIAN IK DRY RUN
========================================================================================
Candidate index : 15
Candidate phi   : 150.000 deg
Target RPY      : +0.000000000, -0.000000000, -0.523598776
Cartesian step  : 0.003000 m

현재 /joint_states를 기다립니다.
Current q [rad] : -0.000045270, +0.295663845, +0.294624791, -0.000413884, -0.000008118, -0.001249253

[INITIAL 1/2] Position-only solve at PICK_PREGRASP
[PASS] q = -0.170348, +0.897272, +0.605397, -0.019568, +0.128852, -0.001249

[INITIAL 2/2] Full-pose orientation alignment

[PICK_APPROACH] mode=full, distance=0.080000 m, samples=27
[PASS] max jump=0.963997 deg, minimum margin=26.208039 deg

[PICK_LIFT] mode=full, distance=0.050000 m, samples=17
[PASS] max jump=0.671428 deg, minimum margin=31.476292 deg

[TRANSFER] mode=upright, distance=0.309982 m, samples=104
[PASS] max jump=0.386720 deg, minimum margin=38.090232 deg

[PLACE_DESCEND] mode=upright, distance=0.050000 m, samples=17
[PASS] max jump=0.575517 deg, minimum margin=28.407858 deg

========================================================================================
OVERALL RESULT: PASS
========================================================================================
Total samples       : 166
Maximum joint jump  : 0.963997 deg
Minimum limit margin: 25.982803 deg
Saved:
/home/hgui/IK_solver_MuJoCo/generated_known_object_paths/box_2_x0p391498_ym0p124411_z0p272000_to_box_1/candidate_trials/candidate_15/hybrid_path.yaml
