$ /usr/bin/python3 /home/hgui/IK_solver_MuJoCo/src/drok_arm_control/scripts/generate_cylinder_place_retreat_target.py --hybrid-path /home/hgui/IK_solver_MuJoCo/generated_known_object_paths/box_2_x0p391498_ym0p124411_z0p272000_to_box_1/candidate_trials/candidate_15/hybrid_path.yaml --candidate-file /home/hgui/IK_solver_MuJoCo/generated_known_object_paths/box_2_x0p391498_ym0p124411_z0p272000_to_box_1/all_grasp_candidates.yaml --geometry /home/hgui/IK_solver_MuJoCo/src/drok_arm_kinematics/config/robot_geometry.yaml --output /home/hgui/IK_solver_MuJoCo/generated_known_object_paths/box_2_x0p391498_ym0p124411_z0p272000_to_box_1/candidate_trials/candidate_15/retreat_target.yaml

========================================
 DROK Upright 5-DoF IK Solver
========================================
IK mode: upright
----------------------------------------
Target position [m]
x = 0.450000000
y = 0.180000000
z = 0.282000000
----------------------------------------
Constraint
TCP local +Z = world +Z
TCP yaw      = free
----------------------------------------
Initial joint positions [rad]
q1 = 0.582774796
q2 = 1.490938082
q3 = 0.778831869
q4 = -0.926572112
q5 = 0.823659353
q6 = -1.517703275
----------------------------------------
IK result joint positions [rad]
q1 = 0.582774796
q2 = 1.490938082
q3 = 0.778831869
q4 = -0.926572112
q5 = 0.823659353
q6 = -1.517703275
----------------------------------------
Solved TCP local +Z in world
-0.000011969  0.000014719  1.000000000
Solved TCP yaw    : 0.126500360 rad
----------------------------------------
Success           : true
Iterations        : 0
Position error    : 0.000020412 m
Upright error     : 0.000018971 rad
Orientation error : 0.000018971 rad
Minimum margin    : 0.495810647 rad
Message           : Upright IK converged.
----------------------------------------
Machine-readable joint result
JOINT_RESULT=0.582774796,1.490938082,0.778831869,-0.926572112,0.823659353,-1.517703275
========================================

========================================================================================
NEW HEIGHT PLACE RETREAT TARGET
========================================================================================
Candidate index : 15
Final yaw       : +7.247937 deg
Place grasp TCP : +0.450000000, +0.180000000, +0.282000000
Retreat TCP     : +0.370639241, +0.169906940, +0.282000000
Retreat vector  : -0.992009494, -0.126163246, +0.000000000
Saved:
/home/hgui/IK_solver_MuJoCo/generated_known_object_paths/box_2_x0p391498_ym0p124411_z0p272000_to_box_1/candidate_trials/candidate_15/retreat_target.yaml
