$ /usr/bin/python3 /home/hgui/IK_solver_MuJoCo/src/drok_arm_control/scripts/time_parameterize_cylinder_path.py --path /home/hgui/IK_solver_MuJoCo/generated_known_object_paths/box_2_x0p391498_ym0p124411_z0p272000_to_box_1/candidate_trials/candidate_15/full_cartesian_path.yaml --timing-config /home/hgui/IK_solver_MuJoCo/src/drok_arm_control/config/cylinder_trajectory_timing.yaml --urdf /home/hgui/IK_solver_MuJoCo/src/drok_arm_mujoco/urdf/drok_arm_mujoco.urdf --controllers /home/hgui/IK_solver_MuJoCo/src/drok_arm_mujoco/config/controllers.yaml --output /home/hgui/IK_solver_MuJoCo/generated_known_object_paths/box_2_x0p391498_ym0p124411_z0p272000_to_box_1/candidate_trials/candidate_15/timed_joint_path.yaml

================================================================================================
CYLINDER PATH TIME PARAMETERIZATION
================================================================================================
Controller rate : 100.000 Hz

Derived limits
  JOINT1: v=0.420000 rad/s, a=0.840000 rad/s^2, j=4.200000 rad/s^3
  JOINT2: v=0.420000 rad/s, a=0.840000 rad/s^2, j=4.200000 rad/s^3
  JOINT3: v=0.420000 rad/s, a=0.840000 rad/s^2, j=4.200000 rad/s^3
  JOINT4: v=0.420000 rad/s, a=0.840000 rad/s^2, j=4.200000 rad/s^3
  JOINT5: v=0.420000 rad/s, a=0.840000 rad/s^2, j=4.200000 rad/s^3
  JOINT6: v=0.350000 rad/s, a=0.700000 rad/s^2, j=3.500000 rad/s^3

[MOTION_BLOCK_1_PICK_APPROACH] index=0->27
  waypoints       : 28
  duration        : 1.820000 s
  samples         : 183
  velocity ratio  : 0.976251
  accel ratio     : 0.822460
  jerk ratio      : 0.905832
  limit margin    : 25.982803 deg

[MOTION_BLOCK_2_PICK_LIFT] index=27->44
  waypoints       : 18
  duration        : 1.510000 s
  samples         : 152
  velocity ratio  : 0.649406
  accel ratio     : 0.676826
  jerk ratio      : 0.942292
  limit margin    : 30.986870 deg

[MOTION_BLOCK_3_TRANSFER] index=44->148
  waypoints       : 105
  duration        : 3.050000 s
  samples         : 306
  velocity ratio  : 0.977764
  accel ratio     : 0.551726
  jerk ratio      : 0.361289
  limit margin    : 38.090232 deg

[MOTION_BLOCK_4_PLACE_DESCEND] index=148->165
  waypoints       : 18
  duration        : 1.380000 s
  samples         : 139
  velocity ratio  : 0.547075
  accel ratio     : 0.615944
  jerk ratio      : 0.935512
  limit margin    : 28.407858 deg

[MOTION_BLOCK_5_PLACE_RETREAT] index=165->192
  waypoints       : 28
  duration        : 1.560000 s
  samples         : 157
  velocity ratio  : 0.641620
  accel ratio     : 0.679762
  jerk ratio      : 0.935085
  limit margin    : 25.210581 deg

================================================================================================
OVERALL RESULT: PASS
================================================================================================
Motion blocks       : 5
Arm motion duration : 9.320000 s
Gripper dwell       : not included
Saved:
/home/hgui/IK_solver_MuJoCo/generated_known_object_paths/box_2_x0p391498_ym0p124411_z0p272000_to_box_1/candidate_trials/candidate_15/timed_joint_path.yaml
