$ /usr/bin/python3 /home/hgui/IK_solver_MuJoCo/src/drok_arm_control/scripts/dry_run_cylinder_hybrid_ik.py --candidate-file /home/hgui/IK_solver_MuJoCo/generated_known_object_paths/box_2_x0p391498_ym0p124411_z0p272000_to_box_1/all_grasp_candidates.yaml --candidate-index 1 --geometry /home/hgui/IK_solver_MuJoCo/src/drok_arm_kinematics/config/robot_geometry.yaml --urdf /home/hgui/IK_solver_MuJoCo/src/drok_arm_mujoco/urdf/drok_arm_mujoco.urdf --output /home/hgui/IK_solver_MuJoCo/generated_known_object_paths/box_2_x0p391498_ym0p124411_z0p272000_to_box_1/candidate_trials/candidate_01/hybrid_path.yaml

========================================================================================
CYLINDER HYBRID CARTESIAN IK DRY RUN
========================================================================================
Candidate index : 1
Candidate phi   : 10.000 deg
Target RPY      : +0.000000000, -0.000000000, -2.967059728
Cartesian step  : 0.003000 m

현재 /joint_states를 기다립니다.
Current q [rad] : -0.000045125, +0.295663849, +0.294624920, -0.000413884, -0.000008061, -0.001249252

[INITIAL 1/2] Position-only solve at PICK_PREGRASP
[PASS] q = -0.187088, +1.418031, +0.993304, -0.036220, +0.094891, -0.001249

[INITIAL 2/2] Full-pose orientation alignment
[FAIL] Full-pose initial IK
========================================
 DROK TCP Pose IK Solver
========================================
IK mode: full
----------------------------------------
Target position [m]
x = 0.470282620
y = -0.110519146
z = 0.282000000
----------------------------------------
Target RPY [rad]
roll  = 0.000000000
pitch = -0.000000000
yaw   = -2.967059728
----------------------------------------
Initial joint positions [rad]
q1 = -0.187087517
q2 = 1.418031235
q3 = 0.993303691
q4 = -0.036219919
q5 = 0.094890927
q6 = -0.001249252
----------------------------------------
IK result joint positions [rad]
q1 = 0.516021244
q2 = 2.923985698
q3 = 2.902189327
q4 = -0.052397828
q5 = 1.319470000
q6 = -0.367648407
----------------------------------------
Target transform
-0.984807753  0.173648178  0.000000000  0.470282620
-0.173648178 -0.984807753 -0.000000000 -0.110519146
-0.000000000  0.000000000  1.000000000  0.282000000
 0.000000000  0.000000000  0.000000000  1.000000000
----------------------------------------
Solved transform
 0.694482927  0.718885940  0.029941094  0.739544116
-0.718081965  0.689885241  0.091742277  0.174151952
 0.045296314 -0.085213604  0.995332550  0.247786854
 0.000000000  0.000000000  0.000000000  1.000000000
----------------------------------------
Success           : false
Iterations        : 1500
Position error    : 0.393331827 m
Orientation error : 2.164263331 rad
Message           : IK reached the maximum iteration count.
----------------------------------------
Machine-readable joint result
JOINT_RESULT=0.516021244,2.923985698,2.902189327,-0.052397828,1.319470000,-0.367648407
========================================
[ros2run]: Process exited with failure 2

