$ /usr/bin/python3 /home/hgui/IK_solver_MuJoCo/src/drok_arm_control/scripts/dry_run_cylinder_hybrid_ik.py --candidate-file /home/hgui/IK_solver_MuJoCo/generated_known_object_paths/box_2_x0p391498_ym0p124411_z0p272000_to_box_1/all_grasp_candidates.yaml --candidate-index 33 --geometry /home/hgui/IK_solver_MuJoCo/src/drok_arm_kinematics/config/robot_geometry.yaml --urdf /home/hgui/IK_solver_MuJoCo/src/drok_arm_mujoco/urdf/drok_arm_mujoco.urdf --output /home/hgui/IK_solver_MuJoCo/generated_known_object_paths/box_2_x0p391498_ym0p124411_z0p272000_to_box_1/candidate_trials/candidate_33/hybrid_path.yaml

========================================================================================
CYLINDER HYBRID CARTESIAN IK DRY RUN
========================================================================================
Candidate index : 33
Candidate phi   : 330.000 deg
Target RPY      : +0.000000000, -0.000000000, +2.617993878
Cartesian step  : 0.003000 m

현재 /joint_states를 기다립니다.
Current q [rad] : -0.000045732, +0.295663831, +0.294624383, -0.000413885, -0.000008296, -0.001249255

[INITIAL 1/2] Position-only solve at PICK_PREGRASP
[PASS] q = -0.279910, +1.438038, +1.009025, -0.054686, +0.138869, -0.001249

[INITIAL 2/2] Full-pose orientation alignment
[FAIL] Full-pose initial IK
========================================
 DROK TCP Pose IK Solver
========================================
IK mode: full
----------------------------------------
Target position [m]
x = 0.460780032
y = -0.164411000
z = 0.282000000
----------------------------------------
Target RPY [rad]
roll  = 0.000000000
pitch = -0.000000000
yaw   = 2.617993878
----------------------------------------
Initial joint positions [rad]
q1 = -0.279909863
q2 = 1.438038428
q3 = 1.009025363
q4 = -0.054686287
q5 = 0.138868767
q6 = -0.001249255
----------------------------------------
IK result joint positions [rad]
q1 = -0.852419294
q2 = 2.873470772
q3 = 2.879583101
q4 = -0.066976704
q5 = -1.521750000
q6 = -0.320408484
----------------------------------------
Target transform
-0.866025404 -0.500000000  0.000000000  0.460780032
 0.500000000 -0.866025404  0.000000000 -0.164411000
 0.000000000  0.000000000  1.000000000  0.282000000
 0.000000000  0.000000000  0.000000000  1.000000000
----------------------------------------
Solved transform
 0.782819433 -0.622071571 -0.014855830  0.611753759
 0.618680423  0.775555017  0.125494818 -0.366447923
-0.066545245 -0.107430793  0.991983042  0.249542210
 0.000000000  0.000000000  0.000000000  1.000000000
----------------------------------------
Success           : false
Iterations        : 1500
Position error    : 0.254294106 m
Orientation error : 1.948316509 rad
Message           : IK reached the maximum iteration count.
----------------------------------------
Machine-readable joint result
JOINT_RESULT=-0.852419294,2.873470772,2.879583101,-0.066976704,-1.521750000,-0.320408484
========================================
[ros2run]: Process exited with failure 2

