[0.012s] Invoking command in '/home/hgui/IK_solver_MuJoCo/build/drok_arm_mujoco': AMENT_PREFIX_PATH=/home/hgui/IK_solver_MuJoCo/install/drok_arm_control:/home/hgui/IK_solver_MuJoCo/install/drok_arm_trajectory:/home/hgui/IK_solver_MuJoCo/install/drok_arm_kinematics:/home/hgui/IK_solver_MuJoCo/install/drok_arm_description:${AMENT_PREFIX_PATH} CMAKE_PREFIX_PATH=/home/hgui/IK_solver_MuJoCo/install/drok_arm_control:/home/hgui/IK_solver_MuJoCo/install/drok_arm_trajectory:/home/hgui/IK_solver_MuJoCo/install/drok_arm_kinematics:/home/hgui/IK_solver_MuJoCo/install/drok_arm_description:/opt/ros/humble LD_LIBRARY_PATH=/home/hgui/IK_solver_MuJoCo/install/drok_arm_trajectory/lib:/home/hgui/IK_solver_MuJoCo/install/drok_arm_kinematics/lib:${LD_LIBRARY_PATH} /usr/bin/cmake /home/hgui/IK_solver_MuJoCo/src/drok_arm_mujoco -DAMENT_CMAKE_SYMLINK_INSTALL=1 -DCMAKE_INSTALL_PREFIX=/home/hgui/IK_solver_MuJoCo/install/drok_arm_mujoco
[0.059s] -- The C compiler identification is GNU 11.4.0
[0.099s] -- The CXX compiler identification is GNU 11.4.0
[0.104s] -- Detecting C compiler ABI info
[0.162s] -- Detecting C compiler ABI info - done
[0.167s] -- Check for working C compiler: /usr/bin/cc - skipped
[0.167s] -- Detecting C compile features
[0.167s] -- Detecting C compile features - done
[0.169s] -- Detecting CXX compiler ABI info
[0.238s] -- Detecting CXX compiler ABI info - done
[0.243s] -- Check for working CXX compiler: /usr/bin/c++ - skipped
[0.243s] -- Detecting CXX compile features
[0.243s] -- Detecting CXX compile features - done
[0.245s] -- Found ament_cmake: 1.3.14 (/opt/ros/humble/share/ament_cmake/cmake)
[0.361s] -- Found Python3: /usr/bin/python3 (found version "3.10.12") found components: Interpreter 
[0.403s] -- Override CMake install command with custom implementation using symlinks instead of copying resources
[0.487s] -- Configuring done
[0.488s] -- Generating done
[0.489s] -- Build files have been written to: /home/hgui/IK_solver_MuJoCo/build/drok_arm_mujoco
[0.493s] Invoked command in '/home/hgui/IK_solver_MuJoCo/build/drok_arm_mujoco' returned '0': AMENT_PREFIX_PATH=/home/hgui/IK_solver_MuJoCo/install/drok_arm_control:/home/hgui/IK_solver_MuJoCo/install/drok_arm_trajectory:/home/hgui/IK_solver_MuJoCo/install/drok_arm_kinematics:/home/hgui/IK_solver_MuJoCo/install/drok_arm_description:${AMENT_PREFIX_PATH} CMAKE_PREFIX_PATH=/home/hgui/IK_solver_MuJoCo/install/drok_arm_control:/home/hgui/IK_solver_MuJoCo/install/drok_arm_trajectory:/home/hgui/IK_solver_MuJoCo/install/drok_arm_kinematics:/home/hgui/IK_solver_MuJoCo/install/drok_arm_description:/opt/ros/humble LD_LIBRARY_PATH=/home/hgui/IK_solver_MuJoCo/install/drok_arm_trajectory/lib:/home/hgui/IK_solver_MuJoCo/install/drok_arm_kinematics/lib:${LD_LIBRARY_PATH} /usr/bin/cmake /home/hgui/IK_solver_MuJoCo/src/drok_arm_mujoco -DAMENT_CMAKE_SYMLINK_INSTALL=1 -DCMAKE_INSTALL_PREFIX=/home/hgui/IK_solver_MuJoCo/install/drok_arm_mujoco
[0.495s] Invoking command in '/home/hgui/IK_solver_MuJoCo/build/drok_arm_mujoco': AMENT_PREFIX_PATH=/home/hgui/IK_solver_MuJoCo/install/drok_arm_control:/home/hgui/IK_solver_MuJoCo/install/drok_arm_trajectory:/home/hgui/IK_solver_MuJoCo/install/drok_arm_kinematics:/home/hgui/IK_solver_MuJoCo/install/drok_arm_description:${AMENT_PREFIX_PATH} CMAKE_PREFIX_PATH=/home/hgui/IK_solver_MuJoCo/install/drok_arm_control:/home/hgui/IK_solver_MuJoCo/install/drok_arm_trajectory:/home/hgui/IK_solver_MuJoCo/install/drok_arm_kinematics:/home/hgui/IK_solver_MuJoCo/install/drok_arm_description:/opt/ros/humble LD_LIBRARY_PATH=/home/hgui/IK_solver_MuJoCo/install/drok_arm_trajectory/lib:/home/hgui/IK_solver_MuJoCo/install/drok_arm_kinematics/lib:${LD_LIBRARY_PATH} /usr/bin/cmake --build /home/hgui/IK_solver_MuJoCo/build/drok_arm_mujoco -- -j18 -l18
[0.526s] Invoked command in '/home/hgui/IK_solver_MuJoCo/build/drok_arm_mujoco' returned '0': AMENT_PREFIX_PATH=/home/hgui/IK_solver_MuJoCo/install/drok_arm_control:/home/hgui/IK_solver_MuJoCo/install/drok_arm_trajectory:/home/hgui/IK_solver_MuJoCo/install/drok_arm_kinematics:/home/hgui/IK_solver_MuJoCo/install/drok_arm_description:${AMENT_PREFIX_PATH} CMAKE_PREFIX_PATH=/home/hgui/IK_solver_MuJoCo/install/drok_arm_control:/home/hgui/IK_solver_MuJoCo/install/drok_arm_trajectory:/home/hgui/IK_solver_MuJoCo/install/drok_arm_kinematics:/home/hgui/IK_solver_MuJoCo/install/drok_arm_description:/opt/ros/humble LD_LIBRARY_PATH=/home/hgui/IK_solver_MuJoCo/install/drok_arm_trajectory/lib:/home/hgui/IK_solver_MuJoCo/install/drok_arm_kinematics/lib:${LD_LIBRARY_PATH} /usr/bin/cmake --build /home/hgui/IK_solver_MuJoCo/build/drok_arm_mujoco -- -j18 -l18
[0.534s] Invoking command in '/home/hgui/IK_solver_MuJoCo/build/drok_arm_mujoco': AMENT_PREFIX_PATH=/home/hgui/IK_solver_MuJoCo/install/drok_arm_control:/home/hgui/IK_solver_MuJoCo/install/drok_arm_trajectory:/home/hgui/IK_solver_MuJoCo/install/drok_arm_kinematics:/home/hgui/IK_solver_MuJoCo/install/drok_arm_description:${AMENT_PREFIX_PATH} CMAKE_PREFIX_PATH=/home/hgui/IK_solver_MuJoCo/install/drok_arm_control:/home/hgui/IK_solver_MuJoCo/install/drok_arm_trajectory:/home/hgui/IK_solver_MuJoCo/install/drok_arm_kinematics:/home/hgui/IK_solver_MuJoCo/install/drok_arm_description:/opt/ros/humble LD_LIBRARY_PATH=/home/hgui/IK_solver_MuJoCo/install/drok_arm_trajectory/lib:/home/hgui/IK_solver_MuJoCo/install/drok_arm_kinematics/lib:${LD_LIBRARY_PATH} /usr/bin/cmake --install /home/hgui/IK_solver_MuJoCo/build/drok_arm_mujoco
[0.539s] -- Install configuration: ""
[0.540s] -- Execute custom install script
[0.540s] -- Symlinking: /home/hgui/IK_solver_MuJoCo/install/drok_arm_mujoco/share/drok_arm_mujoco/launch/__pycache__/drok_arm_mujoco.launch.cpython-310.pyc
[0.548s] -- Symlinking: /home/hgui/IK_solver_MuJoCo/install/drok_arm_mujoco/share/drok_arm_mujoco/launch/drok_arm_mujoco.launch.py
[0.555s] -- Symlinking: /home/hgui/IK_solver_MuJoCo/install/drok_arm_mujoco/share/drok_arm_mujoco/config/arm_controller.yaml
[0.563s] -- Symlinking: /home/hgui/IK_solver_MuJoCo/install/drok_arm_mujoco/share/drok_arm_mujoco/config/arm_controller.yaml.before_collision_tolerance_test
[0.570s] -- Symlinking: /home/hgui/IK_solver_MuJoCo/install/drok_arm_mujoco/share/drok_arm_mujoco/config/controllers.yaml
[0.579s] -- Symlinking: /home/hgui/IK_solver_MuJoCo/install/drok_arm_mujoco/share/drok_arm_mujoco/config/mujoco_inputs.xml
[0.586s] -- Symlinking: /home/hgui/IK_solver_MuJoCo/install/drok_arm_mujoco/share/drok_arm_mujoco/config/mujoco_inputs.xml.before_collision_test
[0.594s] -- Symlinking: /home/hgui/IK_solver_MuJoCo/install/drok_arm_mujoco/share/drok_arm_mujoco/config/mujoco_inputs.xml.before_contact_exclude
[0.602s] -- Symlinking: /home/hgui/IK_solver_MuJoCo/install/drok_arm_mujoco/share/drok_arm_mujoco/config/mujoco_inputs.xml.before_contact_fix
[0.609s] -- Symlinking: /home/hgui/IK_solver_MuJoCo/install/drok_arm_mujoco/share/drok_arm_mujoco/config/mujoco_inputs.xml.before_gravity_test
[0.617s] -- Symlinking: /home/hgui/IK_solver_MuJoCo/install/drok_arm_mujoco/share/drok_arm_mujoco/config/mujoco_inputs.xml.before_joint7_gripper
[0.625s] -- Symlinking: /home/hgui/IK_solver_MuJoCo/install/drok_arm_mujoco/share/drok_arm_mujoco/config/mujoco_inputs.xml.before_kp_tuning
[0.630s] -- Symlinking: /home/hgui/IK_solver_MuJoCo/install/drok_arm_mujoco/share/drok_arm_mujoco/model/scene.xml
[0.636s] -- Symlinking: /home/hgui/IK_solver_MuJoCo/install/drok_arm_mujoco/share/drok_arm_mujoco/urdf/drok_arm_mujoco.urdf
[0.643s] -- Symlinking: /home/hgui/IK_solver_MuJoCo/install/drok_arm_mujoco/share/drok_arm_mujoco/urdf/drok_arm_mujoco.urdf.before_base_link1_collision_test
[0.649s] -- Symlinking: /home/hgui/IK_solver_MuJoCo/install/drok_arm_mujoco/share/drok_arm_mujoco/urdf/drok_arm_mujoco.urdf.before_initial_pose_fix
[0.654s] -- Symlinking: /home/hgui/IK_solver_MuJoCo/install/drok_arm_mujoco/share/drok_arm_mujoco/urdf/drok_arm_mujoco.urdf.before_joint7_gripper
[0.660s] -- Symlinking: /home/hgui/IK_solver_MuJoCo/install/drok_arm_mujoco/share/ament_index/resource_index/package_run_dependencies/drok_arm_mujoco
[0.666s] -- Symlinking: /home/hgui/IK_solver_MuJoCo/install/drok_arm_mujoco/share/ament_index/resource_index/parent_prefix_path/drok_arm_mujoco
[0.673s] -- Symlinking: /home/hgui/IK_solver_MuJoCo/install/drok_arm_mujoco/share/drok_arm_mujoco/environment/ament_prefix_path.sh
[0.679s] -- Symlinking: /home/hgui/IK_solver_MuJoCo/install/drok_arm_mujoco/share/drok_arm_mujoco/environment/ament_prefix_path.dsv
[0.684s] -- Symlinking: /home/hgui/IK_solver_MuJoCo/install/drok_arm_mujoco/share/drok_arm_mujoco/environment/path.sh
[0.690s] -- Symlinking: /home/hgui/IK_solver_MuJoCo/install/drok_arm_mujoco/share/drok_arm_mujoco/environment/path.dsv
[0.696s] -- Symlinking: /home/hgui/IK_solver_MuJoCo/install/drok_arm_mujoco/share/drok_arm_mujoco/local_setup.bash
[0.703s] -- Symlinking: /home/hgui/IK_solver_MuJoCo/install/drok_arm_mujoco/share/drok_arm_mujoco/local_setup.sh
[0.709s] -- Symlinking: /home/hgui/IK_solver_MuJoCo/install/drok_arm_mujoco/share/drok_arm_mujoco/local_setup.zsh
[0.715s] -- Symlinking: /home/hgui/IK_solver_MuJoCo/install/drok_arm_mujoco/share/drok_arm_mujoco/local_setup.dsv
[0.721s] -- Symlinking: /home/hgui/IK_solver_MuJoCo/install/drok_arm_mujoco/share/drok_arm_mujoco/package.dsv
[0.726s] -- Symlinking: /home/hgui/IK_solver_MuJoCo/install/drok_arm_mujoco/share/ament_index/resource_index/packages/drok_arm_mujoco
[0.732s] -- Symlinking: /home/hgui/IK_solver_MuJoCo/install/drok_arm_mujoco/share/drok_arm_mujoco/cmake/drok_arm_mujocoConfig.cmake
[0.738s] -- Symlinking: /home/hgui/IK_solver_MuJoCo/install/drok_arm_mujoco/share/drok_arm_mujoco/cmake/drok_arm_mujocoConfig-version.cmake
[0.745s] -- Symlinking: /home/hgui/IK_solver_MuJoCo/install/drok_arm_mujoco/share/drok_arm_mujoco/package.xml
[0.751s] Invoked command in '/home/hgui/IK_solver_MuJoCo/build/drok_arm_mujoco' returned '0': AMENT_PREFIX_PATH=/home/hgui/IK_solver_MuJoCo/install/drok_arm_control:/home/hgui/IK_solver_MuJoCo/install/drok_arm_trajectory:/home/hgui/IK_solver_MuJoCo/install/drok_arm_kinematics:/home/hgui/IK_solver_MuJoCo/install/drok_arm_description:${AMENT_PREFIX_PATH} CMAKE_PREFIX_PATH=/home/hgui/IK_solver_MuJoCo/install/drok_arm_control:/home/hgui/IK_solver_MuJoCo/install/drok_arm_trajectory:/home/hgui/IK_solver_MuJoCo/install/drok_arm_kinematics:/home/hgui/IK_solver_MuJoCo/install/drok_arm_description:/opt/ros/humble LD_LIBRARY_PATH=/home/hgui/IK_solver_MuJoCo/install/drok_arm_trajectory/lib:/home/hgui/IK_solver_MuJoCo/install/drok_arm_kinematics/lib:${LD_LIBRARY_PATH} /usr/bin/cmake --install /home/hgui/IK_solver_MuJoCo/build/drok_arm_mujoco
