[0.009s] Invoking command in '/home/hgui/IK_solver_MuJoCo/build/drok_arm_mujoco': AMENT_PREFIX_PATH=/home/hgui/IK_solver_MuJoCo/install/drok_arm_control:/home/hgui/IK_solver_MuJoCo/install/drok_arm_trajectory:/home/hgui/IK_solver_MuJoCo/install/drok_arm_kinematics:/home/hgui/IK_solver_MuJoCo/install/drok_arm_description:${AMENT_PREFIX_PATH} CMAKE_PREFIX_PATH=/home/hgui/IK_solver_MuJoCo/install/drok_arm_control:/home/hgui/IK_solver_MuJoCo/install/drok_arm_trajectory:/home/hgui/IK_solver_MuJoCo/install/drok_arm_kinematics:/home/hgui/IK_solver_MuJoCo/install/drok_arm_description:/opt/ros/humble LD_LIBRARY_PATH=/home/hgui/IK_solver_MuJoCo/install/drok_arm_trajectory/lib:/home/hgui/IK_solver_MuJoCo/install/drok_arm_kinematics/lib:${LD_LIBRARY_PATH} /usr/bin/cmake /home/hgui/IK_solver_MuJoCo/src/drok_arm_mujoco -DAMENT_CMAKE_SYMLINK_INSTALL=1 -DCMAKE_INSTALL_PREFIX=/home/hgui/IK_solver_MuJoCo/install/drok_arm_mujoco
[0.052s] -- The C compiler identification is GNU 11.4.0
[0.088s] -- The CXX compiler identification is GNU 11.4.0
[0.093s] -- Detecting C compiler ABI info
[0.143s] -- Detecting C compiler ABI info - done
[0.148s] -- Check for working C compiler: /usr/bin/cc - skipped
[0.148s] -- Detecting C compile features
[0.148s] -- Detecting C compile features - done
[0.150s] -- Detecting CXX compiler ABI info
[0.206s] -- Detecting CXX compiler ABI info - done
[0.212s] -- Check for working CXX compiler: /usr/bin/c++ - skipped
[0.212s] -- Detecting CXX compile features
[0.212s] -- Detecting CXX compile features - done
[0.214s] -- Found ament_cmake: 1.3.14 (/opt/ros/humble/share/ament_cmake/cmake)
[0.315s] -- Found Python3: /usr/bin/python3 (found version "3.10.12") found components: Interpreter 
[0.359s] -- Override CMake install command with custom implementation using symlinks instead of copying resources
[0.438s] -- Configuring done
[0.439s] -- Generating done
[0.440s] -- Build files have been written to: /home/hgui/IK_solver_MuJoCo/build/drok_arm_mujoco
[0.445s] Invoked command in '/home/hgui/IK_solver_MuJoCo/build/drok_arm_mujoco' returned '0': AMENT_PREFIX_PATH=/home/hgui/IK_solver_MuJoCo/install/drok_arm_control:/home/hgui/IK_solver_MuJoCo/install/drok_arm_trajectory:/home/hgui/IK_solver_MuJoCo/install/drok_arm_kinematics:/home/hgui/IK_solver_MuJoCo/install/drok_arm_description:${AMENT_PREFIX_PATH} CMAKE_PREFIX_PATH=/home/hgui/IK_solver_MuJoCo/install/drok_arm_control:/home/hgui/IK_solver_MuJoCo/install/drok_arm_trajectory:/home/hgui/IK_solver_MuJoCo/install/drok_arm_kinematics:/home/hgui/IK_solver_MuJoCo/install/drok_arm_description:/opt/ros/humble LD_LIBRARY_PATH=/home/hgui/IK_solver_MuJoCo/install/drok_arm_trajectory/lib:/home/hgui/IK_solver_MuJoCo/install/drok_arm_kinematics/lib:${LD_LIBRARY_PATH} /usr/bin/cmake /home/hgui/IK_solver_MuJoCo/src/drok_arm_mujoco -DAMENT_CMAKE_SYMLINK_INSTALL=1 -DCMAKE_INSTALL_PREFIX=/home/hgui/IK_solver_MuJoCo/install/drok_arm_mujoco
[0.445s] Invoking command in '/home/hgui/IK_solver_MuJoCo/build/drok_arm_mujoco': AMENT_PREFIX_PATH=/home/hgui/IK_solver_MuJoCo/install/drok_arm_control:/home/hgui/IK_solver_MuJoCo/install/drok_arm_trajectory:/home/hgui/IK_solver_MuJoCo/install/drok_arm_kinematics:/home/hgui/IK_solver_MuJoCo/install/drok_arm_description:${AMENT_PREFIX_PATH} CMAKE_PREFIX_PATH=/home/hgui/IK_solver_MuJoCo/install/drok_arm_control:/home/hgui/IK_solver_MuJoCo/install/drok_arm_trajectory:/home/hgui/IK_solver_MuJoCo/install/drok_arm_kinematics:/home/hgui/IK_solver_MuJoCo/install/drok_arm_description:/opt/ros/humble LD_LIBRARY_PATH=/home/hgui/IK_solver_MuJoCo/install/drok_arm_trajectory/lib:/home/hgui/IK_solver_MuJoCo/install/drok_arm_kinematics/lib:${LD_LIBRARY_PATH} /usr/bin/cmake --build /home/hgui/IK_solver_MuJoCo/build/drok_arm_mujoco -- -j18 -l18
[0.475s] Invoked command in '/home/hgui/IK_solver_MuJoCo/build/drok_arm_mujoco' returned '0': AMENT_PREFIX_PATH=/home/hgui/IK_solver_MuJoCo/install/drok_arm_control:/home/hgui/IK_solver_MuJoCo/install/drok_arm_trajectory:/home/hgui/IK_solver_MuJoCo/install/drok_arm_kinematics:/home/hgui/IK_solver_MuJoCo/install/drok_arm_description:${AMENT_PREFIX_PATH} CMAKE_PREFIX_PATH=/home/hgui/IK_solver_MuJoCo/install/drok_arm_control:/home/hgui/IK_solver_MuJoCo/install/drok_arm_trajectory:/home/hgui/IK_solver_MuJoCo/install/drok_arm_kinematics:/home/hgui/IK_solver_MuJoCo/install/drok_arm_description:/opt/ros/humble LD_LIBRARY_PATH=/home/hgui/IK_solver_MuJoCo/install/drok_arm_trajectory/lib:/home/hgui/IK_solver_MuJoCo/install/drok_arm_kinematics/lib:${LD_LIBRARY_PATH} /usr/bin/cmake --build /home/hgui/IK_solver_MuJoCo/build/drok_arm_mujoco -- -j18 -l18
[0.484s] Invoking command in '/home/hgui/IK_solver_MuJoCo/build/drok_arm_mujoco': AMENT_PREFIX_PATH=/home/hgui/IK_solver_MuJoCo/install/drok_arm_control:/home/hgui/IK_solver_MuJoCo/install/drok_arm_trajectory:/home/hgui/IK_solver_MuJoCo/install/drok_arm_kinematics:/home/hgui/IK_solver_MuJoCo/install/drok_arm_description:${AMENT_PREFIX_PATH} CMAKE_PREFIX_PATH=/home/hgui/IK_solver_MuJoCo/install/drok_arm_control:/home/hgui/IK_solver_MuJoCo/install/drok_arm_trajectory:/home/hgui/IK_solver_MuJoCo/install/drok_arm_kinematics:/home/hgui/IK_solver_MuJoCo/install/drok_arm_description:/opt/ros/humble LD_LIBRARY_PATH=/home/hgui/IK_solver_MuJoCo/install/drok_arm_trajectory/lib:/home/hgui/IK_solver_MuJoCo/install/drok_arm_kinematics/lib:${LD_LIBRARY_PATH} /usr/bin/cmake --install /home/hgui/IK_solver_MuJoCo/build/drok_arm_mujoco
[0.491s] -- Install configuration: ""
[0.491s] -- Execute custom install script
[0.491s] -- Symlinking: /home/hgui/IK_solver_MuJoCo/install/drok_arm_mujoco/share/drok_arm_mujoco/launch/__pycache__/drok_arm_mujoco.launch.cpython-310.pyc
[0.499s] -- Symlinking: /home/hgui/IK_solver_MuJoCo/install/drok_arm_mujoco/share/drok_arm_mujoco/launch/drok_arm_mujoco.launch.py
[0.506s] -- Symlinking: /home/hgui/IK_solver_MuJoCo/install/drok_arm_mujoco/share/drok_arm_mujoco/config/arm_controller.yaml
[0.514s] -- Symlinking: /home/hgui/IK_solver_MuJoCo/install/drok_arm_mujoco/share/drok_arm_mujoco/config/arm_controller.yaml.before_collision_tolerance_test
[0.521s] -- Symlinking: /home/hgui/IK_solver_MuJoCo/install/drok_arm_mujoco/share/drok_arm_mujoco/config/controllers.yaml
[0.526s] -- Symlinking: /home/hgui/IK_solver_MuJoCo/install/drok_arm_mujoco/share/drok_arm_mujoco/config/mujoco_inputs.xml
[0.533s] -- Symlinking: /home/hgui/IK_solver_MuJoCo/install/drok_arm_mujoco/share/drok_arm_mujoco/config/mujoco_inputs.xml.before_collision_test
[0.539s] -- Symlinking: /home/hgui/IK_solver_MuJoCo/install/drok_arm_mujoco/share/drok_arm_mujoco/config/mujoco_inputs.xml.before_contact_exclude
[0.546s] -- Symlinking: /home/hgui/IK_solver_MuJoCo/install/drok_arm_mujoco/share/drok_arm_mujoco/config/mujoco_inputs.xml.before_contact_fix
[0.552s] -- Symlinking: /home/hgui/IK_solver_MuJoCo/install/drok_arm_mujoco/share/drok_arm_mujoco/config/mujoco_inputs.xml.before_gravity_test
[0.559s] -- Symlinking: /home/hgui/IK_solver_MuJoCo/install/drok_arm_mujoco/share/drok_arm_mujoco/config/mujoco_inputs.xml.before_joint7_gripper
[0.565s] -- Symlinking: /home/hgui/IK_solver_MuJoCo/install/drok_arm_mujoco/share/drok_arm_mujoco/config/mujoco_inputs.xml.before_kp_tuning
[0.571s] -- Symlinking: /home/hgui/IK_solver_MuJoCo/install/drok_arm_mujoco/share/drok_arm_mujoco/model/scene.xml
[0.579s] -- Symlinking: /home/hgui/IK_solver_MuJoCo/install/drok_arm_mujoco/share/drok_arm_mujoco/urdf/drok_arm_mujoco.urdf
[0.583s] -- Symlinking: /home/hgui/IK_solver_MuJoCo/install/drok_arm_mujoco/share/drok_arm_mujoco/urdf/drok_arm_mujoco.urdf.before_base_link1_collision_test
[0.588s] -- Symlinking: /home/hgui/IK_solver_MuJoCo/install/drok_arm_mujoco/share/drok_arm_mujoco/urdf/drok_arm_mujoco.urdf.before_initial_pose_fix
[0.594s] -- Symlinking: /home/hgui/IK_solver_MuJoCo/install/drok_arm_mujoco/share/drok_arm_mujoco/urdf/drok_arm_mujoco.urdf.before_joint7_gripper
[0.599s] -- Symlinking: /home/hgui/IK_solver_MuJoCo/install/drok_arm_mujoco/share/drok_arm_mujoco/urdf/drok_arm_mujoco.urdf.before_permanent_gripper_fixed
[0.604s] -- Symlinking: /home/hgui/IK_solver_MuJoCo/install/drok_arm_mujoco/share/ament_index/resource_index/package_run_dependencies/drok_arm_mujoco
[0.611s] -- Symlinking: /home/hgui/IK_solver_MuJoCo/install/drok_arm_mujoco/share/ament_index/resource_index/parent_prefix_path/drok_arm_mujoco
[0.615s] -- Symlinking: /home/hgui/IK_solver_MuJoCo/install/drok_arm_mujoco/share/drok_arm_mujoco/environment/ament_prefix_path.sh
[0.620s] -- Symlinking: /home/hgui/IK_solver_MuJoCo/install/drok_arm_mujoco/share/drok_arm_mujoco/environment/ament_prefix_path.dsv
[0.627s] -- Symlinking: /home/hgui/IK_solver_MuJoCo/install/drok_arm_mujoco/share/drok_arm_mujoco/environment/path.sh
[0.632s] -- Symlinking: /home/hgui/IK_solver_MuJoCo/install/drok_arm_mujoco/share/drok_arm_mujoco/environment/path.dsv
[0.637s] -- Symlinking: /home/hgui/IK_solver_MuJoCo/install/drok_arm_mujoco/share/drok_arm_mujoco/local_setup.bash
[0.642s] -- Symlinking: /home/hgui/IK_solver_MuJoCo/install/drok_arm_mujoco/share/drok_arm_mujoco/local_setup.sh
[0.648s] -- Symlinking: /home/hgui/IK_solver_MuJoCo/install/drok_arm_mujoco/share/drok_arm_mujoco/local_setup.zsh
[0.653s] -- Symlinking: /home/hgui/IK_solver_MuJoCo/install/drok_arm_mujoco/share/drok_arm_mujoco/local_setup.dsv
[0.659s] -- Symlinking: /home/hgui/IK_solver_MuJoCo/install/drok_arm_mujoco/share/drok_arm_mujoco/package.dsv
[0.664s] -- Symlinking: /home/hgui/IK_solver_MuJoCo/install/drok_arm_mujoco/share/ament_index/resource_index/packages/drok_arm_mujoco
[0.669s] -- Symlinking: /home/hgui/IK_solver_MuJoCo/install/drok_arm_mujoco/share/drok_arm_mujoco/cmake/drok_arm_mujocoConfig.cmake
[0.675s] -- Symlinking: /home/hgui/IK_solver_MuJoCo/install/drok_arm_mujoco/share/drok_arm_mujoco/cmake/drok_arm_mujocoConfig-version.cmake
[0.680s] -- Symlinking: /home/hgui/IK_solver_MuJoCo/install/drok_arm_mujoco/share/drok_arm_mujoco/package.xml
[0.686s] Invoked command in '/home/hgui/IK_solver_MuJoCo/build/drok_arm_mujoco' returned '0': AMENT_PREFIX_PATH=/home/hgui/IK_solver_MuJoCo/install/drok_arm_control:/home/hgui/IK_solver_MuJoCo/install/drok_arm_trajectory:/home/hgui/IK_solver_MuJoCo/install/drok_arm_kinematics:/home/hgui/IK_solver_MuJoCo/install/drok_arm_description:${AMENT_PREFIX_PATH} CMAKE_PREFIX_PATH=/home/hgui/IK_solver_MuJoCo/install/drok_arm_control:/home/hgui/IK_solver_MuJoCo/install/drok_arm_trajectory:/home/hgui/IK_solver_MuJoCo/install/drok_arm_kinematics:/home/hgui/IK_solver_MuJoCo/install/drok_arm_description:/opt/ros/humble LD_LIBRARY_PATH=/home/hgui/IK_solver_MuJoCo/install/drok_arm_trajectory/lib:/home/hgui/IK_solver_MuJoCo/install/drok_arm_kinematics/lib:${LD_LIBRARY_PATH} /usr/bin/cmake --install /home/hgui/IK_solver_MuJoCo/build/drok_arm_mujoco
