$ /usr/bin/python3 /home/hgui/IK_solver_MuJoCo/src/drok_arm_control/scripts/generate_cylinder_place_retreat_target.py --hybrid-path /home/hgui/IK_solver_MuJoCo/generated_random_known_pose_moves/seed_2_box_1_x0p522965_y0p251652_z0p272000_to_box_2/candidate_trials/candidate_24/hybrid_path.yaml --candidate-file /home/hgui/IK_solver_MuJoCo/generated_random_known_pose_moves/seed_2_box_1_x0p522965_y0p251652_z0p272000_to_box_2/all_grasp_candidates.yaml --geometry /home/hgui/IK_solver_MuJoCo/src/drok_arm_kinematics/config/robot_geometry.yaml --output /home/hgui/IK_solver_MuJoCo/generated_random_known_pose_moves/seed_2_box_1_x0p522965_y0p251652_z0p272000_to_box_2/candidate_trials/candidate_24/retreat_target.yaml

========================================
 DROK Upright 5-DoF IK Solver
========================================
IK mode: upright
----------------------------------------
Target position [m]
x = 0.450000000
y = -0.180000000
z = 0.282000000
----------------------------------------
Constraint
TCP local +Z = world +Z
TCP yaw      = free
----------------------------------------
Initial joint positions [rad]
q1 = -0.763441284
q2 = 1.627190027
q3 = 0.913240405
q4 = 0.424822769
q5 = -1.126797318
q6 = 0.392351225
----------------------------------------
IK result joint positions [rad]
q1 = -0.763441284
q2 = 1.627190027
q3 = 0.913240405
q4 = 0.424822769
q5 = -1.126797318
q6 = 0.392351225
----------------------------------------
Solved TCP local +Z in world
-0.000015436 -0.000009845  1.000000000
Solved TCP yaw    : 0.202828685 rad
----------------------------------------
Success           : true
Iterations        : 0
Position error    : 0.000016266 m
Upright error     : 0.000018309 rad
Orientation error : 0.000018309 rad
Minimum margin    : 0.394952682 rad
Message           : Upright IK converged.
----------------------------------------
Machine-readable joint result
JOINT_RESULT=-0.763441284,1.627190027,0.913240405,0.424822769,-1.126797318,0.392351225
========================================

========================================================================================
NEW HEIGHT PLACE RETREAT TARGET
========================================================================================
Candidate index : 24
Final yaw       : +11.621228 deg
Place grasp TCP : +0.450000000, -0.180000000, +0.282000000
Retreat TCP     : +0.371639945, -0.196115267, +0.282000000
Retreat vector  : -0.979500685, -0.201440832, +0.000000000
Saved:
/home/hgui/IK_solver_MuJoCo/generated_random_known_pose_moves/seed_2_box_1_x0p522965_y0p251652_z0p272000_to_box_2/candidate_trials/candidate_24/retreat_target.yaml
