$ /usr/bin/python3 /home/hgui/IK_solver_MuJoCo/src/drok_arm_control/scripts/time_parameterize_cylinder_path.py --path /home/hgui/IK_solver_MuJoCo/generated_random_known_pose_moves/seed_2_box_1_x0p522965_y0p251652_z0p272000_to_box_2/candidate_trials/candidate_24/full_cartesian_path.yaml --timing-config /home/hgui/IK_solver_MuJoCo/src/drok_arm_control/config/cylinder_trajectory_timing.yaml --urdf /home/hgui/IK_solver_MuJoCo/src/drok_arm_mujoco/urdf/drok_arm_mujoco.urdf --controllers /home/hgui/IK_solver_MuJoCo/src/drok_arm_mujoco/config/controllers.yaml --output /home/hgui/IK_solver_MuJoCo/generated_random_known_pose_moves/seed_2_box_1_x0p522965_y0p251652_z0p272000_to_box_2/candidate_trials/candidate_24/timed_joint_path.yaml

================================================================================================
CYLINDER PATH TIME PARAMETERIZATION
================================================================================================
Controller rate : 100.000 Hz

Derived limits
  JOINT1: v=0.420000 rad/s, a=0.840000 rad/s^2, j=4.200000 rad/s^3
  JOINT2: v=0.420000 rad/s, a=0.840000 rad/s^2, j=4.200000 rad/s^3
  JOINT3: v=0.420000 rad/s, a=0.840000 rad/s^2, j=4.200000 rad/s^3
  JOINT4: v=0.420000 rad/s, a=0.840000 rad/s^2, j=4.200000 rad/s^3
  JOINT5: v=0.420000 rad/s, a=0.840000 rad/s^2, j=4.200000 rad/s^3
  JOINT6: v=0.350000 rad/s, a=0.700000 rad/s^2, j=3.500000 rad/s^3

[MOTION_BLOCK_1_PICK_APPROACH] index=0->27
  waypoints       : 28
  duration        : 1.410000 s
  samples         : 142
  velocity ratio  : 0.538418
  accel ratio     : 0.621712
  jerk ratio      : 0.942134
  limit margin    : 18.846136 deg

[MOTION_BLOCK_2_PICK_LIFT] index=27->44
  waypoints       : 18
  duration        : 1.400000 s
  samples         : 141
  velocity ratio  : 0.577143
  accel ratio     : 0.634669
  jerk ratio      : 0.941584
  limit margin    : 26.503659 deg

[MOTION_BLOCK_3_TRANSFER] index=44->190
  waypoints       : 147
  duration        : 4.340000 s
  samples         : 435
  velocity ratio  : 0.978505
  accel ratio     : 0.398636
  jerk ratio      : 0.161748
  limit margin    : 25.070330 deg

[MOTION_BLOCK_4_PLACE_DESCEND] index=190->207
  waypoints       : 18
  duration        : 1.390000 s
  samples         : 140
  velocity ratio  : 0.554305
  accel ratio     : 0.616510
  jerk ratio      : 0.923791
  limit margin    : 22.629122 deg

[MOTION_BLOCK_5_PLACE_RETREAT] index=207->234
  waypoints       : 28
  duration        : 1.560000 s
  samples         : 157
  velocity ratio  : 0.666483
  accel ratio     : 0.683940
  jerk ratio      : 0.928493
  limit margin    : 13.160653 deg

================================================================================================
OVERALL RESULT: PASS
================================================================================================
Motion blocks       : 5
Arm motion duration : 10.100000 s
Gripper dwell       : not included
Saved:
/home/hgui/IK_solver_MuJoCo/generated_random_known_pose_moves/seed_2_box_1_x0p522965_y0p251652_z0p272000_to_box_2/candidate_trials/candidate_24/timed_joint_path.yaml
