====================================================================================================
DROK ARM INCREMENTAL NEAREST-IK DRY RUN
====================================================================================================
Transfer segments : 18
Transfer interval : 20.0 mm
Cable limits      : 사용 안 함
Branch switch     : 사용 안 함
Neutral waypoint  : 사용 안 함
Orientation search: 사용 안 함
Mechanical limits : URDF만 사용
Robot execution   : 비활성화

START Q:
  [  -0.00°,  +17.05°,  +17.01°,   -0.00°,   +0.00°,   -0.00°]

[01/23] PICK_ABOVE
  xyz: [+0.4500, +0.1800, +0.3600]
  candidates: 29
  selected: [ +24.11°,  +78.39°,  +60.61°,  -46.45°,   +7.30°,   -0.00°]
  delta   : [ +24.12°,  +61.34°,  +43.61°,  -46.44°,   +7.30°,   +0.00°]
  max Δ   : 61.341°
  sum |Δ| : 182.816°

[02/23] PICK_DOWN
  xyz: [+0.4500, +0.1800, +0.2720]
  candidates: 29
  selected: [ +22.40°,  +81.82°,  +55.97°,  -46.67°,   +1.83°,   -0.00°]
  delta   : [  -1.71°,   +3.43°,   -4.64°,   -0.22°,   -5.47°,   +0.00°]
  max Δ   : 5.472°
  sum |Δ| : 15.473°

[03/23] PICK_RETREAT
  xyz: [+0.4500, +0.1800, +0.3600]
  candidates: 29
  selected: [ +24.11°,  +78.39°,  +60.61°,  -46.46°,   +7.31°,   -0.00°]
  delta   : [  +1.71°,   -3.43°,   +4.64°,   +0.21°,   +5.47°,   +0.00°]
  max Δ   : 5.475°
  sum |Δ| : 15.466°

[04/23] TRANSFER_01
  xyz: [+0.4500, +0.1600, +0.3600]
  candidates: 29
  selected: [ +22.13°,  +77.16°,  +59.36°,  -46.43°,   +7.96°,   -0.00°]
  delta   : [  -1.99°,   -1.23°,   -1.25°,   +0.03°,   +0.66°,   +0.00°]
  max Δ   : 1.986°
  sum |Δ| : 5.158°

[05/23] TRANSFER_02
  xyz: [+0.4500, +0.1400, +0.3600]
  candidates: 30
  selected: [ +20.09°,  +76.05°,  +58.22°,  -46.39°,   +8.64°,   -0.00°]
  delta   : [  -2.04°,   -1.11°,   -1.14°,   +0.03°,   +0.67°,   +0.00°]
  max Δ   : 2.041°
  sum |Δ| : 4.994°

[06/23] TRANSFER_03
  xyz: [+0.4500, +0.1200, +0.3600]
  candidates: 30
  selected: [ +18.00°,  +75.07°,  +57.20°,  -46.36°,   +9.32°,   -0.00°]
  delta   : [  -2.09°,   -0.98°,   -1.02°,   +0.03°,   +0.69°,   +0.00°]
  max Δ   : 2.093°
  sum |Δ| : 4.813°

[07/23] TRANSFER_04
  xyz: [+0.4500, +0.1000, +0.3600]
  candidates: 30
  selected: [ +15.85°,  +74.23°,  +56.30°,  -46.32°,  +10.02°,   -0.00°]
  delta   : [  -2.14°,   -0.84°,   -0.90°,   +0.03°,   +0.70°,   +0.00°]
  max Δ   : 2.142°
  sum |Δ| : 4.613°

[08/23] TRANSFER_05
  xyz: [+0.4500, +0.0800, +0.3600]
  candidates: 30
  selected: [ +13.67°,  +73.54°,  +55.52°,  -46.29°,  +10.72°,   -0.00°]
  delta   : [  -2.19°,   -0.69°,   -0.78°,   +0.04°,   +0.70°,   +0.00°]
  max Δ   : 2.187°
  sum |Δ| : 4.394°

[09/23] TRANSFER_06
  xyz: [+0.4500, +0.0600, +0.3600]
  candidates: 30
  selected: [ +11.44°,  +72.99°,  +54.87°,  -46.26°,  +11.42°,   -0.00°]
  delta   : [  -2.23°,   -0.54°,   -0.65°,   +0.03°,   +0.70°,   +0.00°]
  max Δ   : 2.228°
  sum |Δ| : 4.155°

[10/23] TRANSFER_07
  xyz: [+0.4500, +0.0400, +0.3600]
  candidates: 30
  selected: [  +9.19°,  +72.61°,  +54.39°,  -45.87°,  +12.07°,   -0.00°]
  delta   : [  -2.25°,   -0.38°,   -0.48°,   +0.39°,   +0.65°,   +0.00°]
  max Δ   : 2.253°
  sum |Δ| : 4.155°

[11/23] TRANSFER_08
  xyz: [+0.4500, +0.0200, +0.3600]
  candidates: 30
  selected: [  +6.95°,  +72.38°,  +54.01°,  -45.47°,  +12.83°,   -0.00°]
  delta   : [  -2.24°,   -0.22°,   -0.38°,   +0.40°,   +0.76°,   +0.00°]
  max Δ   : 2.238°
  sum |Δ| : 4.003°

[12/23] TRANSFER_09
  xyz: [+0.4500, +0.0000, +0.3600]
  candidates: 30
  selected: [  +4.74°,  +72.32°,  +53.74°,  -45.05°,  +13.71°,   -0.00°]
  delta   : [  -2.21°,   -0.06°,   -0.28°,   +0.42°,   +0.88°,   +0.00°]
  max Δ   : 2.212°
  sum |Δ| : 3.842°

[13/23] TRANSFER_10
  xyz: [+0.4500, -0.0200, +0.3600]
  candidates: 30
  selected: [  +2.56°,  +72.43°,  +53.56°,  -44.62°,  +14.71°,   -0.00°]
  delta   : [  -2.18°,   +0.11°,   -0.17°,   +0.43°,   +1.00°,   +0.00°]
  max Δ   : 2.175°
  sum |Δ| : 3.888°

[14/23] TRANSFER_11
  xyz: [+0.4500, -0.0400, +0.3600]
  candidates: 30
  selected: [  +0.43°,  +72.71°,  +53.50°,  -44.18°,  +15.84°,   -0.00°]
  delta   : [  -2.13°,   +0.28°,   -0.07°,   +0.45°,   +1.13°,   +0.00°]
  max Δ   : 2.128°
  sum |Δ| : 4.050°

[15/23] TRANSFER_12
  xyz: [+0.4500, -0.0600, +0.3600]
  candidates: 30
  selected: [  -1.64°,  +73.16°,  +53.53°,  -43.71°,  +17.10°,   -0.00°]
  delta   : [  -2.07°,   +0.45°,   +0.04°,   +0.46°,   +1.26°,   +0.00°]
  max Δ   : 2.072°
  sum |Δ| : 4.285°

[16/23] TRANSFER_13
  xyz: [+0.4500, -0.0800, +0.3600]
  candidates: 30
  selected: [  -3.65°,  +73.78°,  +53.68°,  -43.24°,  +18.50°,   -0.00°]
  delta   : [  -2.01°,   +0.62°,   +0.15°,   +0.48°,   +1.40°,   +0.00°]
  max Δ   : 2.008°
  sum |Δ| : 4.653°

[17/23] TRANSFER_14
  xyz: [+0.4500, -0.1000, +0.3600]
  candidates: 30
  selected: [  -5.58°,  +74.58°,  +53.94°,  -42.74°,  +20.05°,   -0.00°]
  delta   : [  -1.94°,   +0.80°,   +0.26°,   +0.49°,   +1.55°,   +0.00°]
  max Δ   : 1.936°
  sum |Δ| : 5.029°

[18/23] TRANSFER_15
  xyz: [+0.4500, -0.1200, +0.3600]
  candidates: 30
  selected: [  -7.44°,  +75.54°,  +54.31°,  -42.24°,  +21.75°,   -0.00°]
  delta   : [  -1.86°,   +0.97°,   +0.37°,   +0.50°,   +1.70°,   +0.00°]
  max Δ   : 1.858°
  sum |Δ| : 5.400°

[19/23] TRANSFER_16
  xyz: [+0.4500, -0.1400, +0.3600]
  candidates: 30
  selected: [  -9.22°,  +76.68°,  +54.80°,  -41.72°,  +23.61°,   -0.00°]
  delta   : [  -1.77°,   +1.14°,   +0.49°,   +0.52°,   +1.86°,   +0.00°]
  max Δ   : 1.857°
  sum |Δ| : 5.775°

[20/23] TRANSFER_17
  xyz: [+0.4500, -0.1600, +0.3600]
  candidates: 30
  selected: [ -10.90°,  +78.00°,  +55.40°,  -41.20°,  +25.63°,   -0.00°]
  delta   : [  -1.69°,   +1.31°,   +0.61°,   +0.53°,   +2.02°,   +0.00°]
  max Δ   : 2.022°
  sum |Δ| : 6.157°

[21/23] PLACE_ABOVE
  xyz: [+0.4500, -0.1800, +0.3600]
  candidates: 30
  selected: [ -13.02°,  +79.30°,  +56.35°,  -41.09°,  +26.35°,   -0.00°]
  delta   : [  -2.12°,   +1.31°,   +0.94°,   +0.10°,   +0.72°,   +0.00°]
  max Δ   : 2.117°
  sum |Δ| : 5.193°

[22/23] PLACE_DOWN
  xyz: [+0.4500, -0.1800, +0.2740]
  candidates: 30
  selected: [ -13.87°,  +82.16°,  +51.17°,  -38.10°,  +22.59°,   -0.00°]
  delta   : [  -0.85°,   +2.86°,   -5.18°,   +2.99°,   -3.76°,   +0.00°]
  max Δ   : 5.179°
  sum |Δ| : 15.641°

[23/23] PLACE_RETREAT
  xyz: [+0.4500, -0.1800, +0.3600]
  candidates: 30
  selected: [ -12.91°,  +79.34°,  +56.30°,  -41.01°,  +26.67°,   -0.00°]
  delta   : [  +0.96°,   -2.82°,   +5.13°,   -2.91°,   +4.08°,   +0.00°]
  max Δ   : 5.131°
  sum |Δ| : 15.898°

====================================================================================================
FINAL SUMMARY
====================================================================================================
Largest overall step: 61.341° at PICK_ABOVE
Largest transfer step: 2.253° at TRANSFER_07

Plan saved:
/home/hgui/IK_solver_MuJoCo/baseline_incremental_nearest_ik_plan.yaml

RESULT: PASS — 직전 IK 해를 따라 PICK에서 PLACE까지 연속 연결됐습니다.
