====================================================================================================
DROK ARM INCREMENTAL NEAREST-IK DRY RUN
====================================================================================================
Transfer segments : 18
Transfer interval : 20.0 mm
Cable limits      : 사용 안 함
Branch switch     : 사용 안 함
Neutral waypoint  : 사용 안 함
Orientation search: 사용 안 함
Mechanical limits : URDF만 사용
Robot execution   : 비활성화

START Q:
  [  -0.00°,  +17.05°,  +17.01°,   -0.00°,   +0.00°,   -0.00°]

[01/23] PICK_ABOVE
  xyz: [+0.4500, +0.1800, +0.3600]
  candidates: 1
  selected: [ +38.14°,  +83.23°,  +56.61°,  -29.71°,  +45.33°,  -63.06°]
  delta   : [ +38.15°,  +66.19°,  +39.60°,  -29.71°,  +45.33°,  -63.06°]
  max Δ   : 66.186°
  sum |Δ| : 282.032°

[02/23] PICK_DOWN
  xyz: [+0.4500, +0.1800, +0.2720]
  candidates: 1
  selected: [ +38.14°,  +88.81°,  +45.91°,  -40.92°,  +54.82°,  -80.39°]
  delta   : [  +0.00°,   +5.57°,  -10.70°,  -11.21°,   +9.49°,  -17.32°]
  max Δ   : 17.323°
  sum |Δ| : 54.297°

[03/23] PICK_RETREAT
  xyz: [+0.4500, +0.1800, +0.3600]
  candidates: 1
  selected: [ +38.14°,  +83.23°,  +56.61°,  -29.71°,  +45.33°,  -63.06°]
  delta   : [  -0.00°,   -5.57°,  +10.70°,  +11.21°,   -9.49°,  +17.32°]
  max Δ   : 17.322°
  sum |Δ| : 54.295°

[04/23] TRANSFER_01
  xyz: [+0.4500, +0.1600, +0.3600]
  candidates: 1
  selected: [ +34.92°,  +81.21°,  +54.87°,  -32.43°,  +42.71°,  -64.85°]
  delta   : [  -3.22°,   -2.03°,   -1.74°,   -2.72°,   -2.62°,   -1.79°]
  max Δ   : 3.222°
  sum |Δ| : 14.112°

[05/23] TRANSFER_02
  xyz: [+0.4500, +0.1400, +0.3600]
  candidates: 1
  selected: [ +31.43°,  +79.32°,  +53.32°,  -35.66°,  +39.92°,  -67.09°]
  delta   : [  -3.50°,   -1.89°,   -1.55°,   -3.22°,   -2.79°,   -2.24°]
  max Δ   : 3.495°
  sum |Δ| : 15.183°

[06/23] TRANSFER_03
  xyz: [+0.4500, +0.1200, +0.3600]
  candidates: 1
  selected: [ +27.65°,  +77.60°,  +51.96°,  -39.56°,  +37.01°,  -69.97°]
  delta   : [  -3.78°,   -1.72°,   -1.36°,   -3.90°,   -2.91°,   -2.88°]
  max Δ   : 3.900°
  sum |Δ| : 16.544°

[07/23] TRANSFER_04
  xyz: [+0.4500, +0.1000, +0.3600]
  candidates: 1
  selected: [ +23.59°,  +76.08°,  +50.80°,  -44.35°,  +34.04°,  -73.72°]
  delta   : [  -4.06°,   -1.52°,   -1.16°,   -4.80°,   -2.97°,   -3.75°]
  max Δ   : 4.798°
  sum |Δ| : 18.255°

[08/23] TRANSFER_05
  xyz: [+0.4500, +0.0800, +0.3600]
  candidates: 1
  selected: [ +19.27°,  +74.78°,  +49.84°,  -50.33°,  +31.13°,  -78.63°]
  delta   : [  -4.32°,   -1.30°,   -0.96°,   -5.98°,   -2.91°,   -4.92°]
  max Δ   : 5.980°
  sum |Δ| : 20.381°

[09/23] TRANSFER_06
  xyz: [+0.4500, +0.0600, +0.3600]
  candidates: 1
  selected: [ +14.71°,  +73.73°,  +49.09°,  -57.81°,  +28.46°,  -85.04°]
  delta   : [  -4.56°,   -1.05°,   -0.75°,   -7.47°,   -2.67°,   -6.40°]
  max Δ   : 7.474°
  sum |Δ| : 22.912°

[10/23] TRANSFER_07
  xyz: [+0.4500, +0.0400, +0.3600]
  candidates: 1
  selected: [  +9.94°,  +72.97°,  +48.56°,  -67.01°,  +26.24°,  -93.17°]
  delta   : [  -4.76°,   -0.77°,   -0.54°,   -9.20°,   -2.21°,   -8.13°]
  max Δ   : 9.203°
  sum |Δ| : 25.618°

[11/23] TRANSFER_08
  xyz: [+0.4500, +0.0200, +0.3600]
  candidates: 2
  selected: [  +5.04°,  +72.50°,  +48.23°,  -77.88°,  +24.75°, -102.97°]
  delta   : [  -4.90°,   -0.47°,   -0.32°,  -10.87°,   -1.49°,   -9.80°]
  max Δ   : 10.872°
  sum |Δ| : 27.860°

[12/23] TRANSFER_09
  xyz: [+0.4500, +0.0000, +0.3600]
  candidates: 2
  selected: [  +0.06°,  +72.34°,  +48.12°,  -89.85°,  +24.22°, -113.86°]
  delta   : [  -4.98°,   -0.16°,   -0.11°,  -11.97°,   -0.54°,  -10.89°]
  max Δ   : 11.965°
  sum |Δ| : 28.643°

[13/23] TRANSFER_10
  xyz: [+0.4500, -0.0200, +0.3600]
  candidates: 2
  selected: [  -4.92°,  +72.50°,  +48.23°, -101.82°,  +24.73°, -124.76°]
  delta   : [  -4.98°,   +0.16°,   +0.11°,  -11.97°,   +0.51°,  -10.90°]
  max Δ   : 11.972°
  sum |Δ| : 28.631°

[14/23] TRANSFER_11
  xyz: [+0.4500, -0.0400, +0.3600]
  candidates: 2
  selected: [  -9.82°,  +72.97°,  +48.55°, -112.73°,  +26.20°, -134.60°]
  delta   : [  -4.90°,   +0.47°,   +0.32°,  -10.91°,   +1.47°,   -9.83°]
  max Δ   : 10.906°
  sum |Δ| : 27.910°

[15/23] TRANSFER_12
  xyz: [+0.4500, -0.0600, +0.3600]
  candidates: 2
  selected: [ -14.58°,  +73.73°,  +49.09°, -121.97°,  +28.40°, -142.77°]
  delta   : [  -4.76°,   +0.77°,   +0.54°,   -9.24°,   +2.20°,   -8.17°]
  max Δ   : 9.241°
  sum |Δ| : 25.680°

[16/23] TRANSFER_13
  xyz: [+0.4500, -0.0800, +0.3600]
  candidates: 2
  selected: [ -19.15°,  +74.78°,  +49.84°, -129.48°,  +31.06°, -149.20°]
  delta   : [  -4.57°,   +1.05°,   +0.75°,   -7.51°,   +2.66°,   -6.44°]
  max Δ   : 7.510°
  sum |Δ| : 22.977°

[17/23] TRANSFER_14
  xyz: [+0.4500, -0.1000, +0.3600]
  candidates: 2
  selected: [ -23.48°,  +76.08°,  +50.80°, -135.49°,  +33.96°, -154.15°]
  delta   : [  -4.33°,   +1.30°,   +0.96°,   -6.01°,   +2.90°,   -4.95°]
  max Δ   : 6.010°
  sum |Δ| : 20.440°

[18/23] TRANSFER_15
  xyz: [+0.4500, -0.1200, +0.3600]
  candidates: 2
  selected: [ -27.54°,  +77.60°,  +51.96°, -140.31°,  +36.93°, -157.93°]
  delta   : [  -4.06°,   +1.52°,   +1.16°,   -4.82°,   +2.96°,   -3.77°]
  max Δ   : 4.823°
  sum |Δ| : 18.306°

[19/23] TRANSFER_16
  xyz: [+0.4500, -0.1400, +0.3600]
  candidates: 2
  selected: [ -31.32°,  +79.32°,  +53.32°, -144.23°,  +39.84°, -160.82°]
  delta   : [  -3.78°,   +1.72°,   +1.36°,   -3.92°,   +2.91°,   -2.90°]
  max Δ   : 3.918°
  sum |Δ| : 16.584°

[20/23] TRANSFER_17
  xyz: [+0.4500, -0.1600, +0.3600]
  candidates: 2
  selected: [ -34.82°,  +81.21°,  +54.87°, -147.47°,  +42.63°, -163.08°]
  delta   : [  -3.50°,   +1.88°,   +1.55°,   -3.24°,   +2.79°,   -2.26°]
  max Δ   : 3.500°
  sum |Δ| : 15.219°

[21/23] PLACE_ABOVE
  xyz: [+0.4500, -0.1800, +0.3600]
  candidates: 1
  selected: [ -38.05°,  +83.23°,  +56.61°,  +29.80°,  -45.25°,  +15.12°]
  delta   : [  -3.23°,   +2.03°,   +1.74°, +177.27°,  -87.88°, +178.20°]
  max Δ   : 178.202°
  sum |Δ| : 450.339°

[22/23] PLACE_DOWN
  xyz: [+0.4500, -0.1800, +0.2740]
  candidates: 2
  selected: [ -38.05°,  +88.63°,  +46.12°,  +40.81°,  -54.51°,  +32.09°]
  delta   : [  +0.00°,   +5.39°,  -10.49°,  +11.01°,   -9.26°,  +16.96°]
  max Δ   : 16.961°
  sum |Δ| : 53.122°

[23/23] PLACE_RETREAT
  xyz: [+0.4500, -0.1800, +0.3600]
  candidates: 1
  selected: [ -38.05°,  +83.23°,  +56.61°,  +29.80°,  -45.25°,  +15.13°]
  delta   : [  -0.00°,   -5.39°,  +10.49°,  -11.01°,   +9.26°,  -16.96°]
  max Δ   : 16.961°
  sum |Δ| : 53.121°

====================================================================================================
FINAL SUMMARY
====================================================================================================
Largest overall step: 178.202° at PLACE_ABOVE
Largest transfer step: 178.202° at PLACE_ABOVE

Plan saved:
/home/hgui/IK_solver_MuJoCo/baseline_incremental_nearest_ik_plan.yaml

RESULT: WARNING — transfer 중 30°를 넘는 branch 변화가 있습니다.
