====================================================================================================
DROK ARM CUBE X-AXIS FULL-POSE DRY RUN
====================================================================================================
Robot execution: 비활성화
IK mode        : full
Orientation    : RPY [0, 0, 0] 고정
Motion         : x=0.45 → 0.36 m
Step           : 10 mm

====================================================================================================
PICK GRASP → PICK PREGRASP
====================================================================================================
Fixed RPY: [  +0.000°,   +0.000°,   +0.000°]
Initial q: [ +38.145°,  +88.805°,  +45.908°,  -40.916°,  +54.821°,  -80.387°]

[01/10] xyz=[+0.450, +0.180, +0.272]
  q      : [ +38.145°,  +88.806°,  +45.908°,  -40.916°,  +54.821°,  -80.387°]
  delta  : [  -0.000°,   +0.001°,   +0.000°,   -0.000°,   -0.000°,   +0.000°]
  max Δ  : 0.001°

[02/10] xyz=[+0.440, +0.180, +0.272]
  q      : [ +39.391°,  +87.505°,  +44.656°,  -39.631°,  +55.486°,  -79.622°]
  delta  : [  +1.246°,   -1.301°,   -1.252°,   +1.285°,   +0.665°,   +0.765°]
  max Δ  : 1.301°

[03/10] xyz=[+0.430, +0.180, +0.272]
  q      : [ +40.707°,  +86.210°,  +43.445°,  -38.281°,  +56.185°,  -78.810°]
  delta  : [  +1.316°,   -1.295°,   -1.212°,   +1.350°,   +0.699°,   +0.812°]
  max Δ  : 1.350°

[04/10] xyz=[+0.420, +0.180, +0.272]
  q      : [ +42.097°,  +84.923°,  +42.274°,  -36.866°,  +56.924°,  -77.953°]
  delta  : [  +1.390°,   -1.287°,   -1.171°,   +1.415°,   +0.739°,   +0.857°]
  max Δ  : 1.415°

[05/10] xyz=[+0.410, +0.180, +0.272]
  q      : [ +43.567°,  +83.646°,  +41.145°,  -35.385°,  +57.710°,  -77.053°]
  delta  : [  +1.469°,   -1.277°,   -1.128°,   +1.480°,   +0.787°,   +0.900°]
  max Δ  : 1.480°

[06/10] xyz=[+0.400, +0.180, +0.272]
  q      : [ +45.120°,  +82.382°,  +40.060°,  -33.841°,  +58.552°,  -76.113°]
  delta  : [  +1.553°,   -1.264°,   -1.085°,   +1.544°,   +0.842°,   +0.941°]
  max Δ  : 1.553°

[07/10] xyz=[+0.390, +0.180, +0.272]
  q      : [ +46.762°,  +81.134°,  +39.021°,  -32.235°,  +59.458°,  -75.136°]
  delta  : [  +1.642°,   -1.248°,   -1.040°,   +1.606°,   +0.906°,   +0.977°]
  max Δ  : 1.642°

[08/10] xyz=[+0.380, +0.180, +0.272]
  q      : [ +48.497°,  +79.906°,  +38.027°,  -30.569°,  +60.437°,  -74.128°]
  delta  : [  +1.735°,   -1.228°,   -0.993°,   +1.666°,   +0.978°,   +1.008°]
  max Δ  : 1.735°

[09/10] xyz=[+0.370, +0.180, +0.272]
  q      : [ +50.331°,  +78.702°,  +37.082°,  -28.847°,  +61.496°,  -73.096°]
  delta  : [  +1.834°,   -1.204°,   -0.945°,   +1.722°,   +1.060°,   +1.032°]
  max Δ  : 1.834°

[10/10] xyz=[+0.360, +0.180, +0.272]
  q      : [ +52.267°,  +77.527°,  +36.186°,  -27.073°,  +62.647°,  -72.046°]
  delta  : [  +1.936°,   -1.175°,   -0.896°,   +1.774°,   +1.150°,   +1.049°]
  max Δ  : 1.936°

Largest step: 1.936° at x=0.360
RESULT: PASS — 고정된 면 정렬 자세로 X축 접근/후퇴가 가능합니다.

====================================================================================================
PLACE RELEASE → PLACE PREPLACE
====================================================================================================
Fixed RPY: [  +0.000°,   +0.000°,   +0.000°]
Initial q: [ -38.046°,  +88.626°,  +46.115°,  +40.809°,  -54.513°,  +32.086°]

[01/10] xyz=[+0.450, -0.180, +0.274]
  q      : [ -38.046°,  +88.626°,  +46.115°,  +40.809°,  -54.513°,  +32.086°]
  delta  : [  -0.000°,   -0.000°,   +0.000°,   -0.000°,   +0.000°,   -0.000°]
  max Δ  : 0.000°

[02/10] xyz=[+0.440, -0.180, +0.274]
  q      : [ -39.290°,  +87.323°,  +44.866°,  +39.524°,  -55.179°,  +31.312°]
  delta  : [  -1.244°,   -1.303°,   -1.249°,   -1.285°,   -0.666°,   -0.774°]
  max Δ  : 1.303°

[03/10] xyz=[+0.430, -0.180, +0.274]
  q      : [ -40.603°,  +86.026°,  +43.657°,  +38.173°,  -55.879°,  +30.492°]
  delta  : [  -1.313°,   -1.297°,   -1.209°,   -1.350°,   -0.700°,   -0.821°]
  max Δ  : 1.350°

[04/10] xyz=[+0.420, -0.180, +0.274]
  q      : [ -41.991°,  +84.737°,  +42.489°,  +36.758°,  -56.620°,  +29.626°]
  delta  : [  -1.388°,   -1.289°,   -1.168°,   -1.415°,   -0.741°,   -0.866°]
  max Δ  : 1.415°

[05/10] xyz=[+0.410, -0.180, +0.274]
  q      : [ -43.457°,  +83.459°,  +41.363°,  +35.279°,  -57.409°,  +28.717°]
  delta  : [  -1.466°,   -1.278°,   -1.126°,   -1.479°,   -0.789°,   -0.909°]
  max Δ  : 1.479°

[06/10] xyz=[+0.400, -0.180, +0.274]
  RESULT: FAIL

  Success           : false
  Position error    : 0.000055717 m
  Orientation error : 0.000126887 rad
  Message           : IK reached the maximum iteration count.

====================================================================================================
FINAL SUMMARY
====================================================================================================
PICK X-axis path : PASS
PLACE X-axis path: FAIL

OVERALL FAIL — 실패한 지점에서 orientation 후보를 다시 선택해야 합니다.
