========================================================================================
CYLINDER TRANSFER ONLY
========================================================================================
Timed path      : /home/hgui/IK_solver_MuJoCo/cylinder_best_timed_joint_path_segmented.yaml
Block           : MOTION_BLOCK_3_TRANSFER
Speed scale     : 0.500
Lift duration   : 7.260 s
Expected motion : PICK_LIFT 종료점에서 PLACE 상공까지 수평 이동
Gripper command : 전송하지 않음

Arm start error : 0.266901 deg
JOINT7                  : +0.047422685 m (error=1.377 mm)
GRIPPER_RIGHT_JOINT     : -0.047426765 m (error=1.373 mm)
[INFO] [1785236084.706810670] [cylinder_transfer_only_executor]: TRANSFER_ONLY: 363 points 전송
[INFO] [1785236084.708723337] [cylinder_transfer_only_executor]: TRANSFER_ONLY: goal accepted
[INFO] [1785236092.008989813] [cylinder_transfer_only_executor]: TRANSFER_ONLY: completed
Arm goal error  : 0.348854 deg
Final JOINT7            : +0.047279891 m (error=1.520 mm)
Final GRIPPER_RIGHT_JOINT: -0.047290025 m (error=1.510 mm)

========================================================================================
TRANSFER RESULT: PASS
========================================================================================
