========================================================================================
CYLINDER PICK LIFT ONLY
========================================================================================
Timed path      : /home/hgui/IK_solver_MuJoCo/cylinder_best_timed_joint_path_segmented.yaml
Block           : MOTION_BLOCK_2_PICK_LIFT
Speed scale     : 0.500
Lift duration   : 2.740 s
Expected motion : PICK_GRASP에서 수직 50 mm 상승
Gripper command : 전송하지 않음

Arm start error : 0.353596 deg
JOINT7                  : +0.047449030 m (error=0.751 mm)
GRIPPER_RIGHT_JOINT     : -0.048455998 m (error=0.256 mm)
[INFO] [1785234994.000445309] [cylinder_pick_lift_only_executor]: PICK_LIFT_ONLY: 137 points 전송
[INFO] [1785234994.002148511] [cylinder_pick_lift_only_executor]: PICK_LIFT_ONLY: goal accepted
[INFO] [1785234996.752899074] [cylinder_pick_lift_only_executor]: PICK_LIFT_ONLY: completed
Arm goal error  : 0.245794 deg
Final JOINT7            : +0.047371514 m (error=0.828 mm)
Final GRIPPER_RIGHT_JOINT: -0.047381002 m (error=0.819 mm)

========================================================================================
PICK LIFT RESULT: PASS
========================================================================================
