========================================================================================
CYLINDER TIMED ARM PATH EXECUTOR
========================================================================================
Timed path       : /home/hgui/IK_solver_MuJoCo/cylinder_best_timed_joint_path_segmented.yaml
Arm action       : /arm_controller/follow_joint_trajectory
Controller rate  : 100.000 Hz
Speed scale      : 0.500
Stop after block : 1
Selected blocks  : MOTION_BLOCK_1_PICK_APPROACH
Scaled block time: 3.220 s

GRIPPER COMMAND  : DISABLED

Current q        : +0.156926, +1.214372, +0.567509, +1.000183, -0.724454, +0.700914
PICK_PREGRASP q  : +0.157001, +1.213851, +0.569324, +1.002157, -0.728360, +0.706917
Entry max change : 0.344 deg
Entry duration   : 1.040 s
[INFO] [1785178107.487171978] [cylinder_timed_arm_executor]: ENTRY_TO_PICK_PREGRASP: 104 points 전송
[INFO] [1785178107.488549296] [cylinder_timed_arm_executor]: ENTRY_TO_PICK_PREGRASP: goal accepted
[INFO] [1785178108.540098934] [cylinder_timed_arm_executor]: ENTRY_TO_PICK_PREGRASP: completed
Entry goal error : 0.345609 deg

[BLOCK 1] MOTION_BLOCK_1_PICK_APPROACH
Start error      : 0.345609 deg
Points           : 161
Scaled duration  : 3.220 s
[INFO] [1785178108.544557916] [cylinder_timed_arm_executor]: MOTION_BLOCK_1_PICK_APPROACH: 161 points 전송
[INFO] [1785178108.546483907] [cylinder_timed_arm_executor]: MOTION_BLOCK_1_PICK_APPROACH: goal accepted
[INFO] [1785178111.796708800] [cylinder_timed_arm_executor]: MOTION_BLOCK_1_PICK_APPROACH: completed
Goal error       : 0.344946 deg

========================================================================================
EXECUTION RESULT: PASS
========================================================================================
Gripper commands were not sent.
