========================================
 DROK Upright 5-DoF IK Solver
========================================
IK mode: upright
----------------------------------------
Target position [m]
x = 0.450000000
y = -0.180000000
z = 0.282000000
----------------------------------------
Constraint
TCP local +Z = world +Z
TCP yaw      = free
----------------------------------------
Initial joint positions [rad]
q1 = -0.488046145
q2 = 1.463294588
q3 = 0.754155669
q4 = 1.212134221
q5 = -0.741768113
q6 = 0.882249444
----------------------------------------
IK result joint positions [rad]
q1 = -0.488046145
q2 = 1.463294588
q3 = 0.754155669
q4 = 1.212134221
q5 = -0.741768113
q6 = 0.882249444
----------------------------------------
Solved TCP local +Z in world
-0.000000592 -0.000012597  1.000000000
Solved TCP yaw    : -0.248617401 rad
----------------------------------------
Success           : true
Iterations        : 0
Position error    : 0.000019314 m
Upright error     : 0.000012611 rad
Orientation error : 0.000012611 rad
Minimum margin    : 0.297353855 rad
Message           : Upright IK converged.
----------------------------------------
Machine-readable joint result
JOINT_RESULT=-0.488046145,1.463294588,0.754155669,1.212134221,-0.741768113,0.882249444
========================================

========================================================================================
NEW HEIGHT PLACE RETREAT TARGET
========================================================================================
Candidate index : 21
Final yaw       : -14.244728 deg
Place grasp TCP : +0.450000000, -0.180000000, +0.282000000
Retreat TCP     : +0.372459716, -0.160314872, +0.282000000
Retreat vector  : -0.969253556, +0.246064106, +0.000000000
Saved:
/home/hgui/IK_solver_MuJoCo/cylinder_best_place_retreat_target.yaml
