========================================================================================
DROK ARM MANUAL POSE RECORDER
========================================================================================
Label:
PICK_GRASP_SAMPLE

JOINT POSITIONS [rad]
[+0.000043095773, +0.296971740616, +0.296287368522, -0.000070814220, -0.000315460886, +0.000013780173]

JOINT POSITIONS [deg]
[   +0.002°,   +17.015°,   +16.976°,    -0.004°,    -0.018°,    +0.001°]

FORWARD KINEMATICS
----------------------------------------------------------------------------------------
========================================
 DROK Forward Kinematics Test
========================================
Robot       : DROK_P_gripper_D405
Base frame  : ARM_BASE_LINK
Tool frame  : gripper_tcp
Joint count : 6
----------------------------------------
Joint positions [rad]
q1 = 0.000043096
q2 = 0.296971741
q3 = 0.296287369
q4 = -0.000070814
q5 = -0.000315461
q6 = 0.000013780
----------------------------------------
Transformation matrix
 0.999999702 -0.000605967  0.000479335  0.216427533
 0.000358557  0.913510578  0.406814818 -0.000171195
-0.000684394 -0.406814525  0.913510522  0.271508900
 0.000000000  0.000000000  0.000000000  1.000000000
----------------------------------------
TCP position [m]
x = 0.216427533
y = -0.000171195
z = 0.271508900
----------------------------------------
TCP RPY [rad]
roll  = -0.418964378
pitch = 0.000684394
yaw   = 0.000358557
----------------------------------------
FK calculation time = 146.376000000 us
========================================


저장 완료:
/home/hgui/IK_solver_MuJoCo/manual_arm_pose_samples.yaml
