========================================================================================================
DROK ARM PLACE X-AXIS ROLL SEARCH
========================================================================================================
Robot execution : 비활성화
IK mode         : full
Approach        : world +X
Pitch/Yaw       : 0° / 0°
Roll candidates : [0.0, 90.0, -90.0, 180.0]
Initial reference: [  -13.02°,   +79.30°,   +56.35°,   -41.09°,   +26.35°,    -0.00°]

========================================================================================================
PLACE ROLL CANDIDATE: +0.0°
========================================================================================================

[01/10] PLACE_PREPLACE
  xyz       : [+0.360, -0.180, +0.274]
  candidates: 0
  RESULT    : IK FAIL

RESULT: FAIL
Initial alignment step: 0.000°
Largest approach step: 0.000°

========================================================================================================
PLACE ROLL CANDIDATE: +90.0°
========================================================================================================

[01/10] PLACE_PREPLACE
  xyz       : [+0.360, -0.180, +0.274]
  candidates: 0
  RESULT    : IK FAIL

RESULT: FAIL
Initial alignment step: 0.000°
Largest approach step: 0.000°

========================================================================================================
PLACE ROLL CANDIDATE: -90.0°
========================================================================================================

[01/10] PLACE_PREPLACE
  xyz       : [+0.360, -0.180, +0.274]
  candidates: 0
  RESULT    : IK FAIL

RESULT: FAIL
Initial alignment step: 0.000°
Largest approach step: 0.000°

========================================================================================================
PLACE ROLL CANDIDATE: +180.0°
========================================================================================================

[01/10] PLACE_PREPLACE
  xyz       : [+0.360, -0.180, +0.274]
  candidates: 0
  RESULT    : IK FAIL

RESULT: FAIL
Initial alignment step: 0.000°
Largest approach step: 0.000°

========================================================================================================
FINAL RANKING
========================================================================================================
1. roll=   +0.0° result=FAIL align=0.000° approach_max=0.000° failed_x=0.360
2. roll=  +90.0° result=FAIL align=0.000° approach_max=0.000° failed_x=0.360
3. roll=  -90.0° result=FAIL align=0.000° approach_max=0.000° failed_x=0.360
4. roll= +180.0° result=FAIL align=0.000° approach_max=0.000° failed_x=0.360

Saved:
/home/hgui/IK_solver_MuJoCo/place_x_axis_roll_search.yaml

OVERALL FAIL — 네 방향 모두 PLACE X축 접근 실패
