========================================
 DROK Upright 5-DoF IK Solver
========================================
IK mode: upright
----------------------------------------
Target position [m]
x = 0.450000000
y = 0.177000000
z = 0.322000000
----------------------------------------
Constraint
TCP local +Z = world +Z
TCP yaw      = free
----------------------------------------
Initial joint positions [rad]
q1 = 0.264052521
q2 = 1.414379135
q3 = 0.839524360
q4 = 1.116492586
q5 = -0.624661437
q6 = 0.774733222
----------------------------------------
IK result joint positions [rad]
q1 = 0.258336483
q2 = 1.410891203
q3 = 0.836626830
q4 = 1.117201682
q5 = -0.623882985
q6 = 0.775156661
----------------------------------------
Solved TCP local +Z in world
 0.000000619 -0.000000249  1.000000000
Solved TCP yaw    : 0.517210478 rad
----------------------------------------
Success           : true
Iterations        : 1
Position error    : 0.000009729 m
Upright error     : 0.000000668 rad
Orientation error : 0.000000668 rad
Minimum margin    : 0.536343339 rad
Message           : Upright IK converged.
----------------------------------------
Machine-readable joint result
JOINT_RESULT=0.258336483,1.410891203,0.836626830,1.117201682,-0.623882985,0.775156661
========================================
