========================================
 DROK Upright 5-DoF IK Solver
========================================
IK mode: upright
----------------------------------------
Target position [m]
x = 0.450000000
y = -0.150000000
z = 0.322000000
----------------------------------------
Constraint
TCP local +Z = world +Z
TCP yaw      = free
----------------------------------------
Initial joint positions [rad]
q1 = -0.780979268
q2 = 1.693329216
q3 = 1.113364241
q4 = 0.148335595
q5 = -1.348914521
q6 = 0.177639305
----------------------------------------
IK result joint positions [rad]
q1 = -0.783545373
q2 = 1.687516360
q3 = 1.106824558
q4 = 0.158501795
q5 = -1.334701267
q6 = 0.180637994
----------------------------------------
Solved TCP local +Z in world
0.000018787 0.000000700 1.000000000
----------------------------------------
Success           : true
Iterations        : 3
Position error    : 0.000006680 m
Upright error     : 0.000018800 rad
Orientation error : 0.000018800 rad
Minimum margin    : 0.001854627 rad
Message           : Upright IK converged.
----------------------------------------
Machine-readable joint result
JOINT_RESULT=-0.783545373,1.687516360,1.106824558,0.158501795,-1.334701267,0.180637994
========================================
