$ /usr/bin/python3 /home/hgui/IK_solver_MuJoCo/src/drok_arm_control/scripts/assemble_cylinder_full_path.py --hybrid-path /home/hgui/IK_solver_MuJoCo/generated_known_object_paths/box_1_x0p440_y0p190_z0p272_to_box_2/candidate_trials/candidate_21/hybrid_path.yaml --retreat-path /home/hgui/IK_solver_MuJoCo/generated_known_object_paths/box_1_x0p440_y0p190_z0p272_to_box_2/candidate_trials/candidate_21/retreat_path.yaml --urdf /home/hgui/IK_solver_MuJoCo/src/drok_arm_mujoco/urdf/drok_arm_mujoco.urdf --output /home/hgui/IK_solver_MuJoCo/generated_known_object_paths/box_1_x0p440_y0p190_z0p272_to_box_2/candidate_trials/candidate_21/full_cartesian_path.yaml

========================================================================================
CYLINDER FULL CARTESIAN IK PATH
========================================================================================
Samples             : 213
Maximum joint jump  : 0.596118 deg
Minimum limit margin: 21.382200 deg
PLACE joint gap     : 0.003733 deg

Segment ranges
  PICK_PREGRASP      0 ->   0
  PICK_APPROACH      1 ->  27
  PICK_LIFT         28 ->  44
  TRANSFER          45 -> 168
  PLACE_DESCEND    169 -> 185
  PLACE_RETREAT    186 -> 212

Gripper events
  GRIPPER_CLOSE  after index 27
  GRIPPER_OPEN   after index 185

Saved:
/home/hgui/IK_solver_MuJoCo/generated_known_object_paths/box_1_x0p440_y0p190_z0p272_to_box_2/candidate_trials/candidate_21/full_cartesian_path.yaml
