$ /usr/bin/python3 /home/hgui/IK_solver_MuJoCo/src/drok_arm_control/scripts/time_parameterize_cylinder_path.py --path /home/hgui/IK_solver_MuJoCo/generated_known_object_paths/box_1_x0p440_y0p190_z0p272_to_box_2/candidate_trials/candidate_21/full_cartesian_path.yaml --timing-config /home/hgui/IK_solver_MuJoCo/src/drok_arm_control/config/cylinder_trajectory_timing.yaml --urdf /home/hgui/IK_solver_MuJoCo/src/drok_arm_mujoco/urdf/drok_arm_mujoco.urdf --controllers /home/hgui/IK_solver_MuJoCo/src/drok_arm_mujoco/config/controllers.yaml --output /home/hgui/IK_solver_MuJoCo/generated_known_object_paths/box_1_x0p440_y0p190_z0p272_to_box_2/candidate_trials/candidate_21/timed_joint_path.yaml

================================================================================================
CYLINDER PATH TIME PARAMETERIZATION
================================================================================================
Controller rate : 100.000 Hz

Derived limits
  JOINT1: v=0.420000 rad/s, a=0.840000 rad/s^2, j=4.200000 rad/s^3
  JOINT2: v=0.420000 rad/s, a=0.840000 rad/s^2, j=4.200000 rad/s^3
  JOINT3: v=0.420000 rad/s, a=0.840000 rad/s^2, j=4.200000 rad/s^3
  JOINT4: v=0.420000 rad/s, a=0.840000 rad/s^2, j=4.200000 rad/s^3
  JOINT5: v=0.420000 rad/s, a=0.840000 rad/s^2, j=4.200000 rad/s^3
  JOINT6: v=0.350000 rad/s, a=0.700000 rad/s^2, j=3.500000 rad/s^3

[MOTION_BLOCK_1_PICK_APPROACH] index=0->27
  waypoints       : 28
  duration        : 1.630000 s
  samples         : 164
  velocity ratio  : 0.723560
  accel ratio     : 0.719886
  jerk ratio      : 0.928598
  limit margin    : 23.028821 deg

[MOTION_BLOCK_2_PICK_LIFT] index=27->44
  waypoints       : 18
  duration        : 1.380000 s
  samples         : 139
  velocity ratio  : 0.513857
  accel ratio     : 0.600943
  jerk ratio      : 0.926951
  limit margin    : 23.028821 deg

[MOTION_BLOCK_3_TRANSFER] index=44->168
  waypoints       : 125
  duration        : 3.790000 s
  samples         : 380
  velocity ratio  : 0.978169
  accel ratio     : 0.380715
  jerk ratio      : 0.173025
  limit margin    : 23.160788 deg

[MOTION_BLOCK_4_PLACE_DESCEND] index=168->185
  waypoints       : 18
  duration        : 1.380000 s
  samples         : 139
  velocity ratio  : 0.548522
  accel ratio     : 0.613635
  jerk ratio      : 0.924220
  limit margin    : 21.382200 deg

[MOTION_BLOCK_5_PLACE_RETREAT] index=185->212
  waypoints       : 28
  duration        : 1.610000 s
  samples         : 162
  velocity ratio  : 0.729581
  accel ratio     : 0.722729
  jerk ratio      : 0.936531
  limit margin    : 21.382200 deg

================================================================================================
OVERALL RESULT: PASS
================================================================================================
Motion blocks       : 5
Arm motion duration : 9.790000 s
Gripper dwell       : not included
Saved:
/home/hgui/IK_solver_MuJoCo/generated_known_object_paths/box_1_x0p440_y0p190_z0p272_to_box_2/candidate_trials/candidate_21/timed_joint_path.yaml
