[0.012s] Invoking command in '/home/hgui/IK_solver_MuJoCo/build/drok_arm_mujoco': CMAKE_PREFIX_PATH=/home/hgui/IK_solver_MuJoCo/install/drok_arm_control:/home/hgui/IK_solver_MuJoCo/install/drok_arm_trajectory:/home/hgui/IK_solver_MuJoCo/install/drok_arm_kinematics:/home/hgui/IK_solver_MuJoCo/install/drok_arm_description:/home/hgui/IK_solver_MuJoCo/install/drok_arm_mujoco:/opt/ros/humble /usr/bin/cmake /home/hgui/IK_solver_MuJoCo/src/drok_arm_mujoco -DAMENT_CMAKE_SYMLINK_INSTALL=1 -DCMAKE_INSTALL_PREFIX=/home/hgui/IK_solver_MuJoCo/install/drok_arm_mujoco
[0.059s] -- The C compiler identification is GNU 11.4.0
[0.099s] -- The CXX compiler identification is GNU 11.4.0
[0.104s] -- Detecting C compiler ABI info
[0.156s] -- Detecting C compiler ABI info - done
[0.162s] -- Check for working C compiler: /usr/bin/cc - skipped
[0.162s] -- Detecting C compile features
[0.162s] -- Detecting C compile features - done
[0.165s] -- Detecting CXX compiler ABI info
[0.223s] -- Detecting CXX compiler ABI info - done
[0.230s] -- Check for working CXX compiler: /usr/bin/c++ - skipped
[0.230s] -- Detecting CXX compile features
[0.230s] -- Detecting CXX compile features - done
[0.232s] -- Found ament_cmake: 1.3.14 (/opt/ros/humble/share/ament_cmake/cmake)
[0.339s] -- Found Python3: /usr/bin/python3 (found version "3.10.12") found components: Interpreter 
[0.384s] -- Override CMake install command with custom implementation using symlinks instead of copying resources
[0.463s] -- Configuring done
[0.464s] -- Generating done
[0.465s] -- Build files have been written to: /home/hgui/IK_solver_MuJoCo/build/drok_arm_mujoco
[0.468s] Invoked command in '/home/hgui/IK_solver_MuJoCo/build/drok_arm_mujoco' returned '0': CMAKE_PREFIX_PATH=/home/hgui/IK_solver_MuJoCo/install/drok_arm_control:/home/hgui/IK_solver_MuJoCo/install/drok_arm_trajectory:/home/hgui/IK_solver_MuJoCo/install/drok_arm_kinematics:/home/hgui/IK_solver_MuJoCo/install/drok_arm_description:/home/hgui/IK_solver_MuJoCo/install/drok_arm_mujoco:/opt/ros/humble /usr/bin/cmake /home/hgui/IK_solver_MuJoCo/src/drok_arm_mujoco -DAMENT_CMAKE_SYMLINK_INSTALL=1 -DCMAKE_INSTALL_PREFIX=/home/hgui/IK_solver_MuJoCo/install/drok_arm_mujoco
[0.470s] Invoking command in '/home/hgui/IK_solver_MuJoCo/build/drok_arm_mujoco': CMAKE_PREFIX_PATH=/home/hgui/IK_solver_MuJoCo/install/drok_arm_control:/home/hgui/IK_solver_MuJoCo/install/drok_arm_trajectory:/home/hgui/IK_solver_MuJoCo/install/drok_arm_kinematics:/home/hgui/IK_solver_MuJoCo/install/drok_arm_description:/home/hgui/IK_solver_MuJoCo/install/drok_arm_mujoco:/opt/ros/humble /usr/bin/cmake --build /home/hgui/IK_solver_MuJoCo/build/drok_arm_mujoco -- -j18 -l18
[0.502s] Invoked command in '/home/hgui/IK_solver_MuJoCo/build/drok_arm_mujoco' returned '0': CMAKE_PREFIX_PATH=/home/hgui/IK_solver_MuJoCo/install/drok_arm_control:/home/hgui/IK_solver_MuJoCo/install/drok_arm_trajectory:/home/hgui/IK_solver_MuJoCo/install/drok_arm_kinematics:/home/hgui/IK_solver_MuJoCo/install/drok_arm_description:/home/hgui/IK_solver_MuJoCo/install/drok_arm_mujoco:/opt/ros/humble /usr/bin/cmake --build /home/hgui/IK_solver_MuJoCo/build/drok_arm_mujoco -- -j18 -l18
[0.510s] Invoking command in '/home/hgui/IK_solver_MuJoCo/build/drok_arm_mujoco': CMAKE_PREFIX_PATH=/home/hgui/IK_solver_MuJoCo/install/drok_arm_control:/home/hgui/IK_solver_MuJoCo/install/drok_arm_trajectory:/home/hgui/IK_solver_MuJoCo/install/drok_arm_kinematics:/home/hgui/IK_solver_MuJoCo/install/drok_arm_description:/home/hgui/IK_solver_MuJoCo/install/drok_arm_mujoco:/opt/ros/humble /usr/bin/cmake --install /home/hgui/IK_solver_MuJoCo/build/drok_arm_mujoco
[0.515s] -- Install configuration: ""
[0.516s] -- Execute custom install script
[0.516s] -- Symlinking: /home/hgui/IK_solver_MuJoCo/install/drok_arm_mujoco/share/drok_arm_mujoco/launch/__pycache__/drok_arm_mujoco.launch.cpython-310.pyc
[0.523s] -- Symlinking: /home/hgui/IK_solver_MuJoCo/install/drok_arm_mujoco/share/drok_arm_mujoco/launch/drok_arm_mujoco.launch.py
[0.528s] -- Symlinking: /home/hgui/IK_solver_MuJoCo/install/drok_arm_mujoco/share/drok_arm_mujoco/config/arm_controller.yaml
[0.535s] -- Symlinking: /home/hgui/IK_solver_MuJoCo/install/drok_arm_mujoco/share/drok_arm_mujoco/config/arm_controller.yaml.before_collision_tolerance_test
[0.541s] -- Symlinking: /home/hgui/IK_solver_MuJoCo/install/drok_arm_mujoco/share/drok_arm_mujoco/config/controllers.yaml
[0.549s] -- Symlinking: /home/hgui/IK_solver_MuJoCo/install/drok_arm_mujoco/share/drok_arm_mujoco/config/mujoco_inputs.xml
[0.555s] -- Symlinking: /home/hgui/IK_solver_MuJoCo/install/drok_arm_mujoco/share/drok_arm_mujoco/config/mujoco_inputs.xml.before_collision_test
[0.560s] -- Symlinking: /home/hgui/IK_solver_MuJoCo/install/drok_arm_mujoco/share/drok_arm_mujoco/config/mujoco_inputs.xml.before_contact_exclude
[0.567s] -- Symlinking: /home/hgui/IK_solver_MuJoCo/install/drok_arm_mujoco/share/drok_arm_mujoco/config/mujoco_inputs.xml.before_contact_fix
[0.574s] -- Symlinking: /home/hgui/IK_solver_MuJoCo/install/drok_arm_mujoco/share/drok_arm_mujoco/config/mujoco_inputs.xml.before_gravity_test
[0.580s] -- Symlinking: /home/hgui/IK_solver_MuJoCo/install/drok_arm_mujoco/share/drok_arm_mujoco/config/mujoco_inputs.xml.before_kp_tuning
[0.586s] -- Symlinking: /home/hgui/IK_solver_MuJoCo/install/drok_arm_mujoco/share/drok_arm_mujoco/model/scene.xml
[0.591s] -- Symlinking: /home/hgui/IK_solver_MuJoCo/install/drok_arm_mujoco/share/drok_arm_mujoco/urdf/drok_arm_mujoco.urdf
[0.595s] -- Symlinking: /home/hgui/IK_solver_MuJoCo/install/drok_arm_mujoco/share/drok_arm_mujoco/urdf/drok_arm_mujoco.urdf.before_base_link1_collision_test
[0.601s] -- Symlinking: /home/hgui/IK_solver_MuJoCo/install/drok_arm_mujoco/share/drok_arm_mujoco/urdf/drok_arm_mujoco.urdf.before_initial_pose_fix
[0.607s] -- Symlinking: /home/hgui/IK_solver_MuJoCo/install/drok_arm_mujoco/share/ament_index/resource_index/package_run_dependencies/drok_arm_mujoco
[0.613s] -- Symlinking: /home/hgui/IK_solver_MuJoCo/install/drok_arm_mujoco/share/ament_index/resource_index/parent_prefix_path/drok_arm_mujoco
[0.619s] -- Symlinking: /home/hgui/IK_solver_MuJoCo/install/drok_arm_mujoco/share/drok_arm_mujoco/environment/ament_prefix_path.sh
[0.625s] -- Symlinking: /home/hgui/IK_solver_MuJoCo/install/drok_arm_mujoco/share/drok_arm_mujoco/environment/ament_prefix_path.dsv
[0.631s] -- Symlinking: /home/hgui/IK_solver_MuJoCo/install/drok_arm_mujoco/share/drok_arm_mujoco/environment/path.sh
[0.638s] -- Symlinking: /home/hgui/IK_solver_MuJoCo/install/drok_arm_mujoco/share/drok_arm_mujoco/environment/path.dsv
[0.643s] -- Symlinking: /home/hgui/IK_solver_MuJoCo/install/drok_arm_mujoco/share/drok_arm_mujoco/local_setup.bash
[0.650s] -- Symlinking: /home/hgui/IK_solver_MuJoCo/install/drok_arm_mujoco/share/drok_arm_mujoco/local_setup.sh
[0.655s] -- Symlinking: /home/hgui/IK_solver_MuJoCo/install/drok_arm_mujoco/share/drok_arm_mujoco/local_setup.zsh
[0.660s] -- Symlinking: /home/hgui/IK_solver_MuJoCo/install/drok_arm_mujoco/share/drok_arm_mujoco/local_setup.dsv
[0.666s] -- Symlinking: /home/hgui/IK_solver_MuJoCo/install/drok_arm_mujoco/share/drok_arm_mujoco/package.dsv
[0.671s] -- Symlinking: /home/hgui/IK_solver_MuJoCo/install/drok_arm_mujoco/share/ament_index/resource_index/packages/drok_arm_mujoco
[0.676s] -- Symlinking: /home/hgui/IK_solver_MuJoCo/install/drok_arm_mujoco/share/drok_arm_mujoco/cmake/drok_arm_mujocoConfig.cmake
[0.682s] -- Symlinking: /home/hgui/IK_solver_MuJoCo/install/drok_arm_mujoco/share/drok_arm_mujoco/cmake/drok_arm_mujocoConfig-version.cmake
[0.687s] -- Symlinking: /home/hgui/IK_solver_MuJoCo/install/drok_arm_mujoco/share/drok_arm_mujoco/package.xml
[0.694s] Invoked command in '/home/hgui/IK_solver_MuJoCo/build/drok_arm_mujoco' returned '0': CMAKE_PREFIX_PATH=/home/hgui/IK_solver_MuJoCo/install/drok_arm_control:/home/hgui/IK_solver_MuJoCo/install/drok_arm_trajectory:/home/hgui/IK_solver_MuJoCo/install/drok_arm_kinematics:/home/hgui/IK_solver_MuJoCo/install/drok_arm_description:/home/hgui/IK_solver_MuJoCo/install/drok_arm_mujoco:/opt/ros/humble /usr/bin/cmake --install /home/hgui/IK_solver_MuJoCo/build/drok_arm_mujoco
