[0.007s] Invoking command in '/home/hgui/IK_solver_MuJoCo/build/drok_arm_kinematics': CMAKE_PREFIX_PATH=${CMAKE_PREFIX_PATH}:/opt/ros/humble /usr/bin/cmake /home/hgui/IK_solver_MuJoCo/src/drok_arm_kinematics -DAMENT_CMAKE_SYMLINK_INSTALL=1 -DCMAKE_INSTALL_PREFIX=/home/hgui/IK_solver_MuJoCo/install/drok_arm_kinematics
[0.044s] -- The C compiler identification is GNU 11.4.0
[0.082s] -- The CXX compiler identification is GNU 11.4.0
[0.086s] -- Detecting C compiler ABI info
[0.137s] -- Detecting C compiler ABI info - done
[0.141s] -- Check for working C compiler: /usr/bin/cc - skipped
[0.142s] -- Detecting C compile features
[0.142s] -- Detecting C compile features - done
[0.143s] -- Detecting CXX compiler ABI info
[0.201s] -- Detecting CXX compiler ABI info - done
[0.206s] -- Check for working CXX compiler: /usr/bin/c++ - skipped
[0.207s] -- Detecting CXX compile features
[0.207s] -- Detecting CXX compile features - done
[0.208s] -- Found ament_cmake: 1.3.14 (/opt/ros/humble/share/ament_cmake/cmake)
[0.310s] -- Found Python3: /usr/bin/python3 (found version "3.10.12") found components: Interpreter 
[0.353s] -- Override CMake install command with custom implementation using symlinks instead of copying resources
[0.439s] -- Configuring done
[0.442s] -- Generating done
[0.444s] -- Build files have been written to: /home/hgui/IK_solver_MuJoCo/build/drok_arm_kinematics
[0.448s] Invoked command in '/home/hgui/IK_solver_MuJoCo/build/drok_arm_kinematics' returned '0': CMAKE_PREFIX_PATH=${CMAKE_PREFIX_PATH}:/opt/ros/humble /usr/bin/cmake /home/hgui/IK_solver_MuJoCo/src/drok_arm_kinematics -DAMENT_CMAKE_SYMLINK_INSTALL=1 -DCMAKE_INSTALL_PREFIX=/home/hgui/IK_solver_MuJoCo/install/drok_arm_kinematics
[0.450s] Invoking command in '/home/hgui/IK_solver_MuJoCo/build/drok_arm_kinematics': CMAKE_PREFIX_PATH=${CMAKE_PREFIX_PATH}:/opt/ros/humble /usr/bin/cmake --build /home/hgui/IK_solver_MuJoCo/build/drok_arm_kinematics -- -j18 -l18
[0.488s] [ 12%] [32mBuilding CXX object CMakeFiles/urdf_geometry_exporter.dir/src/urdf_geometry_exporter.cpp.o[0m
[0.488s] [ 25%] [32mBuilding CXX object CMakeFiles/drok_arm_kinematics.dir/src/transform.cpp.o[0m
[0.489s] [ 37%] [32mBuilding CXX object CMakeFiles/drok_arm_kinematics.dir/src/robot_model_loader.cpp.o[0m
[0.489s] [ 50%] [32mBuilding CXX object CMakeFiles/drok_arm_kinematics.dir/src/forward_kinematics.cpp.o[0m
[1.429s] [ 62%] [32m[1mLinking CXX executable urdf_geometry_exporter[0m
[1.501s] [ 62%] Built target urdf_geometry_exporter
[1.706s] [ 75%] [32m[1mLinking CXX static library libdrok_arm_kinematics.a[0m
[1.761s] [ 75%] Built target drok_arm_kinematics
[1.776s] [ 87%] [32mBuilding CXX object CMakeFiles/test_fk.dir/src/test_fk.cpp.o[0m
[2.780s] [100%] [32m[1mLinking CXX executable test_fk[0m
[2.868s] [100%] Built target test_fk
[2.878s] Invoked command in '/home/hgui/IK_solver_MuJoCo/build/drok_arm_kinematics' returned '0': CMAKE_PREFIX_PATH=${CMAKE_PREFIX_PATH}:/opt/ros/humble /usr/bin/cmake --build /home/hgui/IK_solver_MuJoCo/build/drok_arm_kinematics -- -j18 -l18
[2.887s] Invoking command in '/home/hgui/IK_solver_MuJoCo/build/drok_arm_kinematics': CMAKE_PREFIX_PATH=${CMAKE_PREFIX_PATH}:/opt/ros/humble /usr/bin/cmake --install /home/hgui/IK_solver_MuJoCo/build/drok_arm_kinematics
[2.892s] -- Install configuration: ""
[2.893s] -- Execute custom install script
[2.893s] -- Symlinking: /home/hgui/IK_solver_MuJoCo/install/drok_arm_kinematics/include/drok_arm_kinematics/forward_kinematics.hpp
[2.900s] -- Symlinking: /home/hgui/IK_solver_MuJoCo/install/drok_arm_kinematics/include/drok_arm_kinematics/robot_model.hpp
[2.905s] -- Symlinking: /home/hgui/IK_solver_MuJoCo/install/drok_arm_kinematics/include/drok_arm_kinematics/robot_model_loader.hpp
[2.911s] -- Symlinking: /home/hgui/IK_solver_MuJoCo/install/drok_arm_kinematics/include/drok_arm_kinematics/transform.hpp
[2.919s] -- Symlinking: /home/hgui/IK_solver_MuJoCo/install/drok_arm_kinematics/share/drok_arm_kinematics/config/robot_geometry.yaml
[2.925s] -- Symlinking: /home/hgui/IK_solver_MuJoCo/install/drok_arm_kinematics/share/drok_arm_kinematics/environment/library_path.sh
[2.933s] -- Symlinking: /home/hgui/IK_solver_MuJoCo/install/drok_arm_kinematics/share/drok_arm_kinematics/environment/library_path.dsv
[2.939s] -- Symlinking: /home/hgui/IK_solver_MuJoCo/install/drok_arm_kinematics/share/ament_index/resource_index/package_run_dependencies/drok_arm_kinematics
[2.943s] -- Symlinking: /home/hgui/IK_solver_MuJoCo/install/drok_arm_kinematics/share/ament_index/resource_index/parent_prefix_path/drok_arm_kinematics
[2.950s] -- Symlinking: /home/hgui/IK_solver_MuJoCo/install/drok_arm_kinematics/share/drok_arm_kinematics/environment/ament_prefix_path.sh
[2.956s] -- Symlinking: /home/hgui/IK_solver_MuJoCo/install/drok_arm_kinematics/share/drok_arm_kinematics/environment/ament_prefix_path.dsv
[2.961s] -- Symlinking: /home/hgui/IK_solver_MuJoCo/install/drok_arm_kinematics/share/drok_arm_kinematics/environment/path.sh
[2.967s] -- Symlinking: /home/hgui/IK_solver_MuJoCo/install/drok_arm_kinematics/share/drok_arm_kinematics/environment/path.dsv
[2.973s] -- Symlinking: /home/hgui/IK_solver_MuJoCo/install/drok_arm_kinematics/share/drok_arm_kinematics/local_setup.bash
[2.977s] -- Symlinking: /home/hgui/IK_solver_MuJoCo/install/drok_arm_kinematics/share/drok_arm_kinematics/local_setup.sh
[2.983s] -- Symlinking: /home/hgui/IK_solver_MuJoCo/install/drok_arm_kinematics/share/drok_arm_kinematics/local_setup.zsh
[2.989s] -- Symlinking: /home/hgui/IK_solver_MuJoCo/install/drok_arm_kinematics/share/drok_arm_kinematics/local_setup.dsv
[2.996s] -- Symlinking: /home/hgui/IK_solver_MuJoCo/install/drok_arm_kinematics/share/drok_arm_kinematics/package.dsv
[3.003s] -- Symlinking: /home/hgui/IK_solver_MuJoCo/install/drok_arm_kinematics/share/ament_index/resource_index/packages/drok_arm_kinematics
[3.008s] -- Symlinking: /home/hgui/IK_solver_MuJoCo/install/drok_arm_kinematics/share/drok_arm_kinematics/cmake/ament_cmake_export_targets-extras.cmake
[3.014s] -- Symlinking: /home/hgui/IK_solver_MuJoCo/install/drok_arm_kinematics/share/drok_arm_kinematics/cmake/ament_cmake_export_dependencies-extras.cmake
[3.019s] -- Symlinking: /home/hgui/IK_solver_MuJoCo/install/drok_arm_kinematics/share/drok_arm_kinematics/cmake/drok_arm_kinematicsConfig.cmake
[3.024s] -- Symlinking: /home/hgui/IK_solver_MuJoCo/install/drok_arm_kinematics/share/drok_arm_kinematics/cmake/drok_arm_kinematicsConfig-version.cmake
[3.031s] -- Symlinking: /home/hgui/IK_solver_MuJoCo/install/drok_arm_kinematics/share/drok_arm_kinematics/package.xml
[3.038s] -- Installing: /home/hgui/IK_solver_MuJoCo/install/drok_arm_kinematics/lib/libdrok_arm_kinematics.a
[3.038s] -- Installing: /home/hgui/IK_solver_MuJoCo/install/drok_arm_kinematics/lib/drok_arm_kinematics/urdf_geometry_exporter
[3.039s] -- Installing: /home/hgui/IK_solver_MuJoCo/install/drok_arm_kinematics/lib/drok_arm_kinematics/test_fk
[3.039s] -- Installing: /home/hgui/IK_solver_MuJoCo/install/drok_arm_kinematics/share/drok_arm_kinematics/cmake/export_drok_arm_kinematicsExport.cmake
[3.039s] -- Installing: /home/hgui/IK_solver_MuJoCo/install/drok_arm_kinematics/share/drok_arm_kinematics/cmake/export_drok_arm_kinematicsExport-noconfig.cmake
[3.041s] Invoked command in '/home/hgui/IK_solver_MuJoCo/build/drok_arm_kinematics' returned '0': CMAKE_PREFIX_PATH=${CMAKE_PREFIX_PATH}:/opt/ros/humble /usr/bin/cmake --install /home/hgui/IK_solver_MuJoCo/build/drok_arm_kinematics
