$ /usr/bin/python3 /home/hgui/IK_solver_MuJoCo/src/drok_arm_control/scripts/dry_run_cylinder_hybrid_ik.py --candidate-file /home/hgui/IK_solver_MuJoCo/generated_random_known_pose_moves/seed_2_box_1_x0p522965_y0p251652_z0p272000_to_box_2/all_grasp_candidates.yaml --candidate-index 4 --geometry /home/hgui/IK_solver_MuJoCo/src/drok_arm_kinematics/config/robot_geometry.yaml --urdf /home/hgui/IK_solver_MuJoCo/src/drok_arm_mujoco/urdf/drok_arm_mujoco.urdf --output /home/hgui/IK_solver_MuJoCo/generated_random_known_pose_moves/seed_2_box_1_x0p522965_y0p251652_z0p272000_to_box_2/candidate_trials/candidate_04/hybrid_path.yaml

========================================================================================
CYLINDER HYBRID CARTESIAN IK DRY RUN
========================================================================================
Candidate index : 4
Candidate phi   : 40.000 deg
Target RPY      : +0.000000000, -0.000000000, -2.443460953
Cartesian step  : 0.003000 m

현재 /joint_states를 기다립니다.
Current q [rad] : +0.000063078, +0.295663783, +0.294641855, -0.001254646, +0.000210842, -0.004529577

[INITIAL 1/2] Position-only solve at PICK_PREGRASP
[PASS] q = +0.430729, +1.915018, +1.515162, +0.111242, -0.145231, -0.004530

[INITIAL 2/2] Full-pose orientation alignment
[FAIL] Full-pose initial IK
========================================
 DROK TCP Pose IK Solver
========================================
IK mode: full
----------------------------------------
Target position [m]
x = 0.584248555
y = 0.303075009
z = 0.282000000
----------------------------------------
Target RPY [rad]
roll  = 0.000000000
pitch = -0.000000000
yaw   = -2.443460953
----------------------------------------
Initial joint positions [rad]
q1 = 0.430729082
q2 = 1.915018454
q3 = 1.515161998
q4 = 0.111242336
q5 = -0.145230946
q6 = -0.004529577
----------------------------------------
IK result joint positions [rad]
q1 = 0.978789564
q2 = 2.887058903
q3 = 2.872020735
q4 = 0.116517547
q5 = 1.319470000
q6 = -0.578572776
----------------------------------------
Target transform
-0.766044443  0.642787610  0.000000000  0.584248555
-0.642787610 -0.766044443 -0.000000000  0.303075009
-0.000000000  0.000000000  1.000000000  0.282000000
 0.000000000  0.000000000  0.000000000  1.000000000
----------------------------------------
Solved transform
 0.936117116  0.348103277  0.050088457  0.580735884
-0.331892109  0.921527496 -0.201580508  0.483182989
-0.116328726  0.172079000  0.978190393  0.226974501
 0.000000000  0.000000000  0.000000000  1.000000000
----------------------------------------
Success           : false
Iterations        : 1500
Position error    : 0.188358777 m
Orientation error : 2.098878462 rad
Message           : IK reached the maximum iteration count.
----------------------------------------
Machine-readable joint result
JOINT_RESULT=0.978789564,2.887058903,2.872020735,0.116517547,1.319470000,-0.578572776
========================================
[ros2run]: Process exited with failure 2

