-- The C compiler identification is GNU 11.4.0
-- The CXX compiler identification is GNU 11.4.0
-- Detecting C compiler ABI info
-- Detecting C compiler ABI info - done
-- Check for working C compiler: /usr/bin/cc - skipped
-- Detecting C compile features
-- Detecting C compile features - done
-- Detecting CXX compiler ABI info
-- Detecting CXX compiler ABI info - done
-- Check for working CXX compiler: /usr/bin/c++ - skipped
-- Detecting CXX compile features
-- Detecting CXX compile features - done
-- Found ament_cmake: 1.3.14 (/opt/ros/humble/share/ament_cmake/cmake)
-- Found Python3: /usr/bin/python3 (found version "3.10.12") found components: Interpreter 
-- Override CMake install command with custom implementation using symlinks instead of copying resources
-- Configuring done
-- Generating done
-- Build files have been written to: /home/hgui/IK_solver_MuJoCo/build/drok_arm_trajectory
[ 25%] [32mBuilding CXX object CMakeFiles/drok_arm_trajectory.dir/src/poly5_trajectory.cpp.o[0m
[ 50%] [32m[1mLinking CXX static library libdrok_arm_trajectory.a[0m
[ 50%] Built target drok_arm_trajectory
[ 75%] [32mBuilding CXX object CMakeFiles/test_poly5.dir/src/test_poly5.cpp.o[0m
[100%] [32m[1mLinking CXX executable test_poly5[0m
[100%] Built target test_poly5
-- Install configuration: ""
-- Execute custom install script
-- Symlinking: /home/hgui/IK_solver_MuJoCo/install/drok_arm_trajectory/lib/drok_arm_trajectory/test_poly5
-- Symlinking: /home/hgui/IK_solver_MuJoCo/install/drok_arm_trajectory/include/drok_arm_trajectory/poly5_trajectory.hpp
-- Symlinking: /home/hgui/IK_solver_MuJoCo/install/drok_arm_trajectory/share/drok_arm_trajectory/environment/library_path.sh
-- Symlinking: /home/hgui/IK_solver_MuJoCo/install/drok_arm_trajectory/share/drok_arm_trajectory/environment/library_path.dsv
-- Symlinking: /home/hgui/IK_solver_MuJoCo/install/drok_arm_trajectory/share/ament_index/resource_index/package_run_dependencies/drok_arm_trajectory
-- Symlinking: /home/hgui/IK_solver_MuJoCo/install/drok_arm_trajectory/share/ament_index/resource_index/parent_prefix_path/drok_arm_trajectory
-- Symlinking: /home/hgui/IK_solver_MuJoCo/install/drok_arm_trajectory/share/drok_arm_trajectory/environment/ament_prefix_path.sh
-- Symlinking: /home/hgui/IK_solver_MuJoCo/install/drok_arm_trajectory/share/drok_arm_trajectory/environment/ament_prefix_path.dsv
-- Symlinking: /home/hgui/IK_solver_MuJoCo/install/drok_arm_trajectory/share/drok_arm_trajectory/environment/path.sh
-- Symlinking: /home/hgui/IK_solver_MuJoCo/install/drok_arm_trajectory/share/drok_arm_trajectory/environment/path.dsv
-- Symlinking: /home/hgui/IK_solver_MuJoCo/install/drok_arm_trajectory/share/drok_arm_trajectory/local_setup.bash
-- Symlinking: /home/hgui/IK_solver_MuJoCo/install/drok_arm_trajectory/share/drok_arm_trajectory/local_setup.sh
-- Symlinking: /home/hgui/IK_solver_MuJoCo/install/drok_arm_trajectory/share/drok_arm_trajectory/local_setup.zsh
-- Symlinking: /home/hgui/IK_solver_MuJoCo/install/drok_arm_trajectory/share/drok_arm_trajectory/local_setup.dsv
-- Symlinking: /home/hgui/IK_solver_MuJoCo/install/drok_arm_trajectory/share/drok_arm_trajectory/package.dsv
-- Symlinking: /home/hgui/IK_solver_MuJoCo/install/drok_arm_trajectory/share/ament_index/resource_index/packages/drok_arm_trajectory
-- Symlinking: /home/hgui/IK_solver_MuJoCo/install/drok_arm_trajectory/share/drok_arm_trajectory/cmake/ament_cmake_export_targets-extras.cmake
-- Symlinking: /home/hgui/IK_solver_MuJoCo/install/drok_arm_trajectory/share/drok_arm_trajectory/cmake/ament_cmake_export_dependencies-extras.cmake
-- Symlinking: /home/hgui/IK_solver_MuJoCo/install/drok_arm_trajectory/share/drok_arm_trajectory/cmake/drok_arm_trajectoryConfig.cmake
-- Symlinking: /home/hgui/IK_solver_MuJoCo/install/drok_arm_trajectory/share/drok_arm_trajectory/cmake/drok_arm_trajectoryConfig-version.cmake
-- Symlinking: /home/hgui/IK_solver_MuJoCo/install/drok_arm_trajectory/share/drok_arm_trajectory/package.xml
-- Installing: /home/hgui/IK_solver_MuJoCo/install/drok_arm_trajectory/lib/libdrok_arm_trajectory.a
-- Installing: /home/hgui/IK_solver_MuJoCo/install/drok_arm_trajectory/share/drok_arm_trajectory/cmake/export_drok_arm_trajectoryExport.cmake
-- Installing: /home/hgui/IK_solver_MuJoCo/install/drok_arm_trajectory/share/drok_arm_trajectory/cmake/export_drok_arm_trajectoryExport-noconfig.cmake
