[0.008s] Invoking command in '/home/hgui/IK_solver_MuJoCo/build/drok_arm_trajectory': CMAKE_PREFIX_PATH=${CMAKE_PREFIX_PATH}:/opt/ros/humble /usr/bin/cmake /home/hgui/IK_solver_MuJoCo/src/drok_arm_trajectory -DAMENT_CMAKE_SYMLINK_INSTALL=1 -DCMAKE_INSTALL_PREFIX=/home/hgui/IK_solver_MuJoCo/install/drok_arm_trajectory
[0.053s] -- The C compiler identification is GNU 11.4.0
[0.094s] -- The CXX compiler identification is GNU 11.4.0
[0.099s] -- Detecting C compiler ABI info
[0.159s] -- Detecting C compiler ABI info - done
[0.167s] -- Check for working C compiler: /usr/bin/cc - skipped
[0.167s] -- Detecting C compile features
[0.167s] -- Detecting C compile features - done
[0.170s] -- Detecting CXX compiler ABI info
[0.242s] -- Detecting CXX compiler ABI info - done
[0.248s] -- Check for working CXX compiler: /usr/bin/c++ - skipped
[0.248s] -- Detecting CXX compile features
[0.248s] -- Detecting CXX compile features - done
[0.250s] -- Found ament_cmake: 1.3.14 (/opt/ros/humble/share/ament_cmake/cmake)
[0.353s] -- Found Python3: /usr/bin/python3 (found version "3.10.12") found components: Interpreter 
[0.395s] -- Override CMake install command with custom implementation using symlinks instead of copying resources
[0.483s] -- Configuring done
[0.487s] -- Generating done
[0.490s] -- Build files have been written to: /home/hgui/IK_solver_MuJoCo/build/drok_arm_trajectory
[0.500s] Invoked command in '/home/hgui/IK_solver_MuJoCo/build/drok_arm_trajectory' returned '0': CMAKE_PREFIX_PATH=${CMAKE_PREFIX_PATH}:/opt/ros/humble /usr/bin/cmake /home/hgui/IK_solver_MuJoCo/src/drok_arm_trajectory -DAMENT_CMAKE_SYMLINK_INSTALL=1 -DCMAKE_INSTALL_PREFIX=/home/hgui/IK_solver_MuJoCo/install/drok_arm_trajectory
[0.502s] Invoking command in '/home/hgui/IK_solver_MuJoCo/build/drok_arm_trajectory': CMAKE_PREFIX_PATH=${CMAKE_PREFIX_PATH}:/opt/ros/humble /usr/bin/cmake --build /home/hgui/IK_solver_MuJoCo/build/drok_arm_trajectory -- -j18 -l18
[0.540s] [ 25%] [32mBuilding CXX object CMakeFiles/drok_arm_trajectory.dir/src/poly5_trajectory.cpp.o[0m
[2.424s] [ 50%] [32m[1mLinking CXX static library libdrok_arm_trajectory.a[0m
[2.488s] [ 50%] Built target drok_arm_trajectory
[2.508s] [ 75%] [32mBuilding CXX object CMakeFiles/test_poly5.dir/src/test_poly5.cpp.o[0m
[3.292s] [100%] [32m[1mLinking CXX executable test_poly5[0m
[3.376s] [100%] Built target test_poly5
[3.387s] Invoked command in '/home/hgui/IK_solver_MuJoCo/build/drok_arm_trajectory' returned '0': CMAKE_PREFIX_PATH=${CMAKE_PREFIX_PATH}:/opt/ros/humble /usr/bin/cmake --build /home/hgui/IK_solver_MuJoCo/build/drok_arm_trajectory -- -j18 -l18
[3.394s] Invoking command in '/home/hgui/IK_solver_MuJoCo/build/drok_arm_trajectory': CMAKE_PREFIX_PATH=${CMAKE_PREFIX_PATH}:/opt/ros/humble /usr/bin/cmake --install /home/hgui/IK_solver_MuJoCo/build/drok_arm_trajectory
[3.401s] -- Install configuration: ""
[3.401s] -- Execute custom install script
[3.401s] -- Symlinking: /home/hgui/IK_solver_MuJoCo/install/drok_arm_trajectory/lib/drok_arm_trajectory/test_poly5
[3.409s] -- Symlinking: /home/hgui/IK_solver_MuJoCo/install/drok_arm_trajectory/include/drok_arm_trajectory/poly5_trajectory.hpp
[3.418s] -- Symlinking: /home/hgui/IK_solver_MuJoCo/install/drok_arm_trajectory/share/drok_arm_trajectory/environment/library_path.sh
[3.425s] -- Symlinking: /home/hgui/IK_solver_MuJoCo/install/drok_arm_trajectory/share/drok_arm_trajectory/environment/library_path.dsv
[3.432s] -- Symlinking: /home/hgui/IK_solver_MuJoCo/install/drok_arm_trajectory/share/ament_index/resource_index/package_run_dependencies/drok_arm_trajectory
[3.441s] -- Symlinking: /home/hgui/IK_solver_MuJoCo/install/drok_arm_trajectory/share/ament_index/resource_index/parent_prefix_path/drok_arm_trajectory
[3.449s] -- Symlinking: /home/hgui/IK_solver_MuJoCo/install/drok_arm_trajectory/share/drok_arm_trajectory/environment/ament_prefix_path.sh
[3.456s] -- Symlinking: /home/hgui/IK_solver_MuJoCo/install/drok_arm_trajectory/share/drok_arm_trajectory/environment/ament_prefix_path.dsv
[3.463s] -- Symlinking: /home/hgui/IK_solver_MuJoCo/install/drok_arm_trajectory/share/drok_arm_trajectory/environment/path.sh
[3.468s] -- Symlinking: /home/hgui/IK_solver_MuJoCo/install/drok_arm_trajectory/share/drok_arm_trajectory/environment/path.dsv
[3.475s] -- Symlinking: /home/hgui/IK_solver_MuJoCo/install/drok_arm_trajectory/share/drok_arm_trajectory/local_setup.bash
[3.482s] -- Symlinking: /home/hgui/IK_solver_MuJoCo/install/drok_arm_trajectory/share/drok_arm_trajectory/local_setup.sh
[3.489s] -- Symlinking: /home/hgui/IK_solver_MuJoCo/install/drok_arm_trajectory/share/drok_arm_trajectory/local_setup.zsh
[3.496s] -- Symlinking: /home/hgui/IK_solver_MuJoCo/install/drok_arm_trajectory/share/drok_arm_trajectory/local_setup.dsv
[3.504s] -- Symlinking: /home/hgui/IK_solver_MuJoCo/install/drok_arm_trajectory/share/drok_arm_trajectory/package.dsv
[3.512s] -- Symlinking: /home/hgui/IK_solver_MuJoCo/install/drok_arm_trajectory/share/ament_index/resource_index/packages/drok_arm_trajectory
[3.520s] -- Symlinking: /home/hgui/IK_solver_MuJoCo/install/drok_arm_trajectory/share/drok_arm_trajectory/cmake/ament_cmake_export_targets-extras.cmake
[3.527s] -- Symlinking: /home/hgui/IK_solver_MuJoCo/install/drok_arm_trajectory/share/drok_arm_trajectory/cmake/ament_cmake_export_dependencies-extras.cmake
[3.537s] -- Symlinking: /home/hgui/IK_solver_MuJoCo/install/drok_arm_trajectory/share/drok_arm_trajectory/cmake/drok_arm_trajectoryConfig.cmake
[3.545s] -- Symlinking: /home/hgui/IK_solver_MuJoCo/install/drok_arm_trajectory/share/drok_arm_trajectory/cmake/drok_arm_trajectoryConfig-version.cmake
[3.552s] -- Symlinking: /home/hgui/IK_solver_MuJoCo/install/drok_arm_trajectory/share/drok_arm_trajectory/package.xml
[3.561s] -- Installing: /home/hgui/IK_solver_MuJoCo/install/drok_arm_trajectory/lib/libdrok_arm_trajectory.a
[3.561s] -- Installing: /home/hgui/IK_solver_MuJoCo/install/drok_arm_trajectory/share/drok_arm_trajectory/cmake/export_drok_arm_trajectoryExport.cmake
[3.561s] -- Installing: /home/hgui/IK_solver_MuJoCo/install/drok_arm_trajectory/share/drok_arm_trajectory/cmake/export_drok_arm_trajectoryExport-noconfig.cmake
[3.564s] Invoked command in '/home/hgui/IK_solver_MuJoCo/build/drok_arm_trajectory' returned '0': CMAKE_PREFIX_PATH=${CMAKE_PREFIX_PATH}:/opt/ros/humble /usr/bin/cmake --install /home/hgui/IK_solver_MuJoCo/build/drok_arm_trajectory
