$ /usr/bin/python3 /home/hgui/IK_solver_MuJoCo/src/drok_arm_control/scripts/generate_cylinder_place_retreat_target.py --hybrid-path /home/hgui/IK_solver_MuJoCo/generated_random_known_pose_moves/seed_2_box_1_x0p522965_y0p251652_z0p272000_to_box_2/candidate_trials/candidate_25/hybrid_path.yaml --candidate-file /home/hgui/IK_solver_MuJoCo/generated_random_known_pose_moves/seed_2_box_1_x0p522965_y0p251652_z0p272000_to_box_2/all_grasp_candidates.yaml --geometry /home/hgui/IK_solver_MuJoCo/src/drok_arm_kinematics/config/robot_geometry.yaml --output /home/hgui/IK_solver_MuJoCo/generated_random_known_pose_moves/seed_2_box_1_x0p522965_y0p251652_z0p272000_to_box_2/candidate_trials/candidate_25/retreat_target.yaml

========================================
 DROK Upright 5-DoF IK Solver
========================================
IK mode: upright
----------------------------------------
Target position [m]
x = 0.450000000
y = -0.180000000
z = 0.282000000
----------------------------------------
Constraint
TCP local +Z = world +Z
TCP yaw      = free
----------------------------------------
Initial joint positions [rad]
q1 = -0.826507514
q2 = 1.746783854
q3 = 1.048690789
q4 = 0.208851783
q5 = -1.328547360
q6 = 0.304723213
----------------------------------------
IK result joint positions [rad]
q1 = -0.826507514
q2 = 1.746783854
q3 = 1.048690789
q4 = 0.208851783
q5 = -1.328547360
q6 = 0.304723213
----------------------------------------
Solved TCP local +Z in world
-0.000005205 -0.000006746  1.000000000
Solved TCP yaw    : 0.425785196 rad
----------------------------------------
Success           : true
Iterations        : 0
Position error    : 0.000012985 m
Upright error     : 0.000008521 rad
Orientation error : 0.000008521 rad
Minimum margin    : 0.193202640 rad
Message           : Upright IK converged.
----------------------------------------
Machine-readable joint result
JOINT_RESULT=-0.826507514,1.746783854,1.048690789,0.208851783,-1.328547360,0.304723213
========================================

========================================================================================
NEW HEIGHT PLACE RETREAT TARGET
========================================================================================
Candidate index : 25
Final yaw       : +24.395695 deg
Place grasp TCP : +0.450000000, -0.180000000, +0.282000000
Retreat TCP     : +0.377142824, -0.213042880, +0.282000000
Retreat vector  : -0.910714700, -0.413035999, +0.000000000
Saved:
/home/hgui/IK_solver_MuJoCo/generated_random_known_pose_moves/seed_2_box_1_x0p522965_y0p251652_z0p272000_to_box_2/candidate_trials/candidate_25/retreat_target.yaml
