$ /usr/bin/python3 /home/hgui/IK_solver_MuJoCo/src/drok_arm_control/scripts/time_parameterize_cylinder_path.py --path /home/hgui/IK_solver_MuJoCo/generated_random_known_pose_moves/seed_2_box_1_x0p522965_y0p251652_z0p272000_to_box_2/candidate_trials/candidate_25/full_cartesian_path.yaml --timing-config /home/hgui/IK_solver_MuJoCo/src/drok_arm_control/config/cylinder_trajectory_timing.yaml --urdf /home/hgui/IK_solver_MuJoCo/src/drok_arm_mujoco/urdf/drok_arm_mujoco.urdf --controllers /home/hgui/IK_solver_MuJoCo/src/drok_arm_mujoco/config/controllers.yaml --output /home/hgui/IK_solver_MuJoCo/generated_random_known_pose_moves/seed_2_box_1_x0p522965_y0p251652_z0p272000_to_box_2/candidate_trials/candidate_25/timed_joint_path.yaml

================================================================================================
CYLINDER PATH TIME PARAMETERIZATION
================================================================================================
Controller rate : 100.000 Hz

Derived limits
  JOINT1: v=0.420000 rad/s, a=0.840000 rad/s^2, j=4.200000 rad/s^3
  JOINT2: v=0.420000 rad/s, a=0.840000 rad/s^2, j=4.200000 rad/s^3
  JOINT3: v=0.420000 rad/s, a=0.840000 rad/s^2, j=4.200000 rad/s^3
  JOINT4: v=0.420000 rad/s, a=0.840000 rad/s^2, j=4.200000 rad/s^3
  JOINT5: v=0.420000 rad/s, a=0.840000 rad/s^2, j=4.200000 rad/s^3
  JOINT6: v=0.350000 rad/s, a=0.700000 rad/s^2, j=3.500000 rad/s^3

[MOTION_BLOCK_1_PICK_APPROACH] index=0->27
  waypoints       : 28
  duration        : 1.410000 s
  samples         : 142
  velocity ratio  : 0.546955
  accel ratio     : 0.620792
  jerk ratio      : 0.931740
  limit margin    : 9.666575 deg

[MOTION_BLOCK_2_PICK_LIFT] index=27->44
  waypoints       : 18
  duration        : 1.380000 s
  samples         : 139
  velocity ratio  : 0.554297
  accel ratio     : 0.620699
  jerk ratio      : 0.936138
  limit margin    : 17.705329 deg

[MOTION_BLOCK_3_TRANSFER] index=44->190
  waypoints       : 147
  duration        : 4.410000 s
  samples         : 442
  velocity ratio  : 0.979068
  accel ratio     : 0.388676
  jerk ratio      : 0.160595
  limit margin    : 11.182874 deg

[MOTION_BLOCK_4_PLACE_DESCEND] index=190->207
  waypoints       : 18
  duration        : 1.390000 s
  samples         : 140
  velocity ratio  : 0.552510
  accel ratio     : 0.616286
  jerk ratio      : 0.925092
  limit margin    : 11.069696 deg

[MOTION_BLOCK_5_PLACE_RETREAT] index=207->234
  waypoints       : 28
  duration        : 1.510000 s
  samples         : 152
  velocity ratio  : 0.646062
  accel ratio     : 0.669398
  jerk ratio      : 0.926738
  limit margin    : 1.575283 deg

================================================================================================
OVERALL RESULT: PASS
================================================================================================
Motion blocks       : 5
Arm motion duration : 10.100000 s
Gripper dwell       : not included
Saved:
/home/hgui/IK_solver_MuJoCo/generated_random_known_pose_moves/seed_2_box_1_x0p522965_y0p251652_z0p272000_to_box_2/candidate_trials/candidate_25/timed_joint_path.yaml
