[0.010s] Invoking command in '/home/hgui/IK_solver_MuJoCo/build/drok_arm_control': CMAKE_PREFIX_PATH=/home/hgui/IK_solver_MuJoCo/install/drok_arm_trajectory:/home/hgui/IK_solver_MuJoCo/install/drok_arm_kinematics:/home/hgui/IK_solver_MuJoCo/install/drok_arm_control:/home/hgui/IK_solver_MuJoCo/install/drok_arm_description:/opt/ros/humble /usr/bin/cmake /home/hgui/IK_solver_MuJoCo/src/drok_arm_control -DAMENT_CMAKE_SYMLINK_INSTALL=1 -DCMAKE_INSTALL_PREFIX=/home/hgui/IK_solver_MuJoCo/install/drok_arm_control
[0.056s] -- The C compiler identification is GNU 11.4.0
[0.095s] -- The CXX compiler identification is GNU 11.4.0
[0.100s] -- Detecting C compiler ABI info
[0.152s] -- Detecting C compiler ABI info - done
[0.157s] -- Check for working C compiler: /usr/bin/cc - skipped
[0.157s] -- Detecting C compile features
[0.158s] -- Detecting C compile features - done
[0.159s] -- Detecting CXX compiler ABI info
[0.219s] -- Detecting CXX compiler ABI info - done
[0.224s] -- Check for working CXX compiler: /usr/bin/c++ - skipped
[0.224s] -- Detecting CXX compile features
[0.224s] -- Detecting CXX compile features - done
[0.226s] -- Found ament_cmake: 1.3.14 (/opt/ros/humble/share/ament_cmake/cmake)
[0.324s] -- Found Python3: /usr/bin/python3 (found version "3.10.12") found components: Interpreter 
[0.366s] -- Override CMake install command with custom implementation using symlinks instead of copying resources
[0.383s] -- Found rclcpp: 16.0.19 (/opt/ros/humble/share/rclcpp/cmake)
[0.409s] -- Found rosidl_generator_c: 3.1.8 (/opt/ros/humble/share/rosidl_generator_c/cmake)
[0.412s] -- Found rosidl_adapter: 3.1.8 (/opt/ros/humble/share/rosidl_adapter/cmake)
[0.416s] -- Found rosidl_generator_cpp: 3.1.8 (/opt/ros/humble/share/rosidl_generator_cpp/cmake)
[0.424s] -- Using all available rosidl_typesupport_c: rosidl_typesupport_fastrtps_c;rosidl_typesupport_introspection_c
[0.434s] -- Using all available rosidl_typesupport_cpp: rosidl_typesupport_fastrtps_cpp;rosidl_typesupport_introspection_cpp
[0.461s] -- Found rmw_implementation_cmake: 6.1.2 (/opt/ros/humble/share/rmw_implementation_cmake/cmake)
[0.462s] -- Found rmw_fastrtps_cpp: 6.2.10 (/opt/ros/humble/share/rmw_fastrtps_cpp/cmake)
[0.526s] -- Found OpenSSL: /usr/lib/x86_64-linux-gnu/libcrypto.so (found version "3.0.2")  
[0.545s] -- Found FastRTPS: /opt/ros/humble/include  
[0.572s] -- Using RMW implementation 'rmw_fastrtps_cpp' as default
[0.577s] -- Looking for pthread.h
[0.638s] -- Looking for pthread.h - found
[0.639s] -- Performing Test CMAKE_HAVE_LIBC_PTHREAD
[0.702s] -- Performing Test CMAKE_HAVE_LIBC_PTHREAD - Success
[0.703s] -- Found Threads: TRUE  
[0.738s] -- Found sensor_msgs: 4.9.1 (/opt/ros/humble/share/sensor_msgs/cmake)
[0.758s] -- Found trajectory_msgs: 4.9.1 (/opt/ros/humble/share/trajectory_msgs/cmake)
[0.776s] -- Found drok_arm_kinematics: 0.1.0 (/home/hgui/IK_solver_MuJoCo/install/drok_arm_kinematics/share/drok_arm_kinematics/cmake)
[0.777s] -- Found drok_arm_trajectory: 0.0.1 (/home/hgui/IK_solver_MuJoCo/install/drok_arm_trajectory/share/drok_arm_trajectory/cmake)
[0.841s] -- Configuring done
[0.848s] -- Generating done
[0.851s] -- Build files have been written to: /home/hgui/IK_solver_MuJoCo/build/drok_arm_control
[0.859s] Invoked command in '/home/hgui/IK_solver_MuJoCo/build/drok_arm_control' returned '0': CMAKE_PREFIX_PATH=/home/hgui/IK_solver_MuJoCo/install/drok_arm_trajectory:/home/hgui/IK_solver_MuJoCo/install/drok_arm_kinematics:/home/hgui/IK_solver_MuJoCo/install/drok_arm_control:/home/hgui/IK_solver_MuJoCo/install/drok_arm_description:/opt/ros/humble /usr/bin/cmake /home/hgui/IK_solver_MuJoCo/src/drok_arm_control -DAMENT_CMAKE_SYMLINK_INSTALL=1 -DCMAKE_INSTALL_PREFIX=/home/hgui/IK_solver_MuJoCo/install/drok_arm_control
[0.860s] Invoking command in '/home/hgui/IK_solver_MuJoCo/build/drok_arm_control': CMAKE_PREFIX_PATH=/home/hgui/IK_solver_MuJoCo/install/drok_arm_trajectory:/home/hgui/IK_solver_MuJoCo/install/drok_arm_kinematics:/home/hgui/IK_solver_MuJoCo/install/drok_arm_control:/home/hgui/IK_solver_MuJoCo/install/drok_arm_description:/opt/ros/humble /usr/bin/cmake --build /home/hgui/IK_solver_MuJoCo/build/drok_arm_control -- -j18 -l18
[0.896s] [ 25%] [32mBuilding CXX object CMakeFiles/pose_motion_node.dir/src/pose_motion_node.cpp.o[0m
[0.898s] [ 50%] [32mBuilding CXX object CMakeFiles/pose_joint_trajectory_node.dir/src/pose_joint_trajectory_node.cpp.o[0m
[7.511s] [ 75%] [32m[1mLinking CXX executable pose_motion_node[0m
[7.814s] [100%] [32m[1mLinking CXX executable pose_joint_trajectory_node[0m
[8.047s] [100%] Built target pose_motion_node
[8.350s] [100%] Built target pose_joint_trajectory_node
[8.361s] Invoked command in '/home/hgui/IK_solver_MuJoCo/build/drok_arm_control' returned '0': CMAKE_PREFIX_PATH=/home/hgui/IK_solver_MuJoCo/install/drok_arm_trajectory:/home/hgui/IK_solver_MuJoCo/install/drok_arm_kinematics:/home/hgui/IK_solver_MuJoCo/install/drok_arm_control:/home/hgui/IK_solver_MuJoCo/install/drok_arm_description:/opt/ros/humble /usr/bin/cmake --build /home/hgui/IK_solver_MuJoCo/build/drok_arm_control -- -j18 -l18
[8.370s] Invoking command in '/home/hgui/IK_solver_MuJoCo/build/drok_arm_control': CMAKE_PREFIX_PATH=/home/hgui/IK_solver_MuJoCo/install/drok_arm_trajectory:/home/hgui/IK_solver_MuJoCo/install/drok_arm_kinematics:/home/hgui/IK_solver_MuJoCo/install/drok_arm_control:/home/hgui/IK_solver_MuJoCo/install/drok_arm_description:/opt/ros/humble /usr/bin/cmake --install /home/hgui/IK_solver_MuJoCo/build/drok_arm_control
[8.376s] -- Install configuration: ""
[8.377s] -- Execute custom install script
[8.377s] -- Symlinking: /home/hgui/IK_solver_MuJoCo/install/drok_arm_control/lib/drok_arm_control/pose_motion_node
[8.385s] -- Symlinking: /home/hgui/IK_solver_MuJoCo/install/drok_arm_control/lib/drok_arm_control/pose_joint_trajectory_node
[8.391s] -- Symlinking: /home/hgui/IK_solver_MuJoCo/install/drok_arm_control/include/drok_arm_control/pose_joint_trajectory_node.hpp
[8.399s] -- Symlinking: /home/hgui/IK_solver_MuJoCo/install/drok_arm_control/include/drok_arm_control/pose_motion_node.hpp
[8.404s] -- Symlinking: /home/hgui/IK_solver_MuJoCo/install/drok_arm_control/share/ament_index/resource_index/package_run_dependencies/drok_arm_control
[8.412s] -- Symlinking: /home/hgui/IK_solver_MuJoCo/install/drok_arm_control/share/ament_index/resource_index/parent_prefix_path/drok_arm_control
[8.418s] -- Symlinking: /home/hgui/IK_solver_MuJoCo/install/drok_arm_control/share/drok_arm_control/environment/ament_prefix_path.sh
[8.427s] -- Symlinking: /home/hgui/IK_solver_MuJoCo/install/drok_arm_control/share/drok_arm_control/environment/ament_prefix_path.dsv
[8.434s] -- Symlinking: /home/hgui/IK_solver_MuJoCo/install/drok_arm_control/share/drok_arm_control/environment/path.sh
[8.439s] -- Symlinking: /home/hgui/IK_solver_MuJoCo/install/drok_arm_control/share/drok_arm_control/environment/path.dsv
[8.446s] -- Symlinking: /home/hgui/IK_solver_MuJoCo/install/drok_arm_control/share/drok_arm_control/local_setup.bash
[8.452s] -- Symlinking: /home/hgui/IK_solver_MuJoCo/install/drok_arm_control/share/drok_arm_control/local_setup.sh
[8.457s] -- Symlinking: /home/hgui/IK_solver_MuJoCo/install/drok_arm_control/share/drok_arm_control/local_setup.zsh
[8.464s] -- Symlinking: /home/hgui/IK_solver_MuJoCo/install/drok_arm_control/share/drok_arm_control/local_setup.dsv
[8.469s] -- Symlinking: /home/hgui/IK_solver_MuJoCo/install/drok_arm_control/share/drok_arm_control/package.dsv
[8.475s] -- Symlinking: /home/hgui/IK_solver_MuJoCo/install/drok_arm_control/share/ament_index/resource_index/packages/drok_arm_control
[8.482s] -- Symlinking: /home/hgui/IK_solver_MuJoCo/install/drok_arm_control/share/drok_arm_control/cmake/drok_arm_controlConfig.cmake
[8.487s] -- Symlinking: /home/hgui/IK_solver_MuJoCo/install/drok_arm_control/share/drok_arm_control/cmake/drok_arm_controlConfig-version.cmake
[8.494s] -- Symlinking: /home/hgui/IK_solver_MuJoCo/install/drok_arm_control/share/drok_arm_control/package.xml
[8.500s] Invoked command in '/home/hgui/IK_solver_MuJoCo/build/drok_arm_control' returned '0': CMAKE_PREFIX_PATH=/home/hgui/IK_solver_MuJoCo/install/drok_arm_trajectory:/home/hgui/IK_solver_MuJoCo/install/drok_arm_kinematics:/home/hgui/IK_solver_MuJoCo/install/drok_arm_control:/home/hgui/IK_solver_MuJoCo/install/drok_arm_description:/opt/ros/humble /usr/bin/cmake --install /home/hgui/IK_solver_MuJoCo/build/drok_arm_control
