[0.071s] DEBUG:colcon:Command line arguments: ['/usr/bin/colcon', 'build', '--symlink-install', '--packages-select', 'drok_arm_mujoco', '--event-handlers', 'console_direct+']
[0.071s] DEBUG:colcon:Parsed command line arguments: Namespace(log_base=None, log_level=None, verb_name='build', build_base='build', install_base='install', merge_install=False, symlink_install=True, test_result_base=None, continue_on_error=False, executor='parallel', parallel_workers=18, event_handlers=['console_direct+'], ignore_user_meta=False, metas=['./colcon.meta'], base_paths=['.'], packages_ignore=None, packages_ignore_regex=None, paths=None, packages_up_to=None, packages_up_to_regex=None, packages_above=None, packages_above_and_dependencies=None, packages_above_depth=None, packages_select_by_dep=None, packages_skip_by_dep=None, packages_skip_up_to=None, packages_select_build_failed=False, packages_skip_build_finished=False, packages_select_test_failures=False, packages_skip_test_passed=False, packages_select=['drok_arm_mujoco'], packages_skip=None, packages_select_regex=None, packages_skip_regex=None, packages_start=None, packages_end=None, allow_overriding=[], cmake_args=None, cmake_target=None, cmake_target_skip_unavailable=False, cmake_clean_cache=False, cmake_clean_first=False, cmake_force_configure=False, ament_cmake_args=None, catkin_cmake_args=None, catkin_skip_building_tests=False, mixin_files=None, mixin=None, verb_parser=<colcon_mixin.mixin.mixin_argument.MixinArgumentDecorator object at 0x7f215ab639a0>, verb_extension=<colcon_core.verb.build.BuildVerb object at 0x7f215aca0fa0>, main=<bound method BuildVerb.main of <colcon_core.verb.build.BuildVerb object at 0x7f215aca0fa0>>, mixin_verb=('build',))
[0.191s] Level 1:colcon.colcon_core.package_discovery:discover_packages(colcon_meta) check parameters
[0.191s] Level 1:colcon.colcon_core.package_discovery:discover_packages(recursive) check parameters
[0.191s] Level 1:colcon.colcon_core.package_discovery:discover_packages(ignore) check parameters
[0.191s] Level 1:colcon.colcon_core.package_discovery:discover_packages(path) check parameters
[0.191s] Level 1:colcon.colcon_core.package_discovery:discover_packages(colcon_meta) discover
[0.191s] Level 1:colcon.colcon_core.package_discovery:discover_packages(recursive) discover
[0.191s] INFO:colcon.colcon_core.package_discovery:Crawling recursively for packages in '/home/hgui/IK_solver_MuJoCo'
[0.191s] Level 1:colcon.colcon_core.package_identification:_identify(.) by extensions ['ignore', 'ignore_ament_install']
[0.191s] Level 1:colcon.colcon_core.package_identification:_identify(.) by extension 'ignore'
[0.191s] Level 1:colcon.colcon_core.package_identification:_identify(.) by extension 'ignore_ament_install'
[0.191s] Level 1:colcon.colcon_core.package_identification:_identify(.) by extensions ['colcon_pkg']
[0.191s] Level 1:colcon.colcon_core.package_identification:_identify(.) by extension 'colcon_pkg'
[0.191s] Level 1:colcon.colcon_core.package_identification:_identify(.) by extensions ['colcon_meta']
[0.191s] Level 1:colcon.colcon_core.package_identification:_identify(.) by extension 'colcon_meta'
[0.191s] Level 1:colcon.colcon_core.package_identification:_identify(.) by extensions ['ros']
[0.191s] Level 1:colcon.colcon_core.package_identification:_identify(.) by extension 'ros'
[0.216s] Level 1:colcon.colcon_core.package_identification:_identify(.) by extensions ['cmake', 'python']
[0.216s] Level 1:colcon.colcon_core.package_identification:_identify(.) by extension 'cmake'
[0.217s] Level 1:colcon.colcon_core.package_identification:_identify(.) by extension 'python'
[0.217s] Level 1:colcon.colcon_core.package_identification:_identify(.) by extensions ['python_setup_py']
[0.217s] Level 1:colcon.colcon_core.package_identification:_identify(.) by extension 'python_setup_py'
[0.217s] Level 1:colcon.colcon_core.package_identification:_identify(build) by extensions ['ignore', 'ignore_ament_install']
[0.217s] Level 1:colcon.colcon_core.package_identification:_identify(build) by extension 'ignore'
[0.217s] Level 1:colcon.colcon_core.package_identification:_identify(build) ignored
[0.217s] Level 1:colcon.colcon_core.package_identification:_identify(install) by extensions ['ignore', 'ignore_ament_install']
[0.217s] Level 1:colcon.colcon_core.package_identification:_identify(install) by extension 'ignore'
[0.217s] Level 1:colcon.colcon_core.package_identification:_identify(install) ignored
[0.217s] Level 1:colcon.colcon_core.package_identification:_identify(log) by extensions ['ignore', 'ignore_ament_install']
[0.217s] Level 1:colcon.colcon_core.package_identification:_identify(log) by extension 'ignore'
[0.217s] Level 1:colcon.colcon_core.package_identification:_identify(log) ignored
[0.217s] Level 1:colcon.colcon_core.package_identification:_identify(src) by extensions ['ignore', 'ignore_ament_install']
[0.217s] Level 1:colcon.colcon_core.package_identification:_identify(src) by extension 'ignore'
[0.217s] Level 1:colcon.colcon_core.package_identification:_identify(src) by extension 'ignore_ament_install'
[0.217s] Level 1:colcon.colcon_core.package_identification:_identify(src) by extensions ['colcon_pkg']
[0.217s] Level 1:colcon.colcon_core.package_identification:_identify(src) by extension 'colcon_pkg'
[0.217s] Level 1:colcon.colcon_core.package_identification:_identify(src) by extensions ['colcon_meta']
[0.217s] Level 1:colcon.colcon_core.package_identification:_identify(src) by extension 'colcon_meta'
[0.217s] Level 1:colcon.colcon_core.package_identification:_identify(src) by extensions ['ros']
[0.217s] Level 1:colcon.colcon_core.package_identification:_identify(src) by extension 'ros'
[0.217s] Level 1:colcon.colcon_core.package_identification:_identify(src) by extensions ['cmake', 'python']
[0.217s] Level 1:colcon.colcon_core.package_identification:_identify(src) by extension 'cmake'
[0.217s] Level 1:colcon.colcon_core.package_identification:_identify(src) by extension 'python'
[0.217s] Level 1:colcon.colcon_core.package_identification:_identify(src) by extensions ['python_setup_py']
[0.217s] Level 1:colcon.colcon_core.package_identification:_identify(src) by extension 'python_setup_py'
[0.217s] Level 1:colcon.colcon_core.package_identification:_identify(src/drok_arm_control) by extensions ['ignore', 'ignore_ament_install']
[0.218s] Level 1:colcon.colcon_core.package_identification:_identify(src/drok_arm_control) by extension 'ignore'
[0.218s] Level 1:colcon.colcon_core.package_identification:_identify(src/drok_arm_control) by extension 'ignore_ament_install'
[0.218s] Level 1:colcon.colcon_core.package_identification:_identify(src/drok_arm_control) by extensions ['colcon_pkg']
[0.218s] Level 1:colcon.colcon_core.package_identification:_identify(src/drok_arm_control) by extension 'colcon_pkg'
[0.218s] Level 1:colcon.colcon_core.package_identification:_identify(src/drok_arm_control) by extensions ['colcon_meta']
[0.218s] Level 1:colcon.colcon_core.package_identification:_identify(src/drok_arm_control) by extension 'colcon_meta'
[0.218s] Level 1:colcon.colcon_core.package_identification:_identify(src/drok_arm_control) by extensions ['ros']
[0.218s] Level 1:colcon.colcon_core.package_identification:_identify(src/drok_arm_control) by extension 'ros'
[0.220s] DEBUG:colcon.colcon_core.package_identification:Package 'src/drok_arm_control' with type 'ros.ament_cmake' and name 'drok_arm_control'
[0.220s] Level 1:colcon.colcon_core.package_identification:_identify(src/drok_arm_description) by extensions ['ignore', 'ignore_ament_install']
[0.220s] Level 1:colcon.colcon_core.package_identification:_identify(src/drok_arm_description) by extension 'ignore'
[0.220s] Level 1:colcon.colcon_core.package_identification:_identify(src/drok_arm_description) by extension 'ignore_ament_install'
[0.220s] Level 1:colcon.colcon_core.package_identification:_identify(src/drok_arm_description) by extensions ['colcon_pkg']
[0.220s] Level 1:colcon.colcon_core.package_identification:_identify(src/drok_arm_description) by extension 'colcon_pkg'
[0.220s] Level 1:colcon.colcon_core.package_identification:_identify(src/drok_arm_description) by extensions ['colcon_meta']
[0.220s] Level 1:colcon.colcon_core.package_identification:_identify(src/drok_arm_description) by extension 'colcon_meta'
[0.220s] Level 1:colcon.colcon_core.package_identification:_identify(src/drok_arm_description) by extensions ['ros']
[0.220s] Level 1:colcon.colcon_core.package_identification:_identify(src/drok_arm_description) by extension 'ros'
[0.220s] DEBUG:colcon.colcon_core.package_identification:Package 'src/drok_arm_description' with type 'ros.ament_cmake' and name 'drok_arm_description'
[0.220s] Level 1:colcon.colcon_core.package_identification:_identify(src/drok_arm_kinematics) by extensions ['ignore', 'ignore_ament_install']
[0.220s] Level 1:colcon.colcon_core.package_identification:_identify(src/drok_arm_kinematics) by extension 'ignore'
[0.220s] Level 1:colcon.colcon_core.package_identification:_identify(src/drok_arm_kinematics) by extension 'ignore_ament_install'
[0.220s] Level 1:colcon.colcon_core.package_identification:_identify(src/drok_arm_kinematics) by extensions ['colcon_pkg']
[0.220s] Level 1:colcon.colcon_core.package_identification:_identify(src/drok_arm_kinematics) by extension 'colcon_pkg'
[0.220s] Level 1:colcon.colcon_core.package_identification:_identify(src/drok_arm_kinematics) by extensions ['colcon_meta']
[0.220s] Level 1:colcon.colcon_core.package_identification:_identify(src/drok_arm_kinematics) by extension 'colcon_meta'
[0.220s] Level 1:colcon.colcon_core.package_identification:_identify(src/drok_arm_kinematics) by extensions ['ros']
[0.220s] Level 1:colcon.colcon_core.package_identification:_identify(src/drok_arm_kinematics) by extension 'ros'
[0.221s] DEBUG:colcon.colcon_core.package_identification:Package 'src/drok_arm_kinematics' with type 'ros.ament_cmake' and name 'drok_arm_kinematics'
[0.221s] Level 1:colcon.colcon_core.package_identification:_identify(src/drok_arm_mujoco) by extensions ['ignore', 'ignore_ament_install']
[0.221s] Level 1:colcon.colcon_core.package_identification:_identify(src/drok_arm_mujoco) by extension 'ignore'
[0.221s] Level 1:colcon.colcon_core.package_identification:_identify(src/drok_arm_mujoco) by extension 'ignore_ament_install'
[0.221s] Level 1:colcon.colcon_core.package_identification:_identify(src/drok_arm_mujoco) by extensions ['colcon_pkg']
[0.221s] Level 1:colcon.colcon_core.package_identification:_identify(src/drok_arm_mujoco) by extension 'colcon_pkg'
[0.221s] Level 1:colcon.colcon_core.package_identification:_identify(src/drok_arm_mujoco) by extensions ['colcon_meta']
[0.221s] Level 1:colcon.colcon_core.package_identification:_identify(src/drok_arm_mujoco) by extension 'colcon_meta'
[0.221s] Level 1:colcon.colcon_core.package_identification:_identify(src/drok_arm_mujoco) by extensions ['ros']
[0.221s] Level 1:colcon.colcon_core.package_identification:_identify(src/drok_arm_mujoco) by extension 'ros'
[0.221s] DEBUG:colcon.colcon_core.package_identification:Package 'src/drok_arm_mujoco' with type 'ros.ament_cmake' and name 'drok_arm_mujoco'
[0.222s] Level 1:colcon.colcon_core.package_identification:_identify(src/drok_arm_trajectory) by extensions ['ignore', 'ignore_ament_install']
[0.222s] Level 1:colcon.colcon_core.package_identification:_identify(src/drok_arm_trajectory) by extension 'ignore'
[0.222s] Level 1:colcon.colcon_core.package_identification:_identify(src/drok_arm_trajectory) by extension 'ignore_ament_install'
[0.222s] Level 1:colcon.colcon_core.package_identification:_identify(src/drok_arm_trajectory) by extensions ['colcon_pkg']
[0.222s] Level 1:colcon.colcon_core.package_identification:_identify(src/drok_arm_trajectory) by extension 'colcon_pkg'
[0.222s] Level 1:colcon.colcon_core.package_identification:_identify(src/drok_arm_trajectory) by extensions ['colcon_meta']
[0.222s] Level 1:colcon.colcon_core.package_identification:_identify(src/drok_arm_trajectory) by extension 'colcon_meta'
[0.222s] Level 1:colcon.colcon_core.package_identification:_identify(src/drok_arm_trajectory) by extensions ['ros']
[0.222s] Level 1:colcon.colcon_core.package_identification:_identify(src/drok_arm_trajectory) by extension 'ros'
[0.222s] DEBUG:colcon.colcon_core.package_identification:Package 'src/drok_arm_trajectory' with type 'ros.ament_cmake' and name 'drok_arm_trajectory'
[0.222s] Level 1:colcon.colcon_core.package_discovery:discover_packages(recursive) using defaults
[0.222s] Level 1:colcon.colcon_core.package_discovery:discover_packages(ignore) discover
[0.222s] Level 1:colcon.colcon_core.package_discovery:discover_packages(ignore) using defaults
[0.222s] Level 1:colcon.colcon_core.package_discovery:discover_packages(path) discover
[0.222s] Level 1:colcon.colcon_core.package_discovery:discover_packages(path) using defaults
[0.235s] INFO:colcon.colcon_core.package_selection:Skipping not selected package 'drok_arm_description' in 'src/drok_arm_description'
[0.235s] INFO:colcon.colcon_core.package_selection:Skipping not selected package 'drok_arm_kinematics' in 'src/drok_arm_kinematics'
[0.235s] INFO:colcon.colcon_core.package_selection:Skipping not selected package 'drok_arm_trajectory' in 'src/drok_arm_trajectory'
[0.235s] INFO:colcon.colcon_core.package_selection:Skipping not selected package 'drok_arm_control' in 'src/drok_arm_control'
[0.236s] Level 1:colcon.colcon_core.package_discovery:discover_packages(prefix_path) check parameters
[0.236s] Level 1:colcon.colcon_core.package_discovery:discover_packages(prefix_path) discover
[0.236s] WARNING:colcon.colcon_ros.prefix_path.ament:The path '/home/hgui/IK_solver_MuJoCo/install/drok_arm_mujoco' in the environment variable AMENT_PREFIX_PATH doesn't exist
[0.236s] WARNING:colcon.colcon_ros.prefix_path.catkin:The path '/home/hgui/IK_solver_MuJoCo/install/drok_arm_mujoco' in the environment variable CMAKE_PREFIX_PATH doesn't exist
[0.237s] DEBUG:colcon.colcon_installed_package_information.package_discovery:Found 4 installed packages in /home/hgui/IK_solver_MuJoCo/install
[0.238s] DEBUG:colcon.colcon_installed_package_information.package_discovery:Found 383 installed packages in /opt/ros/humble
[0.239s] Level 1:colcon.colcon_core.package_discovery:discover_packages(prefix_path) using defaults
[0.271s] Level 5:colcon.colcon_core.verb:set package 'drok_arm_mujoco' build argument 'cmake_args' from command line to 'None'
[0.271s] Level 5:colcon.colcon_core.verb:set package 'drok_arm_mujoco' build argument 'cmake_target' from command line to 'None'
[0.271s] Level 5:colcon.colcon_core.verb:set package 'drok_arm_mujoco' build argument 'cmake_target_skip_unavailable' from command line to 'False'
[0.271s] Level 5:colcon.colcon_core.verb:set package 'drok_arm_mujoco' build argument 'cmake_clean_cache' from command line to 'False'
[0.271s] Level 5:colcon.colcon_core.verb:set package 'drok_arm_mujoco' build argument 'cmake_clean_first' from command line to 'False'
[0.271s] Level 5:colcon.colcon_core.verb:set package 'drok_arm_mujoco' build argument 'cmake_force_configure' from command line to 'False'
[0.271s] Level 5:colcon.colcon_core.verb:set package 'drok_arm_mujoco' build argument 'ament_cmake_args' from command line to 'None'
[0.271s] Level 5:colcon.colcon_core.verb:set package 'drok_arm_mujoco' build argument 'catkin_cmake_args' from command line to 'None'
[0.271s] Level 5:colcon.colcon_core.verb:set package 'drok_arm_mujoco' build argument 'catkin_skip_building_tests' from command line to 'False'
[0.271s] DEBUG:colcon.colcon_core.verb:Building package 'drok_arm_mujoco' with the following arguments: {'ament_cmake_args': None, 'build_base': '/home/hgui/IK_solver_MuJoCo/build/drok_arm_mujoco', 'catkin_cmake_args': None, 'catkin_skip_building_tests': False, 'cmake_args': None, 'cmake_clean_cache': False, 'cmake_clean_first': False, 'cmake_force_configure': False, 'cmake_target': None, 'cmake_target_skip_unavailable': False, 'install_base': '/home/hgui/IK_solver_MuJoCo/install/drok_arm_mujoco', 'merge_install': False, 'path': '/home/hgui/IK_solver_MuJoCo/src/drok_arm_mujoco', 'symlink_install': True, 'test_result_base': None}
[0.272s] INFO:colcon.colcon_core.executor:Executing jobs using 'parallel' executor
[0.273s] DEBUG:colcon.colcon_parallel_executor.executor.parallel:run_until_complete
[0.273s] INFO:colcon.colcon_ros.task.ament_cmake.build:Building ROS package in '/home/hgui/IK_solver_MuJoCo/src/drok_arm_mujoco' with build type 'ament_cmake'
[0.273s] INFO:colcon.colcon_cmake.task.cmake.build:Building CMake package in '/home/hgui/IK_solver_MuJoCo/src/drok_arm_mujoco'
[0.274s] INFO:colcon.colcon_core.plugin_system:Skipping extension 'colcon_core.shell.bat': Not used on non-Windows systems
[0.274s] INFO:colcon.colcon_core.shell:Skip shell extension 'powershell' for command environment: Not usable outside of PowerShell
[0.274s] DEBUG:colcon.colcon_core.shell:Skip shell extension 'dsv' for command environment
[0.282s] DEBUG:colcon.colcon_core.event_handler.log_command:Invoking command in '/home/hgui/IK_solver_MuJoCo/build/drok_arm_mujoco': CMAKE_PREFIX_PATH=/home/hgui/IK_solver_MuJoCo/install/drok_arm_description:/home/hgui/IK_solver_MuJoCo/install/drok_arm_control:/home/hgui/IK_solver_MuJoCo/install/drok_arm_trajectory:/home/hgui/IK_solver_MuJoCo/install/drok_arm_mujoco:/home/hgui/IK_solver_MuJoCo/install/drok_arm_kinematics:/opt/ros/humble /usr/bin/cmake /home/hgui/IK_solver_MuJoCo/src/drok_arm_mujoco -DAMENT_CMAKE_SYMLINK_INSTALL=1 -DCMAKE_INSTALL_PREFIX=/home/hgui/IK_solver_MuJoCo/install/drok_arm_mujoco
[0.730s] DEBUG:colcon.colcon_core.event_handler.log_command:Invoked command in '/home/hgui/IK_solver_MuJoCo/build/drok_arm_mujoco' returned '0': CMAKE_PREFIX_PATH=/home/hgui/IK_solver_MuJoCo/install/drok_arm_description:/home/hgui/IK_solver_MuJoCo/install/drok_arm_control:/home/hgui/IK_solver_MuJoCo/install/drok_arm_trajectory:/home/hgui/IK_solver_MuJoCo/install/drok_arm_mujoco:/home/hgui/IK_solver_MuJoCo/install/drok_arm_kinematics:/opt/ros/humble /usr/bin/cmake /home/hgui/IK_solver_MuJoCo/src/drok_arm_mujoco -DAMENT_CMAKE_SYMLINK_INSTALL=1 -DCMAKE_INSTALL_PREFIX=/home/hgui/IK_solver_MuJoCo/install/drok_arm_mujoco
[0.730s] DEBUG:colcon.colcon_core.event_handler.log_command:Invoking command in '/home/hgui/IK_solver_MuJoCo/build/drok_arm_mujoco': CMAKE_PREFIX_PATH=/home/hgui/IK_solver_MuJoCo/install/drok_arm_description:/home/hgui/IK_solver_MuJoCo/install/drok_arm_control:/home/hgui/IK_solver_MuJoCo/install/drok_arm_trajectory:/home/hgui/IK_solver_MuJoCo/install/drok_arm_mujoco:/home/hgui/IK_solver_MuJoCo/install/drok_arm_kinematics:/opt/ros/humble /usr/bin/cmake --build /home/hgui/IK_solver_MuJoCo/build/drok_arm_mujoco -- -j18 -l18
[0.770s] DEBUG:colcon.colcon_core.event_handler.log_command:Invoked command in '/home/hgui/IK_solver_MuJoCo/build/drok_arm_mujoco' returned '0': CMAKE_PREFIX_PATH=/home/hgui/IK_solver_MuJoCo/install/drok_arm_description:/home/hgui/IK_solver_MuJoCo/install/drok_arm_control:/home/hgui/IK_solver_MuJoCo/install/drok_arm_trajectory:/home/hgui/IK_solver_MuJoCo/install/drok_arm_mujoco:/home/hgui/IK_solver_MuJoCo/install/drok_arm_kinematics:/opt/ros/humble /usr/bin/cmake --build /home/hgui/IK_solver_MuJoCo/build/drok_arm_mujoco -- -j18 -l18
[0.780s] DEBUG:colcon.colcon_core.event_handler.log_command:Invoking command in '/home/hgui/IK_solver_MuJoCo/build/drok_arm_mujoco': CMAKE_PREFIX_PATH=/home/hgui/IK_solver_MuJoCo/install/drok_arm_description:/home/hgui/IK_solver_MuJoCo/install/drok_arm_control:/home/hgui/IK_solver_MuJoCo/install/drok_arm_trajectory:/home/hgui/IK_solver_MuJoCo/install/drok_arm_mujoco:/home/hgui/IK_solver_MuJoCo/install/drok_arm_kinematics:/opt/ros/humble /usr/bin/cmake --install /home/hgui/IK_solver_MuJoCo/build/drok_arm_mujoco
[0.937s] Level 1:colcon.colcon_core.environment:create_environment_scripts_only(drok_arm_mujoco)
[0.937s] DEBUG:colcon.colcon_core.event_handler.log_command:Invoked command in '/home/hgui/IK_solver_MuJoCo/build/drok_arm_mujoco' returned '0': CMAKE_PREFIX_PATH=/home/hgui/IK_solver_MuJoCo/install/drok_arm_description:/home/hgui/IK_solver_MuJoCo/install/drok_arm_control:/home/hgui/IK_solver_MuJoCo/install/drok_arm_trajectory:/home/hgui/IK_solver_MuJoCo/install/drok_arm_mujoco:/home/hgui/IK_solver_MuJoCo/install/drok_arm_kinematics:/opt/ros/humble /usr/bin/cmake --install /home/hgui/IK_solver_MuJoCo/build/drok_arm_mujoco
[0.940s] Level 1:colcon.colcon_core.environment:checking '/home/hgui/IK_solver_MuJoCo/install/drok_arm_mujoco' for CMake module files
[0.940s] Level 1:colcon.colcon_core.environment:checking '/home/hgui/IK_solver_MuJoCo/install/drok_arm_mujoco' for CMake config files
[0.940s] Level 1:colcon.colcon_core.shell:create_environment_hook('drok_arm_mujoco', 'cmake_prefix_path')
[0.941s] INFO:colcon.colcon_core.shell:Creating environment hook '/home/hgui/IK_solver_MuJoCo/install/drok_arm_mujoco/share/drok_arm_mujoco/hook/cmake_prefix_path.ps1'
[0.941s] INFO:colcon.colcon_core.shell:Creating environment descriptor '/home/hgui/IK_solver_MuJoCo/install/drok_arm_mujoco/share/drok_arm_mujoco/hook/cmake_prefix_path.dsv'
[0.942s] INFO:colcon.colcon_core.shell:Creating environment hook '/home/hgui/IK_solver_MuJoCo/install/drok_arm_mujoco/share/drok_arm_mujoco/hook/cmake_prefix_path.sh'
[0.942s] Level 1:colcon.colcon_core.environment:checking '/home/hgui/IK_solver_MuJoCo/install/drok_arm_mujoco/bin'
[0.943s] Level 1:colcon.colcon_core.environment:checking '/home/hgui/IK_solver_MuJoCo/install/drok_arm_mujoco/lib/pkgconfig/drok_arm_mujoco.pc'
[0.943s] Level 1:colcon.colcon_core.environment:checking '/home/hgui/IK_solver_MuJoCo/install/drok_arm_mujoco/lib/python3.10/site-packages'
[0.943s] Level 1:colcon.colcon_core.environment:checking '/home/hgui/IK_solver_MuJoCo/install/drok_arm_mujoco/bin'
[0.943s] INFO:colcon.colcon_core.shell:Creating package script '/home/hgui/IK_solver_MuJoCo/install/drok_arm_mujoco/share/drok_arm_mujoco/package.ps1'
[0.944s] INFO:colcon.colcon_core.shell:Creating package descriptor '/home/hgui/IK_solver_MuJoCo/install/drok_arm_mujoco/share/drok_arm_mujoco/package.dsv'
[0.944s] INFO:colcon.colcon_core.shell:Creating package script '/home/hgui/IK_solver_MuJoCo/install/drok_arm_mujoco/share/drok_arm_mujoco/package.sh'
[0.945s] INFO:colcon.colcon_core.shell:Creating package script '/home/hgui/IK_solver_MuJoCo/install/drok_arm_mujoco/share/drok_arm_mujoco/package.bash'
[0.945s] INFO:colcon.colcon_core.shell:Creating package script '/home/hgui/IK_solver_MuJoCo/install/drok_arm_mujoco/share/drok_arm_mujoco/package.zsh'
[0.945s] Level 1:colcon.colcon_core.environment:create_file_with_runtime_dependencies(/home/hgui/IK_solver_MuJoCo/install/drok_arm_mujoco/share/colcon-core/packages/drok_arm_mujoco)
[0.946s] Level 1:colcon.colcon_core.environment:create_environment_scripts_only(drok_arm_mujoco)
[0.946s] Level 1:colcon.colcon_core.environment:checking '/home/hgui/IK_solver_MuJoCo/install/drok_arm_mujoco' for CMake module files
[0.946s] Level 1:colcon.colcon_core.environment:checking '/home/hgui/IK_solver_MuJoCo/install/drok_arm_mujoco' for CMake config files
[0.946s] Level 1:colcon.colcon_core.shell:create_environment_hook('drok_arm_mujoco', 'cmake_prefix_path')
[0.946s] INFO:colcon.colcon_core.shell:Creating environment hook '/home/hgui/IK_solver_MuJoCo/install/drok_arm_mujoco/share/drok_arm_mujoco/hook/cmake_prefix_path.ps1'
[0.947s] INFO:colcon.colcon_core.shell:Creating environment descriptor '/home/hgui/IK_solver_MuJoCo/install/drok_arm_mujoco/share/drok_arm_mujoco/hook/cmake_prefix_path.dsv'
[0.947s] INFO:colcon.colcon_core.shell:Creating environment hook '/home/hgui/IK_solver_MuJoCo/install/drok_arm_mujoco/share/drok_arm_mujoco/hook/cmake_prefix_path.sh'
[0.947s] Level 1:colcon.colcon_core.environment:checking '/home/hgui/IK_solver_MuJoCo/install/drok_arm_mujoco/bin'
[0.947s] Level 1:colcon.colcon_core.environment:checking '/home/hgui/IK_solver_MuJoCo/install/drok_arm_mujoco/lib/pkgconfig/drok_arm_mujoco.pc'
[0.948s] Level 1:colcon.colcon_core.environment:checking '/home/hgui/IK_solver_MuJoCo/install/drok_arm_mujoco/lib/python3.10/site-packages'
[0.948s] Level 1:colcon.colcon_core.environment:checking '/home/hgui/IK_solver_MuJoCo/install/drok_arm_mujoco/bin'
[0.948s] INFO:colcon.colcon_core.shell:Creating package script '/home/hgui/IK_solver_MuJoCo/install/drok_arm_mujoco/share/drok_arm_mujoco/package.ps1'
[0.948s] INFO:colcon.colcon_core.shell:Creating package descriptor '/home/hgui/IK_solver_MuJoCo/install/drok_arm_mujoco/share/drok_arm_mujoco/package.dsv'
[0.949s] INFO:colcon.colcon_core.shell:Creating package script '/home/hgui/IK_solver_MuJoCo/install/drok_arm_mujoco/share/drok_arm_mujoco/package.sh'
[0.949s] INFO:colcon.colcon_core.shell:Creating package script '/home/hgui/IK_solver_MuJoCo/install/drok_arm_mujoco/share/drok_arm_mujoco/package.bash'
[0.949s] INFO:colcon.colcon_core.shell:Creating package script '/home/hgui/IK_solver_MuJoCo/install/drok_arm_mujoco/share/drok_arm_mujoco/package.zsh'
[0.949s] Level 1:colcon.colcon_core.environment:create_file_with_runtime_dependencies(/home/hgui/IK_solver_MuJoCo/install/drok_arm_mujoco/share/colcon-core/packages/drok_arm_mujoco)
[0.949s] DEBUG:colcon.colcon_parallel_executor.executor.parallel:closing loop
[0.950s] DEBUG:colcon.colcon_parallel_executor.executor.parallel:loop closed
[0.950s] DEBUG:colcon.colcon_parallel_executor.executor.parallel:run_until_complete finished with '0'
[0.950s] DEBUG:colcon.colcon_core.event_reactor:joining thread
[0.953s] INFO:colcon.colcon_core.plugin_system:Skipping extension 'colcon_notification.desktop_notification.terminal_notifier': Not used on non-Darwin systems
[0.953s] INFO:colcon.colcon_core.plugin_system:Skipping extension 'colcon_notification.desktop_notification.win32': Not used on non-Windows systems
[0.953s] INFO:colcon.colcon_notification.desktop_notification:Sending desktop notification using 'notify2'
[0.962s] DEBUG:colcon.colcon_core.event_reactor:joined thread
[0.963s] INFO:colcon.colcon_core.shell:Creating prefix script '/home/hgui/IK_solver_MuJoCo/install/local_setup.ps1'
[0.963s] INFO:colcon.colcon_core.shell:Creating prefix util module '/home/hgui/IK_solver_MuJoCo/install/_local_setup_util_ps1.py'
[0.964s] INFO:colcon.colcon_core.shell:Creating prefix chain script '/home/hgui/IK_solver_MuJoCo/install/setup.ps1'
[0.965s] INFO:colcon.colcon_core.shell:Creating prefix script '/home/hgui/IK_solver_MuJoCo/install/local_setup.sh'
[0.965s] INFO:colcon.colcon_core.shell:Creating prefix util module '/home/hgui/IK_solver_MuJoCo/install/_local_setup_util_sh.py'
[0.966s] INFO:colcon.colcon_core.shell:Creating prefix chain script '/home/hgui/IK_solver_MuJoCo/install/setup.sh'
[0.966s] INFO:colcon.colcon_core.shell:Creating prefix script '/home/hgui/IK_solver_MuJoCo/install/local_setup.bash'
[0.966s] INFO:colcon.colcon_core.shell:Creating prefix chain script '/home/hgui/IK_solver_MuJoCo/install/setup.bash'
[0.967s] INFO:colcon.colcon_core.shell:Creating prefix script '/home/hgui/IK_solver_MuJoCo/install/local_setup.zsh'
[0.967s] INFO:colcon.colcon_core.shell:Creating prefix chain script '/home/hgui/IK_solver_MuJoCo/install/setup.zsh'
