[0.069s] DEBUG:colcon:Command line arguments: ['/usr/bin/colcon', 'build', '--symlink-install', '--packages-select', 'drok_arm_kinematics', 'drok_arm_trajectory', 'drok_arm_control', '--event-handlers', 'console_direct+']
[0.069s] DEBUG:colcon:Parsed command line arguments: Namespace(log_base=None, log_level=None, verb_name='build', build_base='build', install_base='install', merge_install=False, symlink_install=True, test_result_base=None, continue_on_error=False, executor='parallel', parallel_workers=18, event_handlers=['console_direct+'], ignore_user_meta=False, metas=['./colcon.meta'], base_paths=['.'], packages_ignore=None, packages_ignore_regex=None, paths=None, packages_up_to=None, packages_up_to_regex=None, packages_above=None, packages_above_and_dependencies=None, packages_above_depth=None, packages_select_by_dep=None, packages_skip_by_dep=None, packages_skip_up_to=None, packages_select_build_failed=False, packages_skip_build_finished=False, packages_select_test_failures=False, packages_skip_test_passed=False, packages_select=['drok_arm_kinematics', 'drok_arm_trajectory', 'drok_arm_control'], packages_skip=None, packages_select_regex=None, packages_skip_regex=None, packages_start=None, packages_end=None, allow_overriding=[], cmake_args=None, cmake_target=None, cmake_target_skip_unavailable=False, cmake_clean_cache=False, cmake_clean_first=False, cmake_force_configure=False, ament_cmake_args=None, catkin_cmake_args=None, catkin_skip_building_tests=False, mixin_files=None, mixin=None, verb_parser=<colcon_mixin.mixin.mixin_argument.MixinArgumentDecorator object at 0x77126d1639a0>, verb_extension=<colcon_core.verb.build.BuildVerb object at 0x77126d2a0fa0>, main=<bound method BuildVerb.main of <colcon_core.verb.build.BuildVerb object at 0x77126d2a0fa0>>, mixin_verb=('build',))
[0.180s] Level 1:colcon.colcon_core.package_discovery:discover_packages(colcon_meta) check parameters
[0.180s] Level 1:colcon.colcon_core.package_discovery:discover_packages(recursive) check parameters
[0.180s] Level 1:colcon.colcon_core.package_discovery:discover_packages(ignore) check parameters
[0.180s] Level 1:colcon.colcon_core.package_discovery:discover_packages(path) check parameters
[0.180s] Level 1:colcon.colcon_core.package_discovery:discover_packages(colcon_meta) discover
[0.180s] Level 1:colcon.colcon_core.package_discovery:discover_packages(recursive) discover
[0.180s] INFO:colcon.colcon_core.package_discovery:Crawling recursively for packages in '/home/hgui/IK_solver_MuJoCo'
[0.180s] Level 1:colcon.colcon_core.package_identification:_identify(.) by extensions ['ignore', 'ignore_ament_install']
[0.180s] Level 1:colcon.colcon_core.package_identification:_identify(.) by extension 'ignore'
[0.181s] Level 1:colcon.colcon_core.package_identification:_identify(.) by extension 'ignore_ament_install'
[0.181s] Level 1:colcon.colcon_core.package_identification:_identify(.) by extensions ['colcon_pkg']
[0.181s] Level 1:colcon.colcon_core.package_identification:_identify(.) by extension 'colcon_pkg'
[0.181s] Level 1:colcon.colcon_core.package_identification:_identify(.) by extensions ['colcon_meta']
[0.181s] Level 1:colcon.colcon_core.package_identification:_identify(.) by extension 'colcon_meta'
[0.181s] Level 1:colcon.colcon_core.package_identification:_identify(.) by extensions ['ros']
[0.181s] Level 1:colcon.colcon_core.package_identification:_identify(.) by extension 'ros'
[0.206s] Level 1:colcon.colcon_core.package_identification:_identify(.) by extensions ['cmake', 'python']
[0.206s] Level 1:colcon.colcon_core.package_identification:_identify(.) by extension 'cmake'
[0.206s] Level 1:colcon.colcon_core.package_identification:_identify(.) by extension 'python'
[0.206s] Level 1:colcon.colcon_core.package_identification:_identify(.) by extensions ['python_setup_py']
[0.206s] Level 1:colcon.colcon_core.package_identification:_identify(.) by extension 'python_setup_py'
[0.206s] Level 1:colcon.colcon_core.package_identification:_identify(build) by extensions ['ignore', 'ignore_ament_install']
[0.206s] Level 1:colcon.colcon_core.package_identification:_identify(build) by extension 'ignore'
[0.206s] Level 1:colcon.colcon_core.package_identification:_identify(build) ignored
[0.206s] Level 1:colcon.colcon_core.package_identification:_identify(install) by extensions ['ignore', 'ignore_ament_install']
[0.206s] Level 1:colcon.colcon_core.package_identification:_identify(install) by extension 'ignore'
[0.206s] Level 1:colcon.colcon_core.package_identification:_identify(install) ignored
[0.206s] Level 1:colcon.colcon_core.package_identification:_identify(log) by extensions ['ignore', 'ignore_ament_install']
[0.206s] Level 1:colcon.colcon_core.package_identification:_identify(log) by extension 'ignore'
[0.206s] Level 1:colcon.colcon_core.package_identification:_identify(log) ignored
[0.206s] Level 1:colcon.colcon_core.package_identification:_identify(src) by extensions ['ignore', 'ignore_ament_install']
[0.206s] Level 1:colcon.colcon_core.package_identification:_identify(src) by extension 'ignore'
[0.206s] Level 1:colcon.colcon_core.package_identification:_identify(src) by extension 'ignore_ament_install'
[0.207s] Level 1:colcon.colcon_core.package_identification:_identify(src) by extensions ['colcon_pkg']
[0.207s] Level 1:colcon.colcon_core.package_identification:_identify(src) by extension 'colcon_pkg'
[0.207s] Level 1:colcon.colcon_core.package_identification:_identify(src) by extensions ['colcon_meta']
[0.207s] Level 1:colcon.colcon_core.package_identification:_identify(src) by extension 'colcon_meta'
[0.207s] Level 1:colcon.colcon_core.package_identification:_identify(src) by extensions ['ros']
[0.207s] Level 1:colcon.colcon_core.package_identification:_identify(src) by extension 'ros'
[0.207s] Level 1:colcon.colcon_core.package_identification:_identify(src) by extensions ['cmake', 'python']
[0.207s] Level 1:colcon.colcon_core.package_identification:_identify(src) by extension 'cmake'
[0.207s] Level 1:colcon.colcon_core.package_identification:_identify(src) by extension 'python'
[0.207s] Level 1:colcon.colcon_core.package_identification:_identify(src) by extensions ['python_setup_py']
[0.207s] Level 1:colcon.colcon_core.package_identification:_identify(src) by extension 'python_setup_py'
[0.207s] Level 1:colcon.colcon_core.package_identification:_identify(src/drok_arm_control) by extensions ['ignore', 'ignore_ament_install']
[0.207s] Level 1:colcon.colcon_core.package_identification:_identify(src/drok_arm_control) by extension 'ignore'
[0.207s] Level 1:colcon.colcon_core.package_identification:_identify(src/drok_arm_control) by extension 'ignore_ament_install'
[0.207s] Level 1:colcon.colcon_core.package_identification:_identify(src/drok_arm_control) by extensions ['colcon_pkg']
[0.207s] Level 1:colcon.colcon_core.package_identification:_identify(src/drok_arm_control) by extension 'colcon_pkg'
[0.207s] Level 1:colcon.colcon_core.package_identification:_identify(src/drok_arm_control) by extensions ['colcon_meta']
[0.207s] Level 1:colcon.colcon_core.package_identification:_identify(src/drok_arm_control) by extension 'colcon_meta'
[0.207s] Level 1:colcon.colcon_core.package_identification:_identify(src/drok_arm_control) by extensions ['ros']
[0.207s] Level 1:colcon.colcon_core.package_identification:_identify(src/drok_arm_control) by extension 'ros'
[0.209s] DEBUG:colcon.colcon_core.package_identification:Package 'src/drok_arm_control' with type 'ros.ament_cmake' and name 'drok_arm_control'
[0.209s] Level 1:colcon.colcon_core.package_identification:_identify(src/drok_arm_description) by extensions ['ignore', 'ignore_ament_install']
[0.209s] Level 1:colcon.colcon_core.package_identification:_identify(src/drok_arm_description) by extension 'ignore'
[0.209s] Level 1:colcon.colcon_core.package_identification:_identify(src/drok_arm_description) by extension 'ignore_ament_install'
[0.209s] Level 1:colcon.colcon_core.package_identification:_identify(src/drok_arm_description) by extensions ['colcon_pkg']
[0.209s] Level 1:colcon.colcon_core.package_identification:_identify(src/drok_arm_description) by extension 'colcon_pkg'
[0.209s] Level 1:colcon.colcon_core.package_identification:_identify(src/drok_arm_description) by extensions ['colcon_meta']
[0.209s] Level 1:colcon.colcon_core.package_identification:_identify(src/drok_arm_description) by extension 'colcon_meta'
[0.209s] Level 1:colcon.colcon_core.package_identification:_identify(src/drok_arm_description) by extensions ['ros']
[0.209s] Level 1:colcon.colcon_core.package_identification:_identify(src/drok_arm_description) by extension 'ros'
[0.209s] DEBUG:colcon.colcon_core.package_identification:Package 'src/drok_arm_description' with type 'ros.ament_cmake' and name 'drok_arm_description'
[0.209s] Level 1:colcon.colcon_core.package_identification:_identify(src/drok_arm_kinematics) by extensions ['ignore', 'ignore_ament_install']
[0.209s] Level 1:colcon.colcon_core.package_identification:_identify(src/drok_arm_kinematics) by extension 'ignore'
[0.209s] Level 1:colcon.colcon_core.package_identification:_identify(src/drok_arm_kinematics) by extension 'ignore_ament_install'
[0.210s] Level 1:colcon.colcon_core.package_identification:_identify(src/drok_arm_kinematics) by extensions ['colcon_pkg']
[0.210s] Level 1:colcon.colcon_core.package_identification:_identify(src/drok_arm_kinematics) by extension 'colcon_pkg'
[0.210s] Level 1:colcon.colcon_core.package_identification:_identify(src/drok_arm_kinematics) by extensions ['colcon_meta']
[0.210s] Level 1:colcon.colcon_core.package_identification:_identify(src/drok_arm_kinematics) by extension 'colcon_meta'
[0.210s] Level 1:colcon.colcon_core.package_identification:_identify(src/drok_arm_kinematics) by extensions ['ros']
[0.210s] Level 1:colcon.colcon_core.package_identification:_identify(src/drok_arm_kinematics) by extension 'ros'
[0.210s] DEBUG:colcon.colcon_core.package_identification:Package 'src/drok_arm_kinematics' with type 'ros.ament_cmake' and name 'drok_arm_kinematics'
[0.210s] Level 1:colcon.colcon_core.package_identification:_identify(src/drok_arm_trajectory) by extensions ['ignore', 'ignore_ament_install']
[0.210s] Level 1:colcon.colcon_core.package_identification:_identify(src/drok_arm_trajectory) by extension 'ignore'
[0.210s] Level 1:colcon.colcon_core.package_identification:_identify(src/drok_arm_trajectory) by extension 'ignore_ament_install'
[0.210s] Level 1:colcon.colcon_core.package_identification:_identify(src/drok_arm_trajectory) by extensions ['colcon_pkg']
[0.210s] Level 1:colcon.colcon_core.package_identification:_identify(src/drok_arm_trajectory) by extension 'colcon_pkg'
[0.210s] Level 1:colcon.colcon_core.package_identification:_identify(src/drok_arm_trajectory) by extensions ['colcon_meta']
[0.210s] Level 1:colcon.colcon_core.package_identification:_identify(src/drok_arm_trajectory) by extension 'colcon_meta'
[0.210s] Level 1:colcon.colcon_core.package_identification:_identify(src/drok_arm_trajectory) by extensions ['ros']
[0.210s] Level 1:colcon.colcon_core.package_identification:_identify(src/drok_arm_trajectory) by extension 'ros'
[0.210s] DEBUG:colcon.colcon_core.package_identification:Package 'src/drok_arm_trajectory' with type 'ros.ament_cmake' and name 'drok_arm_trajectory'
[0.210s] Level 1:colcon.colcon_core.package_discovery:discover_packages(recursive) using defaults
[0.210s] Level 1:colcon.colcon_core.package_discovery:discover_packages(ignore) discover
[0.211s] Level 1:colcon.colcon_core.package_discovery:discover_packages(ignore) using defaults
[0.211s] Level 1:colcon.colcon_core.package_discovery:discover_packages(path) discover
[0.211s] Level 1:colcon.colcon_core.package_discovery:discover_packages(path) using defaults
[0.223s] INFO:colcon.colcon_core.package_selection:Skipping not selected package 'drok_arm_description' in 'src/drok_arm_description'
[0.223s] Level 1:colcon.colcon_core.package_discovery:discover_packages(prefix_path) check parameters
[0.223s] Level 1:colcon.colcon_core.package_discovery:discover_packages(prefix_path) discover
[0.224s] WARNING:colcon.colcon_ros.prefix_path.ament:The path '/home/hgui/IK_solver_MuJoCo/install/drok_arm_trajectory' in the environment variable AMENT_PREFIX_PATH doesn't exist
[0.224s] WARNING:colcon.colcon_ros.prefix_path.ament:The path '/home/hgui/IK_solver_MuJoCo/install/drok_arm_kinematics' in the environment variable AMENT_PREFIX_PATH doesn't exist
[0.224s] WARNING:colcon.colcon_ros.prefix_path.catkin:The path '/home/hgui/IK_solver_MuJoCo/install/drok_arm_trajectory' in the environment variable CMAKE_PREFIX_PATH doesn't exist
[0.224s] WARNING:colcon.colcon_ros.prefix_path.catkin:The path '/home/hgui/IK_solver_MuJoCo/install/drok_arm_kinematics' in the environment variable CMAKE_PREFIX_PATH doesn't exist
[0.224s] DEBUG:colcon.colcon_installed_package_information.package_discovery:Found 1 installed packages in /home/hgui/IK_solver_MuJoCo/install
[0.225s] DEBUG:colcon.colcon_installed_package_information.package_discovery:Found 377 installed packages in /opt/ros/humble
[0.227s] Level 1:colcon.colcon_core.package_discovery:discover_packages(prefix_path) using defaults
[0.256s] Level 5:colcon.colcon_core.verb:set package 'drok_arm_kinematics' build argument 'cmake_args' from command line to 'None'
[0.256s] Level 5:colcon.colcon_core.verb:set package 'drok_arm_kinematics' build argument 'cmake_target' from command line to 'None'
[0.256s] Level 5:colcon.colcon_core.verb:set package 'drok_arm_kinematics' build argument 'cmake_target_skip_unavailable' from command line to 'False'
[0.256s] Level 5:colcon.colcon_core.verb:set package 'drok_arm_kinematics' build argument 'cmake_clean_cache' from command line to 'False'
[0.256s] Level 5:colcon.colcon_core.verb:set package 'drok_arm_kinematics' build argument 'cmake_clean_first' from command line to 'False'
[0.256s] Level 5:colcon.colcon_core.verb:set package 'drok_arm_kinematics' build argument 'cmake_force_configure' from command line to 'False'
[0.256s] Level 5:colcon.colcon_core.verb:set package 'drok_arm_kinematics' build argument 'ament_cmake_args' from command line to 'None'
[0.256s] Level 5:colcon.colcon_core.verb:set package 'drok_arm_kinematics' build argument 'catkin_cmake_args' from command line to 'None'
[0.256s] Level 5:colcon.colcon_core.verb:set package 'drok_arm_kinematics' build argument 'catkin_skip_building_tests' from command line to 'False'
[0.256s] DEBUG:colcon.colcon_core.verb:Building package 'drok_arm_kinematics' with the following arguments: {'ament_cmake_args': None, 'build_base': '/home/hgui/IK_solver_MuJoCo/build/drok_arm_kinematics', 'catkin_cmake_args': None, 'catkin_skip_building_tests': False, 'cmake_args': None, 'cmake_clean_cache': False, 'cmake_clean_first': False, 'cmake_force_configure': False, 'cmake_target': None, 'cmake_target_skip_unavailable': False, 'install_base': '/home/hgui/IK_solver_MuJoCo/install/drok_arm_kinematics', 'merge_install': False, 'path': '/home/hgui/IK_solver_MuJoCo/src/drok_arm_kinematics', 'symlink_install': True, 'test_result_base': None}
[0.256s] Level 5:colcon.colcon_core.verb:set package 'drok_arm_trajectory' build argument 'cmake_args' from command line to 'None'
[0.256s] Level 5:colcon.colcon_core.verb:set package 'drok_arm_trajectory' build argument 'cmake_target' from command line to 'None'
[0.256s] Level 5:colcon.colcon_core.verb:set package 'drok_arm_trajectory' build argument 'cmake_target_skip_unavailable' from command line to 'False'
[0.256s] Level 5:colcon.colcon_core.verb:set package 'drok_arm_trajectory' build argument 'cmake_clean_cache' from command line to 'False'
[0.256s] Level 5:colcon.colcon_core.verb:set package 'drok_arm_trajectory' build argument 'cmake_clean_first' from command line to 'False'
[0.256s] Level 5:colcon.colcon_core.verb:set package 'drok_arm_trajectory' build argument 'cmake_force_configure' from command line to 'False'
[0.256s] Level 5:colcon.colcon_core.verb:set package 'drok_arm_trajectory' build argument 'ament_cmake_args' from command line to 'None'
[0.256s] Level 5:colcon.colcon_core.verb:set package 'drok_arm_trajectory' build argument 'catkin_cmake_args' from command line to 'None'
[0.256s] Level 5:colcon.colcon_core.verb:set package 'drok_arm_trajectory' build argument 'catkin_skip_building_tests' from command line to 'False'
[0.256s] DEBUG:colcon.colcon_core.verb:Building package 'drok_arm_trajectory' with the following arguments: {'ament_cmake_args': None, 'build_base': '/home/hgui/IK_solver_MuJoCo/build/drok_arm_trajectory', 'catkin_cmake_args': None, 'catkin_skip_building_tests': False, 'cmake_args': None, 'cmake_clean_cache': False, 'cmake_clean_first': False, 'cmake_force_configure': False, 'cmake_target': None, 'cmake_target_skip_unavailable': False, 'install_base': '/home/hgui/IK_solver_MuJoCo/install/drok_arm_trajectory', 'merge_install': False, 'path': '/home/hgui/IK_solver_MuJoCo/src/drok_arm_trajectory', 'symlink_install': True, 'test_result_base': None}
[0.256s] Level 5:colcon.colcon_core.verb:set package 'drok_arm_control' build argument 'cmake_args' from command line to 'None'
[0.256s] Level 5:colcon.colcon_core.verb:set package 'drok_arm_control' build argument 'cmake_target' from command line to 'None'
[0.256s] Level 5:colcon.colcon_core.verb:set package 'drok_arm_control' build argument 'cmake_target_skip_unavailable' from command line to 'False'
[0.256s] Level 5:colcon.colcon_core.verb:set package 'drok_arm_control' build argument 'cmake_clean_cache' from command line to 'False'
[0.256s] Level 5:colcon.colcon_core.verb:set package 'drok_arm_control' build argument 'cmake_clean_first' from command line to 'False'
[0.256s] Level 5:colcon.colcon_core.verb:set package 'drok_arm_control' build argument 'cmake_force_configure' from command line to 'False'
[0.256s] Level 5:colcon.colcon_core.verb:set package 'drok_arm_control' build argument 'ament_cmake_args' from command line to 'None'
[0.256s] Level 5:colcon.colcon_core.verb:set package 'drok_arm_control' build argument 'catkin_cmake_args' from command line to 'None'
[0.256s] Level 5:colcon.colcon_core.verb:set package 'drok_arm_control' build argument 'catkin_skip_building_tests' from command line to 'False'
[0.256s] DEBUG:colcon.colcon_core.verb:Building package 'drok_arm_control' with the following arguments: {'ament_cmake_args': None, 'build_base': '/home/hgui/IK_solver_MuJoCo/build/drok_arm_control', 'catkin_cmake_args': None, 'catkin_skip_building_tests': False, 'cmake_args': None, 'cmake_clean_cache': False, 'cmake_clean_first': False, 'cmake_force_configure': False, 'cmake_target': None, 'cmake_target_skip_unavailable': False, 'install_base': '/home/hgui/IK_solver_MuJoCo/install/drok_arm_control', 'merge_install': False, 'path': '/home/hgui/IK_solver_MuJoCo/src/drok_arm_control', 'symlink_install': True, 'test_result_base': None}
[0.257s] INFO:colcon.colcon_core.executor:Executing jobs using 'parallel' executor
[0.258s] DEBUG:colcon.colcon_parallel_executor.executor.parallel:run_until_complete
[0.258s] INFO:colcon.colcon_ros.task.ament_cmake.build:Building ROS package in '/home/hgui/IK_solver_MuJoCo/src/drok_arm_kinematics' with build type 'ament_cmake'
[0.258s] INFO:colcon.colcon_cmake.task.cmake.build:Building CMake package in '/home/hgui/IK_solver_MuJoCo/src/drok_arm_kinematics'
[0.259s] INFO:colcon.colcon_core.plugin_system:Skipping extension 'colcon_core.shell.bat': Not used on non-Windows systems
[0.259s] INFO:colcon.colcon_core.shell:Skip shell extension 'powershell' for command environment: Not usable outside of PowerShell
[0.259s] DEBUG:colcon.colcon_core.shell:Skip shell extension 'dsv' for command environment
[0.262s] INFO:colcon.colcon_ros.task.ament_cmake.build:Building ROS package in '/home/hgui/IK_solver_MuJoCo/src/drok_arm_trajectory' with build type 'ament_cmake'
[0.262s] INFO:colcon.colcon_cmake.task.cmake.build:Building CMake package in '/home/hgui/IK_solver_MuJoCo/src/drok_arm_trajectory'
[0.262s] INFO:colcon.colcon_core.shell:Skip shell extension 'powershell' for command environment: Not usable outside of PowerShell
[0.262s] DEBUG:colcon.colcon_core.shell:Skip shell extension 'dsv' for command environment
[0.266s] DEBUG:colcon.colcon_core.event_handler.log_command:Invoking command in '/home/hgui/IK_solver_MuJoCo/build/drok_arm_kinematics': CMAKE_PREFIX_PATH=${CMAKE_PREFIX_PATH}:/opt/ros/humble /usr/bin/cmake /home/hgui/IK_solver_MuJoCo/src/drok_arm_kinematics -DAMENT_CMAKE_SYMLINK_INSTALL=1 -DCMAKE_INSTALL_PREFIX=/home/hgui/IK_solver_MuJoCo/install/drok_arm_kinematics
[0.270s] DEBUG:colcon.colcon_core.event_handler.log_command:Invoking command in '/home/hgui/IK_solver_MuJoCo/build/drok_arm_trajectory': CMAKE_PREFIX_PATH=${CMAKE_PREFIX_PATH}:/opt/ros/humble /usr/bin/cmake /home/hgui/IK_solver_MuJoCo/src/drok_arm_trajectory -DAMENT_CMAKE_SYMLINK_INSTALL=1 -DCMAKE_INSTALL_PREFIX=/home/hgui/IK_solver_MuJoCo/install/drok_arm_trajectory
[0.759s] DEBUG:colcon.colcon_core.event_handler.log_command:Invoked command in '/home/hgui/IK_solver_MuJoCo/build/drok_arm_kinematics' returned '0': CMAKE_PREFIX_PATH=${CMAKE_PREFIX_PATH}:/opt/ros/humble /usr/bin/cmake /home/hgui/IK_solver_MuJoCo/src/drok_arm_kinematics -DAMENT_CMAKE_SYMLINK_INSTALL=1 -DCMAKE_INSTALL_PREFIX=/home/hgui/IK_solver_MuJoCo/install/drok_arm_kinematics
[0.761s] DEBUG:colcon.colcon_core.event_handler.log_command:Invoking command in '/home/hgui/IK_solver_MuJoCo/build/drok_arm_kinematics': CMAKE_PREFIX_PATH=${CMAKE_PREFIX_PATH}:/opt/ros/humble /usr/bin/cmake --build /home/hgui/IK_solver_MuJoCo/build/drok_arm_kinematics -- -j18 -l18
[0.763s] DEBUG:colcon.colcon_core.event_handler.log_command:Invoked command in '/home/hgui/IK_solver_MuJoCo/build/drok_arm_trajectory' returned '0': CMAKE_PREFIX_PATH=${CMAKE_PREFIX_PATH}:/opt/ros/humble /usr/bin/cmake /home/hgui/IK_solver_MuJoCo/src/drok_arm_trajectory -DAMENT_CMAKE_SYMLINK_INSTALL=1 -DCMAKE_INSTALL_PREFIX=/home/hgui/IK_solver_MuJoCo/install/drok_arm_trajectory
[0.764s] DEBUG:colcon.colcon_core.event_handler.log_command:Invoking command in '/home/hgui/IK_solver_MuJoCo/build/drok_arm_trajectory': CMAKE_PREFIX_PATH=${CMAKE_PREFIX_PATH}:/opt/ros/humble /usr/bin/cmake --build /home/hgui/IK_solver_MuJoCo/build/drok_arm_trajectory -- -j18 -l18
[3.649s] DEBUG:colcon.colcon_core.event_handler.log_command:Invoked command in '/home/hgui/IK_solver_MuJoCo/build/drok_arm_trajectory' returned '0': CMAKE_PREFIX_PATH=${CMAKE_PREFIX_PATH}:/opt/ros/humble /usr/bin/cmake --build /home/hgui/IK_solver_MuJoCo/build/drok_arm_trajectory -- -j18 -l18
[3.656s] DEBUG:colcon.colcon_core.event_handler.log_command:Invoking command in '/home/hgui/IK_solver_MuJoCo/build/drok_arm_trajectory': CMAKE_PREFIX_PATH=${CMAKE_PREFIX_PATH}:/opt/ros/humble /usr/bin/cmake --install /home/hgui/IK_solver_MuJoCo/build/drok_arm_trajectory
[3.826s] Level 1:colcon.colcon_core.environment:create_environment_scripts_only(drok_arm_trajectory)
[3.826s] DEBUG:colcon.colcon_core.event_handler.log_command:Invoked command in '/home/hgui/IK_solver_MuJoCo/build/drok_arm_trajectory' returned '0': CMAKE_PREFIX_PATH=${CMAKE_PREFIX_PATH}:/opt/ros/humble /usr/bin/cmake --install /home/hgui/IK_solver_MuJoCo/build/drok_arm_trajectory
[3.829s] Level 1:colcon.colcon_core.environment:checking '/home/hgui/IK_solver_MuJoCo/install/drok_arm_trajectory' for CMake module files
[3.829s] Level 1:colcon.colcon_core.environment:checking '/home/hgui/IK_solver_MuJoCo/install/drok_arm_trajectory' for CMake config files
[3.829s] Level 1:colcon.colcon_core.shell:create_environment_hook('drok_arm_trajectory', 'cmake_prefix_path')
[3.829s] INFO:colcon.colcon_core.shell:Creating environment hook '/home/hgui/IK_solver_MuJoCo/install/drok_arm_trajectory/share/drok_arm_trajectory/hook/cmake_prefix_path.ps1'
[3.830s] INFO:colcon.colcon_core.shell:Creating environment descriptor '/home/hgui/IK_solver_MuJoCo/install/drok_arm_trajectory/share/drok_arm_trajectory/hook/cmake_prefix_path.dsv'
[3.830s] INFO:colcon.colcon_core.shell:Creating environment hook '/home/hgui/IK_solver_MuJoCo/install/drok_arm_trajectory/share/drok_arm_trajectory/hook/cmake_prefix_path.sh'
[3.830s] Level 1:colcon.colcon_core.environment:checking '/home/hgui/IK_solver_MuJoCo/install/drok_arm_trajectory/lib'
[3.830s] Level 1:colcon.colcon_core.environment:checking '/home/hgui/IK_solver_MuJoCo/install/drok_arm_trajectory/bin'
[3.830s] Level 1:colcon.colcon_core.environment:checking '/home/hgui/IK_solver_MuJoCo/install/drok_arm_trajectory/lib/pkgconfig/drok_arm_trajectory.pc'
[3.831s] Level 1:colcon.colcon_core.environment:checking '/home/hgui/IK_solver_MuJoCo/install/drok_arm_trajectory/lib/python3.10/site-packages'
[3.831s] Level 1:colcon.colcon_core.environment:checking '/home/hgui/IK_solver_MuJoCo/install/drok_arm_trajectory/bin'
[3.831s] INFO:colcon.colcon_core.shell:Creating package script '/home/hgui/IK_solver_MuJoCo/install/drok_arm_trajectory/share/drok_arm_trajectory/package.ps1'
[3.832s] INFO:colcon.colcon_core.shell:Creating package descriptor '/home/hgui/IK_solver_MuJoCo/install/drok_arm_trajectory/share/drok_arm_trajectory/package.dsv'
[3.832s] INFO:colcon.colcon_core.shell:Creating package script '/home/hgui/IK_solver_MuJoCo/install/drok_arm_trajectory/share/drok_arm_trajectory/package.sh'
[3.832s] INFO:colcon.colcon_core.shell:Creating package script '/home/hgui/IK_solver_MuJoCo/install/drok_arm_trajectory/share/drok_arm_trajectory/package.bash'
[3.833s] INFO:colcon.colcon_core.shell:Creating package script '/home/hgui/IK_solver_MuJoCo/install/drok_arm_trajectory/share/drok_arm_trajectory/package.zsh'
[3.833s] Level 1:colcon.colcon_core.environment:create_file_with_runtime_dependencies(/home/hgui/IK_solver_MuJoCo/install/drok_arm_trajectory/share/colcon-core/packages/drok_arm_trajectory)
[3.833s] Level 1:colcon.colcon_core.environment:create_environment_scripts_only(drok_arm_trajectory)
[3.834s] Level 1:colcon.colcon_core.environment:checking '/home/hgui/IK_solver_MuJoCo/install/drok_arm_trajectory' for CMake module files
[3.834s] Level 1:colcon.colcon_core.environment:checking '/home/hgui/IK_solver_MuJoCo/install/drok_arm_trajectory' for CMake config files
[3.834s] Level 1:colcon.colcon_core.shell:create_environment_hook('drok_arm_trajectory', 'cmake_prefix_path')
[3.834s] INFO:colcon.colcon_core.shell:Creating environment hook '/home/hgui/IK_solver_MuJoCo/install/drok_arm_trajectory/share/drok_arm_trajectory/hook/cmake_prefix_path.ps1'
[3.834s] INFO:colcon.colcon_core.shell:Creating environment descriptor '/home/hgui/IK_solver_MuJoCo/install/drok_arm_trajectory/share/drok_arm_trajectory/hook/cmake_prefix_path.dsv'
[3.834s] INFO:colcon.colcon_core.shell:Creating environment hook '/home/hgui/IK_solver_MuJoCo/install/drok_arm_trajectory/share/drok_arm_trajectory/hook/cmake_prefix_path.sh'
[3.835s] Level 1:colcon.colcon_core.environment:checking '/home/hgui/IK_solver_MuJoCo/install/drok_arm_trajectory/lib'
[3.835s] Level 1:colcon.colcon_core.environment:checking '/home/hgui/IK_solver_MuJoCo/install/drok_arm_trajectory/bin'
[3.835s] Level 1:colcon.colcon_core.environment:checking '/home/hgui/IK_solver_MuJoCo/install/drok_arm_trajectory/lib/pkgconfig/drok_arm_trajectory.pc'
[3.835s] Level 1:colcon.colcon_core.environment:checking '/home/hgui/IK_solver_MuJoCo/install/drok_arm_trajectory/lib/python3.10/site-packages'
[3.835s] Level 1:colcon.colcon_core.environment:checking '/home/hgui/IK_solver_MuJoCo/install/drok_arm_trajectory/bin'
[3.835s] INFO:colcon.colcon_core.shell:Creating package script '/home/hgui/IK_solver_MuJoCo/install/drok_arm_trajectory/share/drok_arm_trajectory/package.ps1'
[3.836s] INFO:colcon.colcon_core.shell:Creating package descriptor '/home/hgui/IK_solver_MuJoCo/install/drok_arm_trajectory/share/drok_arm_trajectory/package.dsv'
[3.836s] INFO:colcon.colcon_core.shell:Creating package script '/home/hgui/IK_solver_MuJoCo/install/drok_arm_trajectory/share/drok_arm_trajectory/package.sh'
[3.836s] INFO:colcon.colcon_core.shell:Creating package script '/home/hgui/IK_solver_MuJoCo/install/drok_arm_trajectory/share/drok_arm_trajectory/package.bash'
[3.836s] INFO:colcon.colcon_core.shell:Creating package script '/home/hgui/IK_solver_MuJoCo/install/drok_arm_trajectory/share/drok_arm_trajectory/package.zsh'
[3.837s] Level 1:colcon.colcon_core.environment:create_file_with_runtime_dependencies(/home/hgui/IK_solver_MuJoCo/install/drok_arm_trajectory/share/colcon-core/packages/drok_arm_trajectory)
[7.298s] DEBUG:colcon.colcon_core.event_handler.log_command:Invoked command in '/home/hgui/IK_solver_MuJoCo/build/drok_arm_kinematics' returned '0': CMAKE_PREFIX_PATH=${CMAKE_PREFIX_PATH}:/opt/ros/humble /usr/bin/cmake --build /home/hgui/IK_solver_MuJoCo/build/drok_arm_kinematics -- -j18 -l18
[7.298s] DEBUG:colcon.colcon_core.event_handler.log_command:Invoking command in '/home/hgui/IK_solver_MuJoCo/build/drok_arm_kinematics': CMAKE_PREFIX_PATH=${CMAKE_PREFIX_PATH}:/opt/ros/humble /usr/bin/cmake --install /home/hgui/IK_solver_MuJoCo/build/drok_arm_kinematics
[7.514s] Level 1:colcon.colcon_core.environment:create_environment_scripts_only(drok_arm_kinematics)
[7.514s] DEBUG:colcon.colcon_core.event_handler.log_command:Invoked command in '/home/hgui/IK_solver_MuJoCo/build/drok_arm_kinematics' returned '0': CMAKE_PREFIX_PATH=${CMAKE_PREFIX_PATH}:/opt/ros/humble /usr/bin/cmake --install /home/hgui/IK_solver_MuJoCo/build/drok_arm_kinematics
[7.514s] Level 1:colcon.colcon_core.environment:checking '/home/hgui/IK_solver_MuJoCo/install/drok_arm_kinematics' for CMake module files
[7.515s] Level 1:colcon.colcon_core.environment:checking '/home/hgui/IK_solver_MuJoCo/install/drok_arm_kinematics' for CMake config files
[7.515s] Level 1:colcon.colcon_core.shell:create_environment_hook('drok_arm_kinematics', 'cmake_prefix_path')
[7.515s] INFO:colcon.colcon_core.shell:Creating environment hook '/home/hgui/IK_solver_MuJoCo/install/drok_arm_kinematics/share/drok_arm_kinematics/hook/cmake_prefix_path.ps1'
[7.516s] INFO:colcon.colcon_core.shell:Creating environment descriptor '/home/hgui/IK_solver_MuJoCo/install/drok_arm_kinematics/share/drok_arm_kinematics/hook/cmake_prefix_path.dsv'
[7.516s] INFO:colcon.colcon_core.shell:Creating environment hook '/home/hgui/IK_solver_MuJoCo/install/drok_arm_kinematics/share/drok_arm_kinematics/hook/cmake_prefix_path.sh'
[7.517s] Level 1:colcon.colcon_core.environment:checking '/home/hgui/IK_solver_MuJoCo/install/drok_arm_kinematics/lib'
[7.517s] Level 1:colcon.colcon_core.environment:checking '/home/hgui/IK_solver_MuJoCo/install/drok_arm_kinematics/bin'
[7.517s] Level 1:colcon.colcon_core.environment:checking '/home/hgui/IK_solver_MuJoCo/install/drok_arm_kinematics/lib/pkgconfig/drok_arm_kinematics.pc'
[7.517s] Level 1:colcon.colcon_core.environment:checking '/home/hgui/IK_solver_MuJoCo/install/drok_arm_kinematics/lib/python3.10/site-packages'
[7.517s] Level 1:colcon.colcon_core.environment:checking '/home/hgui/IK_solver_MuJoCo/install/drok_arm_kinematics/bin'
[7.517s] INFO:colcon.colcon_core.shell:Creating package script '/home/hgui/IK_solver_MuJoCo/install/drok_arm_kinematics/share/drok_arm_kinematics/package.ps1'
[7.518s] INFO:colcon.colcon_core.shell:Creating package descriptor '/home/hgui/IK_solver_MuJoCo/install/drok_arm_kinematics/share/drok_arm_kinematics/package.dsv'
[7.518s] INFO:colcon.colcon_core.shell:Creating package script '/home/hgui/IK_solver_MuJoCo/install/drok_arm_kinematics/share/drok_arm_kinematics/package.sh'
[7.519s] INFO:colcon.colcon_core.shell:Creating package script '/home/hgui/IK_solver_MuJoCo/install/drok_arm_kinematics/share/drok_arm_kinematics/package.bash'
[7.519s] INFO:colcon.colcon_core.shell:Creating package script '/home/hgui/IK_solver_MuJoCo/install/drok_arm_kinematics/share/drok_arm_kinematics/package.zsh'
[7.519s] Level 1:colcon.colcon_core.environment:create_file_with_runtime_dependencies(/home/hgui/IK_solver_MuJoCo/install/drok_arm_kinematics/share/colcon-core/packages/drok_arm_kinematics)
[7.520s] Level 1:colcon.colcon_core.environment:create_environment_scripts_only(drok_arm_kinematics)
[7.520s] Level 1:colcon.colcon_core.environment:checking '/home/hgui/IK_solver_MuJoCo/install/drok_arm_kinematics' for CMake module files
[7.520s] Level 1:colcon.colcon_core.environment:checking '/home/hgui/IK_solver_MuJoCo/install/drok_arm_kinematics' for CMake config files
[7.521s] Level 1:colcon.colcon_core.shell:create_environment_hook('drok_arm_kinematics', 'cmake_prefix_path')
[7.521s] INFO:colcon.colcon_core.shell:Creating environment hook '/home/hgui/IK_solver_MuJoCo/install/drok_arm_kinematics/share/drok_arm_kinematics/hook/cmake_prefix_path.ps1'
[7.521s] INFO:colcon.colcon_core.shell:Creating environment descriptor '/home/hgui/IK_solver_MuJoCo/install/drok_arm_kinematics/share/drok_arm_kinematics/hook/cmake_prefix_path.dsv'
[7.521s] INFO:colcon.colcon_core.shell:Creating environment hook '/home/hgui/IK_solver_MuJoCo/install/drok_arm_kinematics/share/drok_arm_kinematics/hook/cmake_prefix_path.sh'
[7.522s] Level 1:colcon.colcon_core.environment:checking '/home/hgui/IK_solver_MuJoCo/install/drok_arm_kinematics/lib'
[7.522s] Level 1:colcon.colcon_core.environment:checking '/home/hgui/IK_solver_MuJoCo/install/drok_arm_kinematics/bin'
[7.522s] Level 1:colcon.colcon_core.environment:checking '/home/hgui/IK_solver_MuJoCo/install/drok_arm_kinematics/lib/pkgconfig/drok_arm_kinematics.pc'
[7.522s] Level 1:colcon.colcon_core.environment:checking '/home/hgui/IK_solver_MuJoCo/install/drok_arm_kinematics/lib/python3.10/site-packages'
[7.523s] Level 1:colcon.colcon_core.environment:checking '/home/hgui/IK_solver_MuJoCo/install/drok_arm_kinematics/bin'
[7.523s] INFO:colcon.colcon_core.shell:Creating package script '/home/hgui/IK_solver_MuJoCo/install/drok_arm_kinematics/share/drok_arm_kinematics/package.ps1'
[7.523s] INFO:colcon.colcon_core.shell:Creating package descriptor '/home/hgui/IK_solver_MuJoCo/install/drok_arm_kinematics/share/drok_arm_kinematics/package.dsv'
[7.524s] INFO:colcon.colcon_core.shell:Creating package script '/home/hgui/IK_solver_MuJoCo/install/drok_arm_kinematics/share/drok_arm_kinematics/package.sh'
[7.524s] INFO:colcon.colcon_core.shell:Creating package script '/home/hgui/IK_solver_MuJoCo/install/drok_arm_kinematics/share/drok_arm_kinematics/package.bash'
[7.524s] INFO:colcon.colcon_core.shell:Creating package script '/home/hgui/IK_solver_MuJoCo/install/drok_arm_kinematics/share/drok_arm_kinematics/package.zsh'
[7.524s] Level 1:colcon.colcon_core.environment:create_file_with_runtime_dependencies(/home/hgui/IK_solver_MuJoCo/install/drok_arm_kinematics/share/colcon-core/packages/drok_arm_kinematics)
[7.525s] INFO:colcon.colcon_ros.task.ament_cmake.build:Building ROS package in '/home/hgui/IK_solver_MuJoCo/src/drok_arm_control' with build type 'ament_cmake'
[7.525s] INFO:colcon.colcon_cmake.task.cmake.build:Building CMake package in '/home/hgui/IK_solver_MuJoCo/src/drok_arm_control'
[7.525s] INFO:colcon.colcon_core.shell:Skip shell extension 'powershell' for command environment: Not usable outside of PowerShell
[7.525s] DEBUG:colcon.colcon_core.shell:Skip shell extension 'dsv' for command environment
[7.535s] DEBUG:colcon.colcon_core.event_handler.log_command:Invoking command in '/home/hgui/IK_solver_MuJoCo/build/drok_arm_control': CMAKE_PREFIX_PATH=${CMAKE_PREFIX_PATH}:/opt/ros/humble /usr/bin/cmake /home/hgui/IK_solver_MuJoCo/src/drok_arm_control -DAMENT_CMAKE_SYMLINK_INSTALL=1 -DCMAKE_INSTALL_PREFIX=/home/hgui/IK_solver_MuJoCo/install/drok_arm_control
[8.440s] DEBUG:colcon.colcon_core.event_handler.log_command:Invoked command in '/home/hgui/IK_solver_MuJoCo/build/drok_arm_control' returned '0': CMAKE_PREFIX_PATH=${CMAKE_PREFIX_PATH}:/opt/ros/humble /usr/bin/cmake /home/hgui/IK_solver_MuJoCo/src/drok_arm_control -DAMENT_CMAKE_SYMLINK_INSTALL=1 -DCMAKE_INSTALL_PREFIX=/home/hgui/IK_solver_MuJoCo/install/drok_arm_control
[8.442s] DEBUG:colcon.colcon_core.event_handler.log_command:Invoking command in '/home/hgui/IK_solver_MuJoCo/build/drok_arm_control': CMAKE_PREFIX_PATH=${CMAKE_PREFIX_PATH}:/opt/ros/humble /usr/bin/cmake --build /home/hgui/IK_solver_MuJoCo/build/drok_arm_control -- -j18 -l18
[15.678s] DEBUG:colcon.colcon_core.event_handler.log_command:Invoked command in '/home/hgui/IK_solver_MuJoCo/build/drok_arm_control' returned '0': CMAKE_PREFIX_PATH=${CMAKE_PREFIX_PATH}:/opt/ros/humble /usr/bin/cmake --build /home/hgui/IK_solver_MuJoCo/build/drok_arm_control -- -j18 -l18
[15.679s] DEBUG:colcon.colcon_core.event_handler.log_command:Invoking command in '/home/hgui/IK_solver_MuJoCo/build/drok_arm_control': CMAKE_PREFIX_PATH=${CMAKE_PREFIX_PATH}:/opt/ros/humble /usr/bin/cmake --install /home/hgui/IK_solver_MuJoCo/build/drok_arm_control
[15.807s] Level 1:colcon.colcon_core.environment:create_environment_scripts_only(drok_arm_control)
[15.807s] DEBUG:colcon.colcon_core.event_handler.log_command:Invoked command in '/home/hgui/IK_solver_MuJoCo/build/drok_arm_control' returned '0': CMAKE_PREFIX_PATH=${CMAKE_PREFIX_PATH}:/opt/ros/humble /usr/bin/cmake --install /home/hgui/IK_solver_MuJoCo/build/drok_arm_control
[15.808s] Level 1:colcon.colcon_core.environment:checking '/home/hgui/IK_solver_MuJoCo/install/drok_arm_control' for CMake module files
[15.808s] Level 1:colcon.colcon_core.environment:checking '/home/hgui/IK_solver_MuJoCo/install/drok_arm_control' for CMake config files
[15.809s] Level 1:colcon.colcon_core.shell:create_environment_hook('drok_arm_control', 'cmake_prefix_path')
[15.809s] INFO:colcon.colcon_core.shell:Creating environment hook '/home/hgui/IK_solver_MuJoCo/install/drok_arm_control/share/drok_arm_control/hook/cmake_prefix_path.ps1'
[15.809s] INFO:colcon.colcon_core.shell:Creating environment descriptor '/home/hgui/IK_solver_MuJoCo/install/drok_arm_control/share/drok_arm_control/hook/cmake_prefix_path.dsv'
[15.810s] INFO:colcon.colcon_core.shell:Creating environment hook '/home/hgui/IK_solver_MuJoCo/install/drok_arm_control/share/drok_arm_control/hook/cmake_prefix_path.sh'
[15.810s] Level 1:colcon.colcon_core.environment:checking '/home/hgui/IK_solver_MuJoCo/install/drok_arm_control/lib'
[15.810s] Level 1:colcon.colcon_core.environment:checking '/home/hgui/IK_solver_MuJoCo/install/drok_arm_control/bin'
[15.810s] Level 1:colcon.colcon_core.environment:checking '/home/hgui/IK_solver_MuJoCo/install/drok_arm_control/lib/pkgconfig/drok_arm_control.pc'
[15.810s] Level 1:colcon.colcon_core.environment:checking '/home/hgui/IK_solver_MuJoCo/install/drok_arm_control/lib/python3.10/site-packages'
[15.811s] Level 1:colcon.colcon_core.environment:checking '/home/hgui/IK_solver_MuJoCo/install/drok_arm_control/bin'
[15.811s] INFO:colcon.colcon_core.shell:Creating package script '/home/hgui/IK_solver_MuJoCo/install/drok_arm_control/share/drok_arm_control/package.ps1'
[15.811s] INFO:colcon.colcon_core.shell:Creating package descriptor '/home/hgui/IK_solver_MuJoCo/install/drok_arm_control/share/drok_arm_control/package.dsv'
[15.812s] INFO:colcon.colcon_core.shell:Creating package script '/home/hgui/IK_solver_MuJoCo/install/drok_arm_control/share/drok_arm_control/package.sh'
[15.812s] INFO:colcon.colcon_core.shell:Creating package script '/home/hgui/IK_solver_MuJoCo/install/drok_arm_control/share/drok_arm_control/package.bash'
[15.812s] INFO:colcon.colcon_core.shell:Creating package script '/home/hgui/IK_solver_MuJoCo/install/drok_arm_control/share/drok_arm_control/package.zsh'
[15.813s] Level 1:colcon.colcon_core.environment:create_file_with_runtime_dependencies(/home/hgui/IK_solver_MuJoCo/install/drok_arm_control/share/colcon-core/packages/drok_arm_control)
[15.813s] Level 1:colcon.colcon_core.environment:create_environment_scripts_only(drok_arm_control)
[15.813s] Level 1:colcon.colcon_core.environment:checking '/home/hgui/IK_solver_MuJoCo/install/drok_arm_control' for CMake module files
[15.814s] Level 1:colcon.colcon_core.environment:checking '/home/hgui/IK_solver_MuJoCo/install/drok_arm_control' for CMake config files
[15.814s] Level 1:colcon.colcon_core.shell:create_environment_hook('drok_arm_control', 'cmake_prefix_path')
[15.814s] INFO:colcon.colcon_core.shell:Creating environment hook '/home/hgui/IK_solver_MuJoCo/install/drok_arm_control/share/drok_arm_control/hook/cmake_prefix_path.ps1'
[15.814s] INFO:colcon.colcon_core.shell:Creating environment descriptor '/home/hgui/IK_solver_MuJoCo/install/drok_arm_control/share/drok_arm_control/hook/cmake_prefix_path.dsv'
[15.815s] INFO:colcon.colcon_core.shell:Creating environment hook '/home/hgui/IK_solver_MuJoCo/install/drok_arm_control/share/drok_arm_control/hook/cmake_prefix_path.sh'
[15.815s] Level 1:colcon.colcon_core.environment:checking '/home/hgui/IK_solver_MuJoCo/install/drok_arm_control/lib'
[15.815s] Level 1:colcon.colcon_core.environment:checking '/home/hgui/IK_solver_MuJoCo/install/drok_arm_control/bin'
[15.815s] Level 1:colcon.colcon_core.environment:checking '/home/hgui/IK_solver_MuJoCo/install/drok_arm_control/lib/pkgconfig/drok_arm_control.pc'
[15.815s] Level 1:colcon.colcon_core.environment:checking '/home/hgui/IK_solver_MuJoCo/install/drok_arm_control/lib/python3.10/site-packages'
[15.815s] Level 1:colcon.colcon_core.environment:checking '/home/hgui/IK_solver_MuJoCo/install/drok_arm_control/bin'
[15.816s] INFO:colcon.colcon_core.shell:Creating package script '/home/hgui/IK_solver_MuJoCo/install/drok_arm_control/share/drok_arm_control/package.ps1'
[15.816s] INFO:colcon.colcon_core.shell:Creating package descriptor '/home/hgui/IK_solver_MuJoCo/install/drok_arm_control/share/drok_arm_control/package.dsv'
[15.816s] INFO:colcon.colcon_core.shell:Creating package script '/home/hgui/IK_solver_MuJoCo/install/drok_arm_control/share/drok_arm_control/package.sh'
[15.816s] INFO:colcon.colcon_core.shell:Creating package script '/home/hgui/IK_solver_MuJoCo/install/drok_arm_control/share/drok_arm_control/package.bash'
[15.816s] INFO:colcon.colcon_core.shell:Creating package script '/home/hgui/IK_solver_MuJoCo/install/drok_arm_control/share/drok_arm_control/package.zsh'
[15.817s] Level 1:colcon.colcon_core.environment:create_file_with_runtime_dependencies(/home/hgui/IK_solver_MuJoCo/install/drok_arm_control/share/colcon-core/packages/drok_arm_control)
[15.817s] DEBUG:colcon.colcon_parallel_executor.executor.parallel:closing loop
[15.817s] DEBUG:colcon.colcon_parallel_executor.executor.parallel:loop closed
[15.817s] DEBUG:colcon.colcon_parallel_executor.executor.parallel:run_until_complete finished with '0'
[15.817s] DEBUG:colcon.colcon_core.event_reactor:joining thread
[15.820s] INFO:colcon.colcon_core.plugin_system:Skipping extension 'colcon_notification.desktop_notification.terminal_notifier': Not used on non-Darwin systems
[15.820s] INFO:colcon.colcon_core.plugin_system:Skipping extension 'colcon_notification.desktop_notification.win32': Not used on non-Windows systems
[15.820s] INFO:colcon.colcon_notification.desktop_notification:Sending desktop notification using 'notify2'
[15.828s] DEBUG:colcon.colcon_core.event_reactor:joined thread
[15.828s] INFO:colcon.colcon_core.shell:Creating prefix script '/home/hgui/IK_solver_MuJoCo/install/local_setup.ps1'
[15.829s] INFO:colcon.colcon_core.shell:Creating prefix util module '/home/hgui/IK_solver_MuJoCo/install/_local_setup_util_ps1.py'
[15.830s] INFO:colcon.colcon_core.shell:Creating prefix chain script '/home/hgui/IK_solver_MuJoCo/install/setup.ps1'
[15.830s] INFO:colcon.colcon_core.shell:Creating prefix script '/home/hgui/IK_solver_MuJoCo/install/local_setup.sh'
[15.831s] INFO:colcon.colcon_core.shell:Creating prefix util module '/home/hgui/IK_solver_MuJoCo/install/_local_setup_util_sh.py'
[15.831s] INFO:colcon.colcon_core.shell:Creating prefix chain script '/home/hgui/IK_solver_MuJoCo/install/setup.sh'
[15.832s] INFO:colcon.colcon_core.shell:Creating prefix script '/home/hgui/IK_solver_MuJoCo/install/local_setup.bash'
[15.832s] INFO:colcon.colcon_core.shell:Creating prefix chain script '/home/hgui/IK_solver_MuJoCo/install/setup.bash'
[15.832s] INFO:colcon.colcon_core.shell:Creating prefix script '/home/hgui/IK_solver_MuJoCo/install/local_setup.zsh'
[15.833s] INFO:colcon.colcon_core.shell:Creating prefix chain script '/home/hgui/IK_solver_MuJoCo/install/setup.zsh'
