[0.007s] Invoking command in '/home/hgui/IK_solver_MuJoCo/build/drok_arm_kinematics': CMAKE_PREFIX_PATH=${CMAKE_PREFIX_PATH}:/opt/ros/humble /usr/bin/cmake /home/hgui/IK_solver_MuJoCo/src/drok_arm_kinematics -DAMENT_CMAKE_SYMLINK_INSTALL=1 -DCMAKE_INSTALL_PREFIX=/home/hgui/IK_solver_MuJoCo/install/drok_arm_kinematics
[0.048s] -- The C compiler identification is GNU 11.4.0
[0.092s] -- The CXX compiler identification is GNU 11.4.0
[0.098s] -- Detecting C compiler ABI info
[0.150s] -- Detecting C compiler ABI info - done
[0.157s] -- Check for working C compiler: /usr/bin/cc - skipped
[0.157s] -- Detecting C compile features
[0.158s] -- Detecting C compile features - done
[0.159s] -- Detecting CXX compiler ABI info
[0.219s] -- Detecting CXX compiler ABI info - done
[0.224s] -- Check for working CXX compiler: /usr/bin/c++ - skipped
[0.224s] -- Detecting CXX compile features
[0.224s] -- Detecting CXX compile features - done
[0.226s] -- Found ament_cmake: 1.3.14 (/opt/ros/humble/share/ament_cmake/cmake)
[0.336s] -- Found Python3: /usr/bin/python3 (found version "3.10.12") found components: Interpreter 
[0.376s] -- Override CMake install command with custom implementation using symlinks instead of copying resources
[0.465s] -- Configuring done
[0.470s] -- Generating done
[0.472s] -- Build files have been written to: /home/hgui/IK_solver_MuJoCo/build/drok_arm_kinematics
[0.476s] Invoked command in '/home/hgui/IK_solver_MuJoCo/build/drok_arm_kinematics' returned '0': CMAKE_PREFIX_PATH=${CMAKE_PREFIX_PATH}:/opt/ros/humble /usr/bin/cmake /home/hgui/IK_solver_MuJoCo/src/drok_arm_kinematics -DAMENT_CMAKE_SYMLINK_INSTALL=1 -DCMAKE_INSTALL_PREFIX=/home/hgui/IK_solver_MuJoCo/install/drok_arm_kinematics
[0.479s] Invoking command in '/home/hgui/IK_solver_MuJoCo/build/drok_arm_kinematics': CMAKE_PREFIX_PATH=${CMAKE_PREFIX_PATH}:/opt/ros/humble /usr/bin/cmake --build /home/hgui/IK_solver_MuJoCo/build/drok_arm_kinematics -- -j18 -l18
[0.516s] [  7%] [32mBuilding CXX object CMakeFiles/drok_arm_kinematics.dir/src/transform.cpp.o[0m
[0.518s] [ 15%] [32mBuilding CXX object CMakeFiles/drok_arm_kinematics.dir/src/robot_model_loader.cpp.o[0m
[0.519s] [ 23%] [32mBuilding CXX object CMakeFiles/drok_arm_kinematics.dir/src/forward_kinematics.cpp.o[0m
[0.519s] [ 30%] [32mBuilding CXX object CMakeFiles/drok_arm_kinematics.dir/src/inverse_kinematics.cpp.o[0m
[0.520s] [ 38%] [32mBuilding CXX object CMakeFiles/urdf_geometry_exporter.dir/src/urdf_geometry_exporter.cpp.o[0m
[1.804s] [ 46%] [32m[1mLinking CXX executable urdf_geometry_exporter[0m
[1.862s] [ 46%] Built target urdf_geometry_exporter
[5.050s] [ 53%] [32m[1mLinking CXX static library libdrok_arm_kinematics.a[0m
[5.141s] [ 53%] Built target drok_arm_kinematics
[5.156s] [ 61%] [32mBuilding CXX object CMakeFiles/solve_ik_pose.dir/src/solve_ik_pose.cpp.o[0m
[5.158s] [ 69%] [32mBuilding CXX object CMakeFiles/test_fk.dir/src/test_fk.cpp.o[0m
[5.159s] [ 76%] [32mBuilding CXX object CMakeFiles/test_ik.dir/src/test_ik.cpp.o[0m
[5.956s] [ 84%] [32m[1mLinking CXX executable test_ik[0m
[6.130s] [ 84%] Built target test_ik
[6.154s] [ 92%] [32m[1mLinking CXX executable test_fk[0m
[6.246s] [ 92%] Built target test_fk
[6.268s] [100%] [32m[1mLinking CXX executable solve_ik_pose[0m
[6.437s] [100%] Built target solve_ik_pose
[6.448s] Invoked command in '/home/hgui/IK_solver_MuJoCo/build/drok_arm_kinematics' returned '0': CMAKE_PREFIX_PATH=${CMAKE_PREFIX_PATH}:/opt/ros/humble /usr/bin/cmake --build /home/hgui/IK_solver_MuJoCo/build/drok_arm_kinematics -- -j18 -l18
[6.455s] Invoking command in '/home/hgui/IK_solver_MuJoCo/build/drok_arm_kinematics': CMAKE_PREFIX_PATH=${CMAKE_PREFIX_PATH}:/opt/ros/humble /usr/bin/cmake --install /home/hgui/IK_solver_MuJoCo/build/drok_arm_kinematics
[6.461s] -- Install configuration: ""
[6.462s] -- Execute custom install script
[6.462s] -- Symlinking: /home/hgui/IK_solver_MuJoCo/install/drok_arm_kinematics/include/drok_arm_kinematics/forward_kinematics.hpp
[6.468s] -- Symlinking: /home/hgui/IK_solver_MuJoCo/install/drok_arm_kinematics/include/drok_arm_kinematics/inverse_kinematics.hpp
[6.475s] -- Symlinking: /home/hgui/IK_solver_MuJoCo/install/drok_arm_kinematics/include/drok_arm_kinematics/robot_model.hpp
[6.483s] -- Symlinking: /home/hgui/IK_solver_MuJoCo/install/drok_arm_kinematics/include/drok_arm_kinematics/robot_model_loader.hpp
[6.491s] -- Symlinking: /home/hgui/IK_solver_MuJoCo/install/drok_arm_kinematics/include/drok_arm_kinematics/transform.hpp
[6.495s] -- Symlinking: /home/hgui/IK_solver_MuJoCo/install/drok_arm_kinematics/share/drok_arm_kinematics/config/robot_geometry.yaml
[6.501s] -- Symlinking: /home/hgui/IK_solver_MuJoCo/install/drok_arm_kinematics/share/drok_arm_kinematics/environment/library_path.sh
[6.508s] -- Symlinking: /home/hgui/IK_solver_MuJoCo/install/drok_arm_kinematics/share/drok_arm_kinematics/environment/library_path.dsv
[6.515s] -- Symlinking: /home/hgui/IK_solver_MuJoCo/install/drok_arm_kinematics/share/ament_index/resource_index/package_run_dependencies/drok_arm_kinematics
[6.521s] -- Symlinking: /home/hgui/IK_solver_MuJoCo/install/drok_arm_kinematics/share/ament_index/resource_index/parent_prefix_path/drok_arm_kinematics
[6.526s] -- Symlinking: /home/hgui/IK_solver_MuJoCo/install/drok_arm_kinematics/share/drok_arm_kinematics/environment/ament_prefix_path.sh
[6.532s] -- Symlinking: /home/hgui/IK_solver_MuJoCo/install/drok_arm_kinematics/share/drok_arm_kinematics/environment/ament_prefix_path.dsv
[6.538s] -- Symlinking: /home/hgui/IK_solver_MuJoCo/install/drok_arm_kinematics/share/drok_arm_kinematics/environment/path.sh
[6.544s] -- Symlinking: /home/hgui/IK_solver_MuJoCo/install/drok_arm_kinematics/share/drok_arm_kinematics/environment/path.dsv
[6.549s] -- Symlinking: /home/hgui/IK_solver_MuJoCo/install/drok_arm_kinematics/share/drok_arm_kinematics/local_setup.bash
[6.555s] -- Symlinking: /home/hgui/IK_solver_MuJoCo/install/drok_arm_kinematics/share/drok_arm_kinematics/local_setup.sh
[6.559s] -- Symlinking: /home/hgui/IK_solver_MuJoCo/install/drok_arm_kinematics/share/drok_arm_kinematics/local_setup.zsh
[6.564s] -- Symlinking: /home/hgui/IK_solver_MuJoCo/install/drok_arm_kinematics/share/drok_arm_kinematics/local_setup.dsv
[6.571s] -- Symlinking: /home/hgui/IK_solver_MuJoCo/install/drok_arm_kinematics/share/drok_arm_kinematics/package.dsv
[6.576s] -- Symlinking: /home/hgui/IK_solver_MuJoCo/install/drok_arm_kinematics/share/ament_index/resource_index/packages/drok_arm_kinematics
[6.582s] -- Symlinking: /home/hgui/IK_solver_MuJoCo/install/drok_arm_kinematics/share/drok_arm_kinematics/cmake/ament_cmake_export_targets-extras.cmake
[6.589s] -- Symlinking: /home/hgui/IK_solver_MuJoCo/install/drok_arm_kinematics/share/drok_arm_kinematics/cmake/ament_cmake_export_dependencies-extras.cmake
[6.596s] -- Symlinking: /home/hgui/IK_solver_MuJoCo/install/drok_arm_kinematics/share/drok_arm_kinematics/cmake/drok_arm_kinematicsConfig.cmake
[6.604s] -- Symlinking: /home/hgui/IK_solver_MuJoCo/install/drok_arm_kinematics/share/drok_arm_kinematics/cmake/drok_arm_kinematicsConfig-version.cmake
[6.610s] -- Symlinking: /home/hgui/IK_solver_MuJoCo/install/drok_arm_kinematics/share/drok_arm_kinematics/package.xml
[6.615s] -- Installing: /home/hgui/IK_solver_MuJoCo/install/drok_arm_kinematics/lib/libdrok_arm_kinematics.a
[6.619s] -- Installing: /home/hgui/IK_solver_MuJoCo/install/drok_arm_kinematics/lib/drok_arm_kinematics/urdf_geometry_exporter
[6.619s] -- Installing: /home/hgui/IK_solver_MuJoCo/install/drok_arm_kinematics/lib/drok_arm_kinematics/test_fk
[6.619s] -- Installing: /home/hgui/IK_solver_MuJoCo/install/drok_arm_kinematics/lib/drok_arm_kinematics/test_ik
[6.620s] -- Installing: /home/hgui/IK_solver_MuJoCo/install/drok_arm_kinematics/lib/drok_arm_kinematics/solve_ik_pose
[6.622s] -- Installing: /home/hgui/IK_solver_MuJoCo/install/drok_arm_kinematics/share/drok_arm_kinematics/cmake/export_drok_arm_kinematicsExport.cmake
[6.622s] -- Installing: /home/hgui/IK_solver_MuJoCo/install/drok_arm_kinematics/share/drok_arm_kinematics/cmake/export_drok_arm_kinematicsExport-noconfig.cmake
[6.623s] Invoked command in '/home/hgui/IK_solver_MuJoCo/build/drok_arm_kinematics' returned '0': CMAKE_PREFIX_PATH=${CMAKE_PREFIX_PATH}:/opt/ros/humble /usr/bin/cmake --install /home/hgui/IK_solver_MuJoCo/build/drok_arm_kinematics
