[0.011s] Invoking command in '/home/hgui/IK_solver_MuJoCo/build/drok_arm_mujoco': CMAKE_PREFIX_PATH=/home/hgui/IK_solver_MuJoCo/install/drok_arm_control:/home/hgui/IK_solver_MuJoCo/install/drok_arm_trajectory:/home/hgui/IK_solver_MuJoCo/install/drok_arm_kinematics:/home/hgui/IK_solver_MuJoCo/install/drok_arm_description:/home/hgui/IK_solver_MuJoCo/install/drok_arm_mujoco:/opt/ros/humble /usr/bin/cmake /home/hgui/IK_solver_MuJoCo/src/drok_arm_mujoco -DAMENT_CMAKE_SYMLINK_INSTALL=1 -DCMAKE_INSTALL_PREFIX=/home/hgui/IK_solver_MuJoCo/install/drok_arm_mujoco
[0.053s] -- The C compiler identification is GNU 11.4.0
[0.091s] -- The CXX compiler identification is GNU 11.4.0
[0.096s] -- Detecting C compiler ABI info
[0.145s] -- Detecting C compiler ABI info - done
[0.150s] -- Check for working C compiler: /usr/bin/cc - skipped
[0.150s] -- Detecting C compile features
[0.150s] -- Detecting C compile features - done
[0.152s] -- Detecting CXX compiler ABI info
[0.215s] -- Detecting CXX compiler ABI info - done
[0.219s] -- Check for working CXX compiler: /usr/bin/c++ - skipped
[0.220s] -- Detecting CXX compile features
[0.220s] -- Detecting CXX compile features - done
[0.222s] -- Found ament_cmake: 1.3.14 (/opt/ros/humble/share/ament_cmake/cmake)
[0.335s] -- Found Python3: /usr/bin/python3 (found version "3.10.12") found components: Interpreter 
[0.376s] -- Override CMake install command with custom implementation using symlinks instead of copying resources
[0.454s] -- Configuring done
[0.456s] -- Generating done
[0.456s] -- Build files have been written to: /home/hgui/IK_solver_MuJoCo/build/drok_arm_mujoco
[0.460s] Invoked command in '/home/hgui/IK_solver_MuJoCo/build/drok_arm_mujoco' returned '0': CMAKE_PREFIX_PATH=/home/hgui/IK_solver_MuJoCo/install/drok_arm_control:/home/hgui/IK_solver_MuJoCo/install/drok_arm_trajectory:/home/hgui/IK_solver_MuJoCo/install/drok_arm_kinematics:/home/hgui/IK_solver_MuJoCo/install/drok_arm_description:/home/hgui/IK_solver_MuJoCo/install/drok_arm_mujoco:/opt/ros/humble /usr/bin/cmake /home/hgui/IK_solver_MuJoCo/src/drok_arm_mujoco -DAMENT_CMAKE_SYMLINK_INSTALL=1 -DCMAKE_INSTALL_PREFIX=/home/hgui/IK_solver_MuJoCo/install/drok_arm_mujoco
[0.462s] Invoking command in '/home/hgui/IK_solver_MuJoCo/build/drok_arm_mujoco': CMAKE_PREFIX_PATH=/home/hgui/IK_solver_MuJoCo/install/drok_arm_control:/home/hgui/IK_solver_MuJoCo/install/drok_arm_trajectory:/home/hgui/IK_solver_MuJoCo/install/drok_arm_kinematics:/home/hgui/IK_solver_MuJoCo/install/drok_arm_description:/home/hgui/IK_solver_MuJoCo/install/drok_arm_mujoco:/opt/ros/humble /usr/bin/cmake --build /home/hgui/IK_solver_MuJoCo/build/drok_arm_mujoco -- -j18 -l18
[0.499s] Invoked command in '/home/hgui/IK_solver_MuJoCo/build/drok_arm_mujoco' returned '0': CMAKE_PREFIX_PATH=/home/hgui/IK_solver_MuJoCo/install/drok_arm_control:/home/hgui/IK_solver_MuJoCo/install/drok_arm_trajectory:/home/hgui/IK_solver_MuJoCo/install/drok_arm_kinematics:/home/hgui/IK_solver_MuJoCo/install/drok_arm_description:/home/hgui/IK_solver_MuJoCo/install/drok_arm_mujoco:/opt/ros/humble /usr/bin/cmake --build /home/hgui/IK_solver_MuJoCo/build/drok_arm_mujoco -- -j18 -l18
[0.506s] Invoking command in '/home/hgui/IK_solver_MuJoCo/build/drok_arm_mujoco': CMAKE_PREFIX_PATH=/home/hgui/IK_solver_MuJoCo/install/drok_arm_control:/home/hgui/IK_solver_MuJoCo/install/drok_arm_trajectory:/home/hgui/IK_solver_MuJoCo/install/drok_arm_kinematics:/home/hgui/IK_solver_MuJoCo/install/drok_arm_description:/home/hgui/IK_solver_MuJoCo/install/drok_arm_mujoco:/opt/ros/humble /usr/bin/cmake --install /home/hgui/IK_solver_MuJoCo/build/drok_arm_mujoco
[0.513s] -- Install configuration: ""
[0.514s] -- Execute custom install script
[0.514s] -- Symlinking: /home/hgui/IK_solver_MuJoCo/install/drok_arm_mujoco/share/drok_arm_mujoco/launch/__pycache__/drok_arm_mujoco.launch.cpython-310.pyc
[0.520s] -- Symlinking: /home/hgui/IK_solver_MuJoCo/install/drok_arm_mujoco/share/drok_arm_mujoco/launch/drok_arm_mujoco.launch.py
[0.528s] -- Symlinking: /home/hgui/IK_solver_MuJoCo/install/drok_arm_mujoco/share/drok_arm_mujoco/config/arm_controller.yaml
[0.534s] -- Symlinking: /home/hgui/IK_solver_MuJoCo/install/drok_arm_mujoco/share/drok_arm_mujoco/config/arm_controller.yaml.before_collision_tolerance_test
[0.540s] -- Symlinking: /home/hgui/IK_solver_MuJoCo/install/drok_arm_mujoco/share/drok_arm_mujoco/config/controllers.yaml
[0.547s] -- Symlinking: /home/hgui/IK_solver_MuJoCo/install/drok_arm_mujoco/share/drok_arm_mujoco/config/mujoco_inputs.xml
[0.554s] -- Symlinking: /home/hgui/IK_solver_MuJoCo/install/drok_arm_mujoco/share/drok_arm_mujoco/config/mujoco_inputs.xml.before_collision_test
[0.561s] -- Symlinking: /home/hgui/IK_solver_MuJoCo/install/drok_arm_mujoco/share/drok_arm_mujoco/config/mujoco_inputs.xml.before_gravity_test
[0.567s] -- Symlinking: /home/hgui/IK_solver_MuJoCo/install/drok_arm_mujoco/share/drok_arm_mujoco/config/mujoco_inputs.xml.before_kp_tuning
[0.573s] -- Symlinking: /home/hgui/IK_solver_MuJoCo/install/drok_arm_mujoco/share/drok_arm_mujoco/model/scene.xml
[0.581s] -- Symlinking: /home/hgui/IK_solver_MuJoCo/install/drok_arm_mujoco/share/drok_arm_mujoco/urdf/drok_arm_mujoco.urdf
[0.587s] -- Symlinking: /home/hgui/IK_solver_MuJoCo/install/drok_arm_mujoco/share/drok_arm_mujoco/urdf/drok_arm_mujoco.urdf.before_base_link1_collision_test
[0.595s] -- Symlinking: /home/hgui/IK_solver_MuJoCo/install/drok_arm_mujoco/share/ament_index/resource_index/package_run_dependencies/drok_arm_mujoco
[0.603s] -- Symlinking: /home/hgui/IK_solver_MuJoCo/install/drok_arm_mujoco/share/ament_index/resource_index/parent_prefix_path/drok_arm_mujoco
[0.608s] -- Symlinking: /home/hgui/IK_solver_MuJoCo/install/drok_arm_mujoco/share/drok_arm_mujoco/environment/ament_prefix_path.sh
[0.615s] -- Symlinking: /home/hgui/IK_solver_MuJoCo/install/drok_arm_mujoco/share/drok_arm_mujoco/environment/ament_prefix_path.dsv
[0.622s] -- Symlinking: /home/hgui/IK_solver_MuJoCo/install/drok_arm_mujoco/share/drok_arm_mujoco/environment/path.sh
[0.630s] -- Symlinking: /home/hgui/IK_solver_MuJoCo/install/drok_arm_mujoco/share/drok_arm_mujoco/environment/path.dsv
[0.640s] -- Symlinking: /home/hgui/IK_solver_MuJoCo/install/drok_arm_mujoco/share/drok_arm_mujoco/local_setup.bash
[0.649s] -- Symlinking: /home/hgui/IK_solver_MuJoCo/install/drok_arm_mujoco/share/drok_arm_mujoco/local_setup.sh
[0.658s] -- Symlinking: /home/hgui/IK_solver_MuJoCo/install/drok_arm_mujoco/share/drok_arm_mujoco/local_setup.zsh
[0.667s] -- Symlinking: /home/hgui/IK_solver_MuJoCo/install/drok_arm_mujoco/share/drok_arm_mujoco/local_setup.dsv
[0.676s] -- Symlinking: /home/hgui/IK_solver_MuJoCo/install/drok_arm_mujoco/share/drok_arm_mujoco/package.dsv
[0.685s] -- Symlinking: /home/hgui/IK_solver_MuJoCo/install/drok_arm_mujoco/share/ament_index/resource_index/packages/drok_arm_mujoco
[0.691s] -- Symlinking: /home/hgui/IK_solver_MuJoCo/install/drok_arm_mujoco/share/drok_arm_mujoco/cmake/drok_arm_mujocoConfig.cmake
[0.698s] -- Symlinking: /home/hgui/IK_solver_MuJoCo/install/drok_arm_mujoco/share/drok_arm_mujoco/cmake/drok_arm_mujocoConfig-version.cmake
[0.706s] -- Symlinking: /home/hgui/IK_solver_MuJoCo/install/drok_arm_mujoco/share/drok_arm_mujoco/package.xml
[0.714s] Invoked command in '/home/hgui/IK_solver_MuJoCo/build/drok_arm_mujoco' returned '0': CMAKE_PREFIX_PATH=/home/hgui/IK_solver_MuJoCo/install/drok_arm_control:/home/hgui/IK_solver_MuJoCo/install/drok_arm_trajectory:/home/hgui/IK_solver_MuJoCo/install/drok_arm_kinematics:/home/hgui/IK_solver_MuJoCo/install/drok_arm_description:/home/hgui/IK_solver_MuJoCo/install/drok_arm_mujoco:/opt/ros/humble /usr/bin/cmake --install /home/hgui/IK_solver_MuJoCo/build/drok_arm_mujoco
