$ /usr/bin/python3 /home/hgui/IK_solver_MuJoCo/src/drok_arm_control/scripts/dry_run_cylinder_hybrid_ik.py --candidate-file /home/hgui/IK_solver_MuJoCo/generated_known_object_paths/box_2_x0p391498_ym0p124411_z0p272000_to_box_1/all_grasp_candidates.yaml --candidate-index 18 --geometry /home/hgui/IK_solver_MuJoCo/src/drok_arm_kinematics/config/robot_geometry.yaml --urdf /home/hgui/IK_solver_MuJoCo/src/drok_arm_mujoco/urdf/drok_arm_mujoco.urdf --output /home/hgui/IK_solver_MuJoCo/generated_known_object_paths/box_2_x0p391498_ym0p124411_z0p272000_to_box_1/candidate_trials/candidate_18/hybrid_path.yaml

========================================================================================
CYLINDER HYBRID CARTESIAN IK DRY RUN
========================================================================================
Candidate index : 18
Candidate phi   : 180.000 deg
Target RPY      : +0.000000000, -0.000000000, -0.000000000
Cartesian step  : 0.003000 m

현재 /joint_states를 기다립니다.
Current q [rad] : -0.000045490, +0.295663838, +0.294624598, -0.000413885, -0.000008202, -0.001249254

[INITIAL 1/2] Position-only solve at PICK_PREGRASP
[PASS] q = -0.254605, +0.909479, +0.610422, -0.030098, +0.190415, -0.001249

[INITIAL 2/2] Full-pose orientation alignment

[PICK_APPROACH] mode=full, distance=0.080000 m, samples=27
[PASS] max jump=0.877242 deg, minimum margin=27.509674 deg

[PICK_LIFT] mode=full, distance=0.050000 m, samples=17
[PASS] max jump=0.667608 deg, minimum margin=35.511452 deg

[TRANSFER] mode=upright, distance=0.309982 m, samples=104
[PASS] max jump=0.392955 deg, minimum margin=35.453408 deg

[PLACE_DESCEND] mode=upright, distance=0.050000 m, samples=17
[PASS] max jump=0.459538 deg, minimum margin=28.106147 deg

========================================================================================
OVERALL RESULT: PASS
========================================================================================
Total samples       : 166
Maximum joint jump  : 0.877242 deg
Minimum limit margin: 26.910456 deg
Saved:
/home/hgui/IK_solver_MuJoCo/generated_known_object_paths/box_2_x0p391498_ym0p124411_z0p272000_to_box_1/candidate_trials/candidate_18/hybrid_path.yaml
