$ /usr/bin/python3 /home/hgui/IK_solver_MuJoCo/src/drok_arm_control/scripts/generate_cylinder_place_retreat_target.py --hybrid-path /home/hgui/IK_solver_MuJoCo/generated_known_object_paths/box_2_x0p391498_ym0p124411_z0p272000_to_box_1/candidate_trials/candidate_18/hybrid_path.yaml --candidate-file /home/hgui/IK_solver_MuJoCo/generated_known_object_paths/box_2_x0p391498_ym0p124411_z0p272000_to_box_1/all_grasp_candidates.yaml --geometry /home/hgui/IK_solver_MuJoCo/src/drok_arm_kinematics/config/robot_geometry.yaml --output /home/hgui/IK_solver_MuJoCo/generated_known_object_paths/box_2_x0p391498_ym0p124411_z0p272000_to_box_1/candidate_trials/candidate_18/retreat_target.yaml

========================================
 DROK Upright 5-DoF IK Solver
========================================
IK mode: upright
----------------------------------------
Target position [m]
x = 0.450000000
y = 0.180000000
z = 0.282000000
----------------------------------------
Constraint
TCP local +Z = world +Z
TCP yaw      = free
----------------------------------------
Initial joint positions [rad]
q1 = 0.041501278
q2 = 1.578579273
q3 = 0.862839993
q4 = 0.547770664
q5 = -1.031205190
q6 = 0.451930862
----------------------------------------
IK result joint positions [rad]
q1 = 0.041501278
q2 = 1.578579273
q3 = 0.862839993
q4 = 0.547770664
q5 = -1.031205190
q6 = 0.451930862
----------------------------------------
Solved TCP local +Z in world
-0.000005886 -0.000020447  1.000000000
Solved TCP yaw    : 0.863333673 rad
----------------------------------------
Success           : true
Iterations        : 0
Position error    : 0.000018235 m
Upright error     : 0.000021278 rad
Orientation error : 0.000021278 rad
Minimum margin    : 0.490544810 rad
Message           : Upright IK converged.
----------------------------------------
Machine-readable joint result
JOINT_RESULT=0.041501278,1.578579273,0.862839993,0.547770664,-1.031205190,0.451930862
========================================

========================================================================================
NEW HEIGHT PLACE RETREAT TARGET
========================================================================================
Candidate index : 18
Final yaw       : +49.465376 deg
Place grasp TCP : +0.450000000, +0.180000000, +0.282000000
Retreat TCP     : +0.398007404, +0.119198931, +0.282000000
Retreat vector  : -0.649907448, -0.760013361, +0.000000000
Saved:
/home/hgui/IK_solver_MuJoCo/generated_known_object_paths/box_2_x0p391498_ym0p124411_z0p272000_to_box_1/candidate_trials/candidate_18/retreat_target.yaml
