$ /usr/bin/python3 /home/hgui/IK_solver_MuJoCo/src/drok_arm_control/scripts/time_parameterize_cylinder_path.py --path /home/hgui/IK_solver_MuJoCo/generated_known_object_paths/box_2_x0p391498_ym0p124411_z0p272000_to_box_1/candidate_trials/candidate_18/full_cartesian_path.yaml --timing-config /home/hgui/IK_solver_MuJoCo/src/drok_arm_control/config/cylinder_trajectory_timing.yaml --urdf /home/hgui/IK_solver_MuJoCo/src/drok_arm_mujoco/urdf/drok_arm_mujoco.urdf --controllers /home/hgui/IK_solver_MuJoCo/src/drok_arm_mujoco/config/controllers.yaml --output /home/hgui/IK_solver_MuJoCo/generated_known_object_paths/box_2_x0p391498_ym0p124411_z0p272000_to_box_1/candidate_trials/candidate_18/timed_joint_path.yaml

================================================================================================
CYLINDER PATH TIME PARAMETERIZATION
================================================================================================
Controller rate : 100.000 Hz

Derived limits
  JOINT1: v=0.420000 rad/s, a=0.840000 rad/s^2, j=4.200000 rad/s^3
  JOINT2: v=0.420000 rad/s, a=0.840000 rad/s^2, j=4.200000 rad/s^3
  JOINT3: v=0.420000 rad/s, a=0.840000 rad/s^2, j=4.200000 rad/s^3
  JOINT4: v=0.420000 rad/s, a=0.840000 rad/s^2, j=4.200000 rad/s^3
  JOINT5: v=0.420000 rad/s, a=0.840000 rad/s^2, j=4.200000 rad/s^3
  JOINT6: v=0.350000 rad/s, a=0.700000 rad/s^2, j=3.500000 rad/s^3

[MOTION_BLOCK_1_PICK_APPROACH] index=0->27
  waypoints       : 28
  duration        : 1.760000 s
  samples         : 177
  velocity ratio  : 0.836734
  accel ratio     : 0.755625
  jerk ratio      : 0.938093
  limit margin    : 26.910456 deg

[MOTION_BLOCK_2_PICK_LIFT] index=27->44
  waypoints       : 18
  duration        : 1.530000 s
  samples         : 154
  velocity ratio  : 0.667445
  accel ratio     : 0.678460
  jerk ratio      : 0.926119
  limit margin    : 35.144794 deg

[MOTION_BLOCK_3_TRANSFER] index=44->148
  waypoints       : 105
  duration        : 3.250000 s
  samples         : 326
  velocity ratio  : 0.978134
  accel ratio     : 0.517917
  jerk ratio      : 0.313273
  limit margin    : 35.453408 deg

[MOTION_BLOCK_4_PLACE_DESCEND] index=148->165
  waypoints       : 18
  duration        : 1.360000 s
  samples         : 137
  velocity ratio  : 0.535708
  accel ratio     : 0.611141
  jerk ratio      : 0.938080
  limit margin    : 28.106147 deg

[MOTION_BLOCK_5_PLACE_RETREAT] index=165->192
  waypoints       : 28
  duration        : 1.560000 s
  samples         : 157
  velocity ratio  : 0.655981
  accel ratio     : 0.681329
  jerk ratio      : 0.932083
  limit margin    : 19.456112 deg

================================================================================================
OVERALL RESULT: PASS
================================================================================================
Motion blocks       : 5
Arm motion duration : 9.460000 s
Gripper dwell       : not included
Saved:
/home/hgui/IK_solver_MuJoCo/generated_known_object_paths/box_2_x0p391498_ym0p124411_z0p272000_to_box_1/candidate_trials/candidate_18/timed_joint_path.yaml
