$ /usr/bin/python3 /home/hgui/IK_solver_MuJoCo/src/drok_arm_control/scripts/generate_cylinder_place_retreat_target.py --hybrid-path /home/hgui/IK_solver_MuJoCo/generated_known_object_paths/box_2_x0p391498_ym0p124411_z0p272000_to_box_1/candidate_trials/candidate_20/hybrid_path.yaml --candidate-file /home/hgui/IK_solver_MuJoCo/generated_known_object_paths/box_2_x0p391498_ym0p124411_z0p272000_to_box_1/all_grasp_candidates.yaml --geometry /home/hgui/IK_solver_MuJoCo/src/drok_arm_kinematics/config/robot_geometry.yaml --output /home/hgui/IK_solver_MuJoCo/generated_known_object_paths/box_2_x0p391498_ym0p124411_z0p272000_to_box_1/candidate_trials/candidate_20/retreat_target.yaml

========================================
 DROK Upright 5-DoF IK Solver
========================================
IK mode: upright
----------------------------------------
Target position [m]
x = 0.450000000
y = 0.180000000
z = 0.282000000
----------------------------------------
Constraint
TCP local +Z = world +Z
TCP yaw      = free
----------------------------------------
Initial joint positions [rad]
q1 = -0.053742549
q2 = 1.715695615
q3 = 1.011931239
q4 = 0.257346693
q5 = -1.279475010
q6 = 0.322839578
----------------------------------------
IK result joint positions [rad]
q1 = -0.053742549
q2 = 1.715695615
q3 = 1.011931239
q4 = 0.257346693
q5 = -1.279475010
q6 = 0.322839578
----------------------------------------
Solved TCP local +Z in world
-0.000000817 -0.000013888  1.000000000
Solved TCP yaw    : 1.130785699 rad
----------------------------------------
Success           : true
Iterations        : 0
Position error    : 0.000013885 m
Upright error     : 0.000013912 rad
Orientation error : 0.000013912 rad
Minimum margin    : 0.242274990 rad
Message           : Upright IK converged.
----------------------------------------
Machine-readable joint result
JOINT_RESULT=-0.053742549,1.715695615,1.011931239,0.257346693,-1.279475010,0.322839578
========================================

========================================================================================
NEW HEIGHT PLACE RETREAT TARGET
========================================================================================
Candidate index : 20
Final yaw       : +64.789248 deg
Place grasp TCP : +0.450000000, +0.180000000, +0.282000000
Retreat TCP     : +0.415924074, +0.107620229, +0.282000000
Retreat vector  : -0.425949081, -0.904747136, +0.000000000
Saved:
/home/hgui/IK_solver_MuJoCo/generated_known_object_paths/box_2_x0p391498_ym0p124411_z0p272000_to_box_1/candidate_trials/candidate_20/retreat_target.yaml
