[0.063s] DEBUG:colcon:Command line arguments: ['/usr/bin/colcon', 'build', '--symlink-install', '--packages-select', 'drok_arm_kinematics', '--event-handlers', 'console_direct+']
[0.063s] DEBUG:colcon:Parsed command line arguments: Namespace(log_base=None, log_level=None, verb_name='build', build_base='build', install_base='install', merge_install=False, symlink_install=True, test_result_base=None, continue_on_error=False, executor='parallel', parallel_workers=18, event_handlers=['console_direct+'], ignore_user_meta=False, metas=['./colcon.meta'], base_paths=['.'], packages_ignore=None, packages_ignore_regex=None, paths=None, packages_up_to=None, packages_up_to_regex=None, packages_above=None, packages_above_and_dependencies=None, packages_above_depth=None, packages_select_by_dep=None, packages_skip_by_dep=None, packages_skip_up_to=None, packages_select_build_failed=False, packages_skip_build_finished=False, packages_select_test_failures=False, packages_skip_test_passed=False, packages_select=['drok_arm_kinematics'], packages_skip=None, packages_select_regex=None, packages_skip_regex=None, packages_start=None, packages_end=None, allow_overriding=[], cmake_args=None, cmake_target=None, cmake_target_skip_unavailable=False, cmake_clean_cache=False, cmake_clean_first=False, cmake_force_configure=False, ament_cmake_args=None, catkin_cmake_args=None, catkin_skip_building_tests=False, mixin_files=None, mixin=None, verb_parser=<colcon_mixin.mixin.mixin_argument.MixinArgumentDecorator object at 0x77917f10b9a0>, verb_extension=<colcon_core.verb.build.BuildVerb object at 0x77917f2a4fa0>, main=<bound method BuildVerb.main of <colcon_core.verb.build.BuildVerb object at 0x77917f2a4fa0>>, mixin_verb=('build',))
[0.165s] Level 1:colcon.colcon_core.package_discovery:discover_packages(colcon_meta) check parameters
[0.166s] Level 1:colcon.colcon_core.package_discovery:discover_packages(recursive) check parameters
[0.166s] Level 1:colcon.colcon_core.package_discovery:discover_packages(ignore) check parameters
[0.166s] Level 1:colcon.colcon_core.package_discovery:discover_packages(path) check parameters
[0.166s] Level 1:colcon.colcon_core.package_discovery:discover_packages(colcon_meta) discover
[0.166s] Level 1:colcon.colcon_core.package_discovery:discover_packages(recursive) discover
[0.166s] INFO:colcon.colcon_core.package_discovery:Crawling recursively for packages in '/home/hgui/IK_solver_MuJoCo'
[0.166s] Level 1:colcon.colcon_core.package_identification:_identify(.) by extensions ['ignore', 'ignore_ament_install']
[0.166s] Level 1:colcon.colcon_core.package_identification:_identify(.) by extension 'ignore'
[0.166s] Level 1:colcon.colcon_core.package_identification:_identify(.) by extension 'ignore_ament_install'
[0.166s] Level 1:colcon.colcon_core.package_identification:_identify(.) by extensions ['colcon_pkg']
[0.166s] Level 1:colcon.colcon_core.package_identification:_identify(.) by extension 'colcon_pkg'
[0.166s] Level 1:colcon.colcon_core.package_identification:_identify(.) by extensions ['colcon_meta']
[0.166s] Level 1:colcon.colcon_core.package_identification:_identify(.) by extension 'colcon_meta'
[0.166s] Level 1:colcon.colcon_core.package_identification:_identify(.) by extensions ['ros']
[0.166s] Level 1:colcon.colcon_core.package_identification:_identify(.) by extension 'ros'
[0.190s] Level 1:colcon.colcon_core.package_identification:_identify(.) by extensions ['cmake', 'python']
[0.190s] Level 1:colcon.colcon_core.package_identification:_identify(.) by extension 'cmake'
[0.190s] Level 1:colcon.colcon_core.package_identification:_identify(.) by extension 'python'
[0.190s] Level 1:colcon.colcon_core.package_identification:_identify(.) by extensions ['python_setup_py']
[0.190s] Level 1:colcon.colcon_core.package_identification:_identify(.) by extension 'python_setup_py'
[0.190s] Level 1:colcon.colcon_core.package_identification:_identify(build) by extensions ['ignore', 'ignore_ament_install']
[0.190s] Level 1:colcon.colcon_core.package_identification:_identify(build) by extension 'ignore'
[0.190s] Level 1:colcon.colcon_core.package_identification:_identify(build) ignored
[0.190s] Level 1:colcon.colcon_core.package_identification:_identify(install) by extensions ['ignore', 'ignore_ament_install']
[0.190s] Level 1:colcon.colcon_core.package_identification:_identify(install) by extension 'ignore'
[0.190s] Level 1:colcon.colcon_core.package_identification:_identify(install) ignored
[0.190s] Level 1:colcon.colcon_core.package_identification:_identify(log) by extensions ['ignore', 'ignore_ament_install']
[0.190s] Level 1:colcon.colcon_core.package_identification:_identify(log) by extension 'ignore'
[0.190s] Level 1:colcon.colcon_core.package_identification:_identify(log) ignored
[0.190s] Level 1:colcon.colcon_core.package_identification:_identify(src) by extensions ['ignore', 'ignore_ament_install']
[0.190s] Level 1:colcon.colcon_core.package_identification:_identify(src) by extension 'ignore'
[0.190s] Level 1:colcon.colcon_core.package_identification:_identify(src) by extension 'ignore_ament_install'
[0.190s] Level 1:colcon.colcon_core.package_identification:_identify(src) by extensions ['colcon_pkg']
[0.190s] Level 1:colcon.colcon_core.package_identification:_identify(src) by extension 'colcon_pkg'
[0.190s] Level 1:colcon.colcon_core.package_identification:_identify(src) by extensions ['colcon_meta']
[0.190s] Level 1:colcon.colcon_core.package_identification:_identify(src) by extension 'colcon_meta'
[0.190s] Level 1:colcon.colcon_core.package_identification:_identify(src) by extensions ['ros']
[0.190s] Level 1:colcon.colcon_core.package_identification:_identify(src) by extension 'ros'
[0.191s] Level 1:colcon.colcon_core.package_identification:_identify(src) by extensions ['cmake', 'python']
[0.191s] Level 1:colcon.colcon_core.package_identification:_identify(src) by extension 'cmake'
[0.191s] Level 1:colcon.colcon_core.package_identification:_identify(src) by extension 'python'
[0.191s] Level 1:colcon.colcon_core.package_identification:_identify(src) by extensions ['python_setup_py']
[0.191s] Level 1:colcon.colcon_core.package_identification:_identify(src) by extension 'python_setup_py'
[0.191s] Level 1:colcon.colcon_core.package_identification:_identify(src/drok_arm_description) by extensions ['ignore', 'ignore_ament_install']
[0.191s] Level 1:colcon.colcon_core.package_identification:_identify(src/drok_arm_description) by extension 'ignore'
[0.191s] Level 1:colcon.colcon_core.package_identification:_identify(src/drok_arm_description) by extension 'ignore_ament_install'
[0.191s] Level 1:colcon.colcon_core.package_identification:_identify(src/drok_arm_description) by extensions ['colcon_pkg']
[0.191s] Level 1:colcon.colcon_core.package_identification:_identify(src/drok_arm_description) by extension 'colcon_pkg'
[0.191s] Level 1:colcon.colcon_core.package_identification:_identify(src/drok_arm_description) by extensions ['colcon_meta']
[0.191s] Level 1:colcon.colcon_core.package_identification:_identify(src/drok_arm_description) by extension 'colcon_meta'
[0.191s] Level 1:colcon.colcon_core.package_identification:_identify(src/drok_arm_description) by extensions ['ros']
[0.191s] Level 1:colcon.colcon_core.package_identification:_identify(src/drok_arm_description) by extension 'ros'
[0.192s] DEBUG:colcon.colcon_core.package_identification:Package 'src/drok_arm_description' with type 'ros.ament_cmake' and name 'drok_arm_description'
[0.192s] Level 1:colcon.colcon_core.package_identification:_identify(src/drok_arm_kinematics) by extensions ['ignore', 'ignore_ament_install']
[0.192s] Level 1:colcon.colcon_core.package_identification:_identify(src/drok_arm_kinematics) by extension 'ignore'
[0.192s] Level 1:colcon.colcon_core.package_identification:_identify(src/drok_arm_kinematics) by extension 'ignore_ament_install'
[0.192s] Level 1:colcon.colcon_core.package_identification:_identify(src/drok_arm_kinematics) by extensions ['colcon_pkg']
[0.193s] Level 1:colcon.colcon_core.package_identification:_identify(src/drok_arm_kinematics) by extension 'colcon_pkg'
[0.193s] Level 1:colcon.colcon_core.package_identification:_identify(src/drok_arm_kinematics) by extensions ['colcon_meta']
[0.193s] Level 1:colcon.colcon_core.package_identification:_identify(src/drok_arm_kinematics) by extension 'colcon_meta'
[0.193s] Level 1:colcon.colcon_core.package_identification:_identify(src/drok_arm_kinematics) by extensions ['ros']
[0.193s] Level 1:colcon.colcon_core.package_identification:_identify(src/drok_arm_kinematics) by extension 'ros'
[0.193s] DEBUG:colcon.colcon_core.package_identification:Package 'src/drok_arm_kinematics' with type 'ros.ament_cmake' and name 'drok_arm_kinematics'
[0.193s] Level 1:colcon.colcon_core.package_discovery:discover_packages(recursive) using defaults
[0.193s] Level 1:colcon.colcon_core.package_discovery:discover_packages(ignore) discover
[0.193s] Level 1:colcon.colcon_core.package_discovery:discover_packages(ignore) using defaults
[0.193s] Level 1:colcon.colcon_core.package_discovery:discover_packages(path) discover
[0.193s] Level 1:colcon.colcon_core.package_discovery:discover_packages(path) using defaults
[0.205s] INFO:colcon.colcon_core.package_selection:Skipping not selected package 'drok_arm_description' in 'src/drok_arm_description'
[0.205s] Level 1:colcon.colcon_core.package_discovery:discover_packages(prefix_path) check parameters
[0.205s] Level 1:colcon.colcon_core.package_discovery:discover_packages(prefix_path) discover
[0.206s] WARNING:colcon.colcon_ros.prefix_path.ament:The path '/home/hgui/IK_solver_MuJoCo/install/drok_arm_kinematics' in the environment variable AMENT_PREFIX_PATH doesn't exist
[0.206s] WARNING:colcon.colcon_ros.prefix_path.catkin:The path '/home/hgui/IK_solver_MuJoCo/install/drok_arm_kinematics' in the environment variable CMAKE_PREFIX_PATH doesn't exist
[0.206s] DEBUG:colcon.colcon_installed_package_information.package_discovery:Found 1 installed packages in /home/hgui/IK_solver_MuJoCo/install
[0.207s] DEBUG:colcon.colcon_installed_package_information.package_discovery:Found 377 installed packages in /opt/ros/humble
[0.208s] Level 1:colcon.colcon_core.package_discovery:discover_packages(prefix_path) using defaults
[0.234s] Level 5:colcon.colcon_core.verb:set package 'drok_arm_kinematics' build argument 'cmake_args' from command line to 'None'
[0.234s] Level 5:colcon.colcon_core.verb:set package 'drok_arm_kinematics' build argument 'cmake_target' from command line to 'None'
[0.234s] Level 5:colcon.colcon_core.verb:set package 'drok_arm_kinematics' build argument 'cmake_target_skip_unavailable' from command line to 'False'
[0.234s] Level 5:colcon.colcon_core.verb:set package 'drok_arm_kinematics' build argument 'cmake_clean_cache' from command line to 'False'
[0.234s] Level 5:colcon.colcon_core.verb:set package 'drok_arm_kinematics' build argument 'cmake_clean_first' from command line to 'False'
[0.234s] Level 5:colcon.colcon_core.verb:set package 'drok_arm_kinematics' build argument 'cmake_force_configure' from command line to 'False'
[0.234s] Level 5:colcon.colcon_core.verb:set package 'drok_arm_kinematics' build argument 'ament_cmake_args' from command line to 'None'
[0.234s] Level 5:colcon.colcon_core.verb:set package 'drok_arm_kinematics' build argument 'catkin_cmake_args' from command line to 'None'
[0.234s] Level 5:colcon.colcon_core.verb:set package 'drok_arm_kinematics' build argument 'catkin_skip_building_tests' from command line to 'False'
[0.234s] DEBUG:colcon.colcon_core.verb:Building package 'drok_arm_kinematics' with the following arguments: {'ament_cmake_args': None, 'build_base': '/home/hgui/IK_solver_MuJoCo/build/drok_arm_kinematics', 'catkin_cmake_args': None, 'catkin_skip_building_tests': False, 'cmake_args': None, 'cmake_clean_cache': False, 'cmake_clean_first': False, 'cmake_force_configure': False, 'cmake_target': None, 'cmake_target_skip_unavailable': False, 'install_base': '/home/hgui/IK_solver_MuJoCo/install/drok_arm_kinematics', 'merge_install': False, 'path': '/home/hgui/IK_solver_MuJoCo/src/drok_arm_kinematics', 'symlink_install': True, 'test_result_base': None}
[0.234s] INFO:colcon.colcon_core.executor:Executing jobs using 'parallel' executor
[0.235s] DEBUG:colcon.colcon_parallel_executor.executor.parallel:run_until_complete
[0.235s] INFO:colcon.colcon_ros.task.ament_cmake.build:Building ROS package in '/home/hgui/IK_solver_MuJoCo/src/drok_arm_kinematics' with build type 'ament_cmake'
[0.235s] INFO:colcon.colcon_cmake.task.cmake.build:Building CMake package in '/home/hgui/IK_solver_MuJoCo/src/drok_arm_kinematics'
[0.236s] INFO:colcon.colcon_core.plugin_system:Skipping extension 'colcon_core.shell.bat': Not used on non-Windows systems
[0.236s] INFO:colcon.colcon_core.shell:Skip shell extension 'powershell' for command environment: Not usable outside of PowerShell
[0.236s] DEBUG:colcon.colcon_core.shell:Skip shell extension 'dsv' for command environment
[0.242s] DEBUG:colcon.colcon_core.event_handler.log_command:Invoking command in '/home/hgui/IK_solver_MuJoCo/build/drok_arm_kinematics': CMAKE_PREFIX_PATH=${CMAKE_PREFIX_PATH}:/opt/ros/humble /usr/bin/cmake /home/hgui/IK_solver_MuJoCo/src/drok_arm_kinematics -DAMENT_CMAKE_SYMLINK_INSTALL=1 -DCMAKE_INSTALL_PREFIX=/home/hgui/IK_solver_MuJoCo/install/drok_arm_kinematics
[0.711s] DEBUG:colcon.colcon_core.event_handler.log_command:Invoked command in '/home/hgui/IK_solver_MuJoCo/build/drok_arm_kinematics' returned '0': CMAKE_PREFIX_PATH=${CMAKE_PREFIX_PATH}:/opt/ros/humble /usr/bin/cmake /home/hgui/IK_solver_MuJoCo/src/drok_arm_kinematics -DAMENT_CMAKE_SYMLINK_INSTALL=1 -DCMAKE_INSTALL_PREFIX=/home/hgui/IK_solver_MuJoCo/install/drok_arm_kinematics
[0.714s] DEBUG:colcon.colcon_core.event_handler.log_command:Invoking command in '/home/hgui/IK_solver_MuJoCo/build/drok_arm_kinematics': CMAKE_PREFIX_PATH=${CMAKE_PREFIX_PATH}:/opt/ros/humble /usr/bin/cmake --build /home/hgui/IK_solver_MuJoCo/build/drok_arm_kinematics -- -j18 -l18
[6.683s] DEBUG:colcon.colcon_core.event_handler.log_command:Invoked command in '/home/hgui/IK_solver_MuJoCo/build/drok_arm_kinematics' returned '0': CMAKE_PREFIX_PATH=${CMAKE_PREFIX_PATH}:/opt/ros/humble /usr/bin/cmake --build /home/hgui/IK_solver_MuJoCo/build/drok_arm_kinematics -- -j18 -l18
[6.690s] DEBUG:colcon.colcon_core.event_handler.log_command:Invoking command in '/home/hgui/IK_solver_MuJoCo/build/drok_arm_kinematics': CMAKE_PREFIX_PATH=${CMAKE_PREFIX_PATH}:/opt/ros/humble /usr/bin/cmake --install /home/hgui/IK_solver_MuJoCo/build/drok_arm_kinematics
[6.858s] Level 1:colcon.colcon_core.environment:create_environment_scripts_only(drok_arm_kinematics)
[6.858s] DEBUG:colcon.colcon_core.event_handler.log_command:Invoked command in '/home/hgui/IK_solver_MuJoCo/build/drok_arm_kinematics' returned '0': CMAKE_PREFIX_PATH=${CMAKE_PREFIX_PATH}:/opt/ros/humble /usr/bin/cmake --install /home/hgui/IK_solver_MuJoCo/build/drok_arm_kinematics
[6.861s] Level 1:colcon.colcon_core.environment:checking '/home/hgui/IK_solver_MuJoCo/install/drok_arm_kinematics' for CMake module files
[6.861s] Level 1:colcon.colcon_core.environment:checking '/home/hgui/IK_solver_MuJoCo/install/drok_arm_kinematics' for CMake config files
[6.861s] Level 1:colcon.colcon_core.shell:create_environment_hook('drok_arm_kinematics', 'cmake_prefix_path')
[6.862s] INFO:colcon.colcon_core.shell:Creating environment hook '/home/hgui/IK_solver_MuJoCo/install/drok_arm_kinematics/share/drok_arm_kinematics/hook/cmake_prefix_path.ps1'
[6.862s] INFO:colcon.colcon_core.shell:Creating environment descriptor '/home/hgui/IK_solver_MuJoCo/install/drok_arm_kinematics/share/drok_arm_kinematics/hook/cmake_prefix_path.dsv'
[6.863s] INFO:colcon.colcon_core.shell:Creating environment hook '/home/hgui/IK_solver_MuJoCo/install/drok_arm_kinematics/share/drok_arm_kinematics/hook/cmake_prefix_path.sh'
[6.863s] Level 1:colcon.colcon_core.environment:checking '/home/hgui/IK_solver_MuJoCo/install/drok_arm_kinematics/lib'
[6.863s] Level 1:colcon.colcon_core.environment:checking '/home/hgui/IK_solver_MuJoCo/install/drok_arm_kinematics/bin'
[6.863s] Level 1:colcon.colcon_core.environment:checking '/home/hgui/IK_solver_MuJoCo/install/drok_arm_kinematics/lib/pkgconfig/drok_arm_kinematics.pc'
[6.863s] Level 1:colcon.colcon_core.environment:checking '/home/hgui/IK_solver_MuJoCo/install/drok_arm_kinematics/lib/python3.10/site-packages'
[6.864s] Level 1:colcon.colcon_core.environment:checking '/home/hgui/IK_solver_MuJoCo/install/drok_arm_kinematics/bin'
[6.864s] INFO:colcon.colcon_core.shell:Creating package script '/home/hgui/IK_solver_MuJoCo/install/drok_arm_kinematics/share/drok_arm_kinematics/package.ps1'
[6.864s] INFO:colcon.colcon_core.shell:Creating package descriptor '/home/hgui/IK_solver_MuJoCo/install/drok_arm_kinematics/share/drok_arm_kinematics/package.dsv'
[6.865s] INFO:colcon.colcon_core.shell:Creating package script '/home/hgui/IK_solver_MuJoCo/install/drok_arm_kinematics/share/drok_arm_kinematics/package.sh'
[6.865s] INFO:colcon.colcon_core.shell:Creating package script '/home/hgui/IK_solver_MuJoCo/install/drok_arm_kinematics/share/drok_arm_kinematics/package.bash'
[6.865s] INFO:colcon.colcon_core.shell:Creating package script '/home/hgui/IK_solver_MuJoCo/install/drok_arm_kinematics/share/drok_arm_kinematics/package.zsh'
[6.866s] Level 1:colcon.colcon_core.environment:create_file_with_runtime_dependencies(/home/hgui/IK_solver_MuJoCo/install/drok_arm_kinematics/share/colcon-core/packages/drok_arm_kinematics)
[6.866s] Level 1:colcon.colcon_core.environment:create_environment_scripts_only(drok_arm_kinematics)
[6.866s] Level 1:colcon.colcon_core.environment:checking '/home/hgui/IK_solver_MuJoCo/install/drok_arm_kinematics' for CMake module files
[6.867s] Level 1:colcon.colcon_core.environment:checking '/home/hgui/IK_solver_MuJoCo/install/drok_arm_kinematics' for CMake config files
[6.867s] Level 1:colcon.colcon_core.shell:create_environment_hook('drok_arm_kinematics', 'cmake_prefix_path')
[6.867s] INFO:colcon.colcon_core.shell:Creating environment hook '/home/hgui/IK_solver_MuJoCo/install/drok_arm_kinematics/share/drok_arm_kinematics/hook/cmake_prefix_path.ps1'
[6.867s] INFO:colcon.colcon_core.shell:Creating environment descriptor '/home/hgui/IK_solver_MuJoCo/install/drok_arm_kinematics/share/drok_arm_kinematics/hook/cmake_prefix_path.dsv'
[6.867s] INFO:colcon.colcon_core.shell:Creating environment hook '/home/hgui/IK_solver_MuJoCo/install/drok_arm_kinematics/share/drok_arm_kinematics/hook/cmake_prefix_path.sh'
[6.867s] Level 1:colcon.colcon_core.environment:checking '/home/hgui/IK_solver_MuJoCo/install/drok_arm_kinematics/lib'
[6.868s] Level 1:colcon.colcon_core.environment:checking '/home/hgui/IK_solver_MuJoCo/install/drok_arm_kinematics/bin'
[6.868s] Level 1:colcon.colcon_core.environment:checking '/home/hgui/IK_solver_MuJoCo/install/drok_arm_kinematics/lib/pkgconfig/drok_arm_kinematics.pc'
[6.868s] Level 1:colcon.colcon_core.environment:checking '/home/hgui/IK_solver_MuJoCo/install/drok_arm_kinematics/lib/python3.10/site-packages'
[6.868s] Level 1:colcon.colcon_core.environment:checking '/home/hgui/IK_solver_MuJoCo/install/drok_arm_kinematics/bin'
[6.868s] INFO:colcon.colcon_core.shell:Creating package script '/home/hgui/IK_solver_MuJoCo/install/drok_arm_kinematics/share/drok_arm_kinematics/package.ps1'
[6.868s] INFO:colcon.colcon_core.shell:Creating package descriptor '/home/hgui/IK_solver_MuJoCo/install/drok_arm_kinematics/share/drok_arm_kinematics/package.dsv'
[6.869s] INFO:colcon.colcon_core.shell:Creating package script '/home/hgui/IK_solver_MuJoCo/install/drok_arm_kinematics/share/drok_arm_kinematics/package.sh'
[6.869s] INFO:colcon.colcon_core.shell:Creating package script '/home/hgui/IK_solver_MuJoCo/install/drok_arm_kinematics/share/drok_arm_kinematics/package.bash'
[6.869s] INFO:colcon.colcon_core.shell:Creating package script '/home/hgui/IK_solver_MuJoCo/install/drok_arm_kinematics/share/drok_arm_kinematics/package.zsh'
[6.869s] Level 1:colcon.colcon_core.environment:create_file_with_runtime_dependencies(/home/hgui/IK_solver_MuJoCo/install/drok_arm_kinematics/share/colcon-core/packages/drok_arm_kinematics)
[6.869s] DEBUG:colcon.colcon_parallel_executor.executor.parallel:closing loop
[6.870s] DEBUG:colcon.colcon_parallel_executor.executor.parallel:loop closed
[6.870s] DEBUG:colcon.colcon_parallel_executor.executor.parallel:run_until_complete finished with '0'
[6.870s] DEBUG:colcon.colcon_core.event_reactor:joining thread
[6.873s] INFO:colcon.colcon_core.plugin_system:Skipping extension 'colcon_notification.desktop_notification.terminal_notifier': Not used on non-Darwin systems
[6.873s] INFO:colcon.colcon_core.plugin_system:Skipping extension 'colcon_notification.desktop_notification.win32': Not used on non-Windows systems
[6.873s] INFO:colcon.colcon_notification.desktop_notification:Sending desktop notification using 'notify2'
[6.882s] DEBUG:colcon.colcon_core.event_reactor:joined thread
[6.882s] INFO:colcon.colcon_core.shell:Creating prefix script '/home/hgui/IK_solver_MuJoCo/install/local_setup.ps1'
[6.883s] INFO:colcon.colcon_core.shell:Creating prefix util module '/home/hgui/IK_solver_MuJoCo/install/_local_setup_util_ps1.py'
[6.883s] INFO:colcon.colcon_core.shell:Creating prefix chain script '/home/hgui/IK_solver_MuJoCo/install/setup.ps1'
[6.884s] INFO:colcon.colcon_core.shell:Creating prefix script '/home/hgui/IK_solver_MuJoCo/install/local_setup.sh'
[6.884s] INFO:colcon.colcon_core.shell:Creating prefix util module '/home/hgui/IK_solver_MuJoCo/install/_local_setup_util_sh.py'
[6.885s] INFO:colcon.colcon_core.shell:Creating prefix chain script '/home/hgui/IK_solver_MuJoCo/install/setup.sh'
[6.885s] INFO:colcon.colcon_core.shell:Creating prefix script '/home/hgui/IK_solver_MuJoCo/install/local_setup.bash'
[6.886s] INFO:colcon.colcon_core.shell:Creating prefix chain script '/home/hgui/IK_solver_MuJoCo/install/setup.bash'
[6.886s] INFO:colcon.colcon_core.shell:Creating prefix script '/home/hgui/IK_solver_MuJoCo/install/local_setup.zsh'
[6.886s] INFO:colcon.colcon_core.shell:Creating prefix chain script '/home/hgui/IK_solver_MuJoCo/install/setup.zsh'
