$ /usr/bin/python3 /home/hgui/IK_solver_MuJoCo/src/drok_arm_control/scripts/dry_run_cylinder_hybrid_ik.py --candidate-file /home/hgui/IK_solver_MuJoCo/generated_known_object_paths/box_2_x0p391498_ym0p124411_z0p272000_to_box_1/all_grasp_candidates.yaml --candidate-index 17 --geometry /home/hgui/IK_solver_MuJoCo/src/drok_arm_kinematics/config/robot_geometry.yaml --urdf /home/hgui/IK_solver_MuJoCo/src/drok_arm_mujoco/urdf/drok_arm_mujoco.urdf --output /home/hgui/IK_solver_MuJoCo/generated_known_object_paths/box_2_x0p391498_ym0p124411_z0p272000_to_box_1/candidate_trials/candidate_17/hybrid_path.yaml

========================================================================================
CYLINDER HYBRID CARTESIAN IK DRY RUN
========================================================================================
Candidate index : 17
Candidate phi   : 170.000 deg
Target RPY      : +0.000000000, -0.000000000, -0.174532925
Cartesian step  : 0.003000 m

현재 /joint_states를 기다립니다.
Current q [rad] : -0.000045420, +0.295663840, +0.294624659, -0.000413884, -0.000008175, -0.001249254

[INITIAL 1/2] Position-only solve at PICK_PREGRASP
[PASS] q = -0.225740, +0.893033, +0.601392, -0.025979, +0.170903, -0.001249

[INITIAL 2/2] Full-pose orientation alignment

[PICK_APPROACH] mode=full, distance=0.080000 m, samples=27
[PASS] max jump=1.169964 deg, minimum margin=11.913940 deg

[PICK_LIFT] mode=full, distance=0.050000 m, samples=17
[PASS] max jump=0.579289 deg, minimum margin=22.130663 deg

[TRANSFER] mode=upright, distance=0.309982 m, samples=104
[PASS] max jump=0.396352 deg, minimum margin=19.048420 deg

[PLACE_DESCEND] mode=upright, distance=0.050000 m, samples=17
[PASS] max jump=0.575386 deg, minimum margin=19.299248 deg

========================================================================================
OVERALL RESULT: PASS
========================================================================================
Total samples       : 166
Maximum joint jump  : 1.169964 deg
Minimum limit margin: 10.805684 deg
Saved:
/home/hgui/IK_solver_MuJoCo/generated_known_object_paths/box_2_x0p391498_ym0p124411_z0p272000_to_box_1/candidate_trials/candidate_17/hybrid_path.yaml
