$ /usr/bin/python3 /home/hgui/IK_solver_MuJoCo/src/drok_arm_control/scripts/time_parameterize_cylinder_path.py --path /home/hgui/IK_solver_MuJoCo/generated_random_known_pose_moves/seed_2_box_1_x0p522965_y0p251652_z0p272000_to_box_2/candidate_trials/candidate_26/full_cartesian_path.yaml --timing-config /home/hgui/IK_solver_MuJoCo/src/drok_arm_control/config/cylinder_trajectory_timing.yaml --urdf /home/hgui/IK_solver_MuJoCo/src/drok_arm_mujoco/urdf/drok_arm_mujoco.urdf --controllers /home/hgui/IK_solver_MuJoCo/src/drok_arm_mujoco/config/controllers.yaml --output /home/hgui/IK_solver_MuJoCo/generated_random_known_pose_moves/seed_2_box_1_x0p522965_y0p251652_z0p272000_to_box_2/candidate_trials/candidate_26/timed_joint_path.yaml

================================================================================================
CYLINDER PATH TIME PARAMETERIZATION
================================================================================================
Controller rate : 100.000 Hz

Derived limits
  JOINT1: v=0.420000 rad/s, a=0.840000 rad/s^2, j=4.200000 rad/s^3
  JOINT2: v=0.420000 rad/s, a=0.840000 rad/s^2, j=4.200000 rad/s^3
  JOINT3: v=0.420000 rad/s, a=0.840000 rad/s^2, j=4.200000 rad/s^3
  JOINT4: v=0.420000 rad/s, a=0.840000 rad/s^2, j=4.200000 rad/s^3
  JOINT5: v=0.420000 rad/s, a=0.840000 rad/s^2, j=4.200000 rad/s^3
  JOINT6: v=0.350000 rad/s, a=0.700000 rad/s^2, j=3.500000 rad/s^3

[MOTION_BLOCK_1_PICK_APPROACH] index=0->27
  waypoints       : 28
  duration        : 1.380000 s
  samples         : 139
  velocity ratio  : 0.535253
  accel ratio     : 0.613037
  jerk ratio      : 0.926018
  limit margin    : 1.034468 deg

[MOTION_BLOCK_2_PICK_LIFT] index=27->44
  waypoints       : 18
  duration        : 1.360000 s
  samples         : 137
  velocity ratio  : 0.534239
  accel ratio     : 0.609056
  jerk ratio      : 0.934301
  limit margin    : 8.916592 deg

[MOTION_BLOCK_3_TRANSFER] index=44->190
  waypoints       : 147
  duration        : 6.500000 s
  samples         : 651
  velocity ratio  : 0.635657
  accel ratio     : 0.179778
  jerk ratio      : 0.937033
  limit margin    : 5.779941 deg

[MOTION_BLOCK_4_PLACE_DESCEND] index=190->207
  waypoints       : 18
  duration        : 1.390000 s
  samples         : 140
  velocity ratio  : 0.554851
  accel ratio     : 0.618586
  jerk ratio      : 0.927819
  limit margin    : 9.840273 deg

[MOTION_BLOCK_5_PLACE_RETREAT] index=207->234
  waypoints       : 28
  duration        : 1.500000 s
  samples         : 151
  velocity ratio  : 0.642605
  accel ratio     : 0.668619
  jerk ratio      : 0.930717
  limit margin    : 0.421372 deg

================================================================================================
OVERALL RESULT: PASS
================================================================================================
Motion blocks       : 5
Arm motion duration : 12.130000 s
Gripper dwell       : not included
Saved:
/home/hgui/IK_solver_MuJoCo/generated_random_known_pose_moves/seed_2_box_1_x0p522965_y0p251652_z0p272000_to_box_2/candidate_trials/candidate_26/timed_joint_path.yaml
