[35m[1mConsolidate compiler generated dependencies of target trajectory_bridge[0m
[ 33%] Built target pose_joint_trajectory_node
[100%] Built target trajectory_bridge
[100%] Built target pose_motion_node
-- Install configuration: ""
-- Execute custom install script
-- Up-to-date symlink: /home/hgui/IK_solver_MuJoCo/install/drok_arm_control/lib/drok_arm_control/pose_motion_node
-- Up-to-date symlink: /home/hgui/IK_solver_MuJoCo/install/drok_arm_control/lib/drok_arm_control/pose_joint_trajectory_node
-- Up-to-date symlink: /home/hgui/IK_solver_MuJoCo/install/drok_arm_control/lib/drok_arm_control/trajectory_bridge
-- Up-to-date symlink: /home/hgui/IK_solver_MuJoCo/install/drok_arm_control/include/drok_arm_control/pose_joint_trajectory_node.hpp
-- Up-to-date symlink: /home/hgui/IK_solver_MuJoCo/install/drok_arm_control/include/drok_arm_control/pose_motion_node.hpp
-- Up-to-date symlink: /home/hgui/IK_solver_MuJoCo/install/drok_arm_control/share/ament_index/resource_index/package_run_dependencies/drok_arm_control
-- Up-to-date symlink: /home/hgui/IK_solver_MuJoCo/install/drok_arm_control/share/ament_index/resource_index/parent_prefix_path/drok_arm_control
-- Up-to-date symlink: /home/hgui/IK_solver_MuJoCo/install/drok_arm_control/share/drok_arm_control/environment/ament_prefix_path.sh
-- Up-to-date symlink: /home/hgui/IK_solver_MuJoCo/install/drok_arm_control/share/drok_arm_control/environment/ament_prefix_path.dsv
-- Up-to-date symlink: /home/hgui/IK_solver_MuJoCo/install/drok_arm_control/share/drok_arm_control/environment/path.sh
-- Up-to-date symlink: /home/hgui/IK_solver_MuJoCo/install/drok_arm_control/share/drok_arm_control/environment/path.dsv
-- Up-to-date symlink: /home/hgui/IK_solver_MuJoCo/install/drok_arm_control/share/drok_arm_control/local_setup.bash
-- Up-to-date symlink: /home/hgui/IK_solver_MuJoCo/install/drok_arm_control/share/drok_arm_control/local_setup.sh
-- Up-to-date symlink: /home/hgui/IK_solver_MuJoCo/install/drok_arm_control/share/drok_arm_control/local_setup.zsh
-- Up-to-date symlink: /home/hgui/IK_solver_MuJoCo/install/drok_arm_control/share/drok_arm_control/local_setup.dsv
-- Symlinking: /home/hgui/IK_solver_MuJoCo/install/drok_arm_control/share/drok_arm_control/package.dsv
-- Up-to-date symlink: /home/hgui/IK_solver_MuJoCo/install/drok_arm_control/share/ament_index/resource_index/packages/drok_arm_control
-- Up-to-date symlink: /home/hgui/IK_solver_MuJoCo/install/drok_arm_control/share/drok_arm_control/cmake/drok_arm_controlConfig.cmake
-- Up-to-date symlink: /home/hgui/IK_solver_MuJoCo/install/drok_arm_control/share/drok_arm_control/cmake/drok_arm_controlConfig-version.cmake
-- Up-to-date symlink: /home/hgui/IK_solver_MuJoCo/install/drok_arm_control/share/drok_arm_control/package.xml
