$ /usr/bin/python3 /home/hgui/IK_solver_MuJoCo/src/drok_arm_control/scripts/dry_run_cylinder_hybrid_ik.py --candidate-file /home/hgui/IK_solver_MuJoCo/generated_random_known_pose_moves/seed_2_box_1_x0p522965_y0p251652_z0p272000_to_box_2/all_grasp_candidates.yaml --candidate-index 23 --geometry /home/hgui/IK_solver_MuJoCo/src/drok_arm_kinematics/config/robot_geometry.yaml --urdf /home/hgui/IK_solver_MuJoCo/src/drok_arm_mujoco/urdf/drok_arm_mujoco.urdf --output /home/hgui/IK_solver_MuJoCo/generated_random_known_pose_moves/seed_2_box_1_x0p522965_y0p251652_z0p272000_to_box_2/candidate_trials/candidate_23/hybrid_path.yaml

========================================================================================
CYLINDER HYBRID CARTESIAN IK DRY RUN
========================================================================================
Candidate index : 23
Candidate phi   : 230.000 deg
Target RPY      : +0.000000000, -0.000000000, +0.872664626
Cartesian step  : 0.003000 m

현재 /joint_states를 기다립니다.
Current q [rad] : +0.000067423, +0.295663782, +0.294645016, -0.001254641, +0.000212806, -0.004529583

[INITIAL 1/2] Position-only solve at PICK_PREGRASP
[PASS] q = +0.319909, +1.495736, +1.061907, +0.062548, -0.149069, -0.004530

[INITIAL 2/2] Full-pose orientation alignment

[PICK_APPROACH] mode=full, distance=0.080000 m, samples=27
[PASS] max jump=0.446246 deg, minimum margin=29.006779 deg

[PICK_LIFT] mode=full, distance=0.050000 m, samples=17
[PASS] max jump=0.552212 deg, minimum margin=35.295762 deg

[TRANSFER] mode=upright, distance=0.437775 m, samples=146
[PASS] max jump=0.350348 deg, minimum margin=38.426630 deg

[PLACE_DESCEND] mode=upright, distance=0.050000 m, samples=17
[PASS] max jump=0.533272 deg, minimum margin=33.648593 deg

========================================================================================
OVERALL RESULT: PASS
========================================================================================
Total samples       : 208
Maximum joint jump  : 0.552212 deg
Minimum limit margin: 28.755624 deg
Saved:
/home/hgui/IK_solver_MuJoCo/generated_random_known_pose_moves/seed_2_box_1_x0p522965_y0p251652_z0p272000_to_box_2/candidate_trials/candidate_23/hybrid_path.yaml
