$ /usr/bin/python3 /home/hgui/IK_solver_MuJoCo/src/drok_arm_control/scripts/generate_cylinder_place_retreat_target.py --hybrid-path /home/hgui/IK_solver_MuJoCo/generated_random_known_pose_moves/seed_2_box_1_x0p522965_y0p251652_z0p272000_to_box_2/candidate_trials/candidate_23/hybrid_path.yaml --candidate-file /home/hgui/IK_solver_MuJoCo/generated_random_known_pose_moves/seed_2_box_1_x0p522965_y0p251652_z0p272000_to_box_2/all_grasp_candidates.yaml --geometry /home/hgui/IK_solver_MuJoCo/src/drok_arm_kinematics/config/robot_geometry.yaml --output /home/hgui/IK_solver_MuJoCo/generated_random_known_pose_moves/seed_2_box_1_x0p522965_y0p251652_z0p272000_to_box_2/candidate_trials/candidate_23/retreat_target.yaml

========================================
 DROK Upright 5-DoF IK Solver
========================================
IK mode: upright
----------------------------------------
Target position [m]
x = 0.450000000
y = -0.180000000
z = 0.282000000
----------------------------------------
Constraint
TCP local +Z = world +Z
TCP yaw      = free
----------------------------------------
Initial joint positions [rad]
q1 = -0.664347816
q2 = 1.534822859
q3 = 0.819795757
q4 = 0.696553072
q5 = -0.934471259
q6 = 0.534172928
----------------------------------------
IK result joint positions [rad]
q1 = -0.664347816
q2 = 1.534822859
q3 = 0.819795757
q4 = 0.696553072
q5 = -0.934471259
q6 = 0.534172928
----------------------------------------
Solved TCP local +Z in world
-0.000018640 -0.000012573  1.000000000
Solved TCP yaw    : 0.000492422 rad
----------------------------------------
Success           : true
Iterations        : 0
Position error    : 0.000019951 m
Upright error     : 0.000022484 rad
Orientation error : 0.000022484 rad
Minimum margin    : 0.587278741 rad
Message           : Upright IK converged.
----------------------------------------
Machine-readable joint result
JOINT_RESULT=-0.664347816,1.534822859,0.819795757,0.696553072,-0.934471259,0.534172928
========================================

========================================================================================
NEW HEIGHT PLACE RETREAT TARGET
========================================================================================
Candidate index : 23
Final yaw       : +0.028214 deg
Place grasp TCP : +0.450000000, -0.180000000, +0.282000000
Retreat TCP     : +0.370000010, -0.180039394, +0.282000000
Retreat vector  : -0.999999879, -0.000492422, +0.000000000
Saved:
/home/hgui/IK_solver_MuJoCo/generated_random_known_pose_moves/seed_2_box_1_x0p522965_y0p251652_z0p272000_to_box_2/candidate_trials/candidate_23/retreat_target.yaml
