[0.006s] Invoking command in '/home/hgui/IK_solver_MuJoCo/build/drok_arm_trajectory': CMAKE_PREFIX_PATH=${CMAKE_PREFIX_PATH}:/opt/ros/humble /usr/bin/cmake /home/hgui/IK_solver_MuJoCo/src/drok_arm_trajectory -DAMENT_CMAKE_SYMLINK_INSTALL=1 -DCMAKE_INSTALL_PREFIX=/home/hgui/IK_solver_MuJoCo/install/drok_arm_trajectory
[0.045s] -- The C compiler identification is GNU 11.4.0
[0.084s] -- The CXX compiler identification is GNU 11.4.0
[0.088s] -- Detecting C compiler ABI info
[0.139s] -- Detecting C compiler ABI info - done
[0.143s] -- Check for working C compiler: /usr/bin/cc - skipped
[0.143s] -- Detecting C compile features
[0.143s] -- Detecting C compile features - done
[0.145s] -- Detecting CXX compiler ABI info
[0.201s] -- Detecting CXX compiler ABI info - done
[0.206s] -- Check for working CXX compiler: /usr/bin/c++ - skipped
[0.206s] -- Detecting CXX compile features
[0.207s] -- Detecting CXX compile features - done
[0.208s] -- Found ament_cmake: 1.3.14 (/opt/ros/humble/share/ament_cmake/cmake)
[0.304s] -- Found Python3: /usr/bin/python3 (found version "3.10.12") found components: Interpreter 
[0.343s] -- Override CMake install command with custom implementation using symlinks instead of copying resources
[0.423s] -- Configuring done
[0.426s] -- Generating done
[0.427s] -- Build files have been written to: /home/hgui/IK_solver_MuJoCo/build/drok_arm_trajectory
[0.430s] Invoked command in '/home/hgui/IK_solver_MuJoCo/build/drok_arm_trajectory' returned '0': CMAKE_PREFIX_PATH=${CMAKE_PREFIX_PATH}:/opt/ros/humble /usr/bin/cmake /home/hgui/IK_solver_MuJoCo/src/drok_arm_trajectory -DAMENT_CMAKE_SYMLINK_INSTALL=1 -DCMAKE_INSTALL_PREFIX=/home/hgui/IK_solver_MuJoCo/install/drok_arm_trajectory
[0.432s] Invoking command in '/home/hgui/IK_solver_MuJoCo/build/drok_arm_trajectory': CMAKE_PREFIX_PATH=${CMAKE_PREFIX_PATH}:/opt/ros/humble /usr/bin/cmake --build /home/hgui/IK_solver_MuJoCo/build/drok_arm_trajectory -- -j18 -l18
[0.471s] [ 25%] [32mBuilding CXX object CMakeFiles/drok_arm_trajectory.dir/src/poly5_trajectory.cpp.o[0m
[2.201s] [ 50%] [32m[1mLinking CXX static library libdrok_arm_trajectory.a[0m
[2.256s] [ 50%] Built target drok_arm_trajectory
[2.273s] [ 75%] [32mBuilding CXX object CMakeFiles/test_poly5.dir/src/test_poly5.cpp.o[0m
[3.055s] [100%] [32m[1mLinking CXX executable test_poly5[0m
[3.139s] [100%] Built target test_poly5
[3.149s] Invoked command in '/home/hgui/IK_solver_MuJoCo/build/drok_arm_trajectory' returned '0': CMAKE_PREFIX_PATH=${CMAKE_PREFIX_PATH}:/opt/ros/humble /usr/bin/cmake --build /home/hgui/IK_solver_MuJoCo/build/drok_arm_trajectory -- -j18 -l18
[3.155s] Invoking command in '/home/hgui/IK_solver_MuJoCo/build/drok_arm_trajectory': CMAKE_PREFIX_PATH=${CMAKE_PREFIX_PATH}:/opt/ros/humble /usr/bin/cmake --install /home/hgui/IK_solver_MuJoCo/build/drok_arm_trajectory
[3.161s] -- Install configuration: ""
[3.162s] -- Execute custom install script
[3.162s] -- Symlinking: /home/hgui/IK_solver_MuJoCo/install/drok_arm_trajectory/include/drok_arm_trajectory/poly5_trajectory.hpp
[3.168s] -- Symlinking: /home/hgui/IK_solver_MuJoCo/install/drok_arm_trajectory/share/drok_arm_trajectory/environment/library_path.sh
[3.176s] -- Symlinking: /home/hgui/IK_solver_MuJoCo/install/drok_arm_trajectory/share/drok_arm_trajectory/environment/library_path.dsv
[3.182s] -- Symlinking: /home/hgui/IK_solver_MuJoCo/install/drok_arm_trajectory/share/ament_index/resource_index/package_run_dependencies/drok_arm_trajectory
[3.187s] -- Symlinking: /home/hgui/IK_solver_MuJoCo/install/drok_arm_trajectory/share/ament_index/resource_index/parent_prefix_path/drok_arm_trajectory
[3.195s] -- Symlinking: /home/hgui/IK_solver_MuJoCo/install/drok_arm_trajectory/share/drok_arm_trajectory/environment/ament_prefix_path.sh
[3.201s] -- Symlinking: /home/hgui/IK_solver_MuJoCo/install/drok_arm_trajectory/share/drok_arm_trajectory/environment/ament_prefix_path.dsv
[3.208s] -- Symlinking: /home/hgui/IK_solver_MuJoCo/install/drok_arm_trajectory/share/drok_arm_trajectory/environment/path.sh
[3.213s] -- Symlinking: /home/hgui/IK_solver_MuJoCo/install/drok_arm_trajectory/share/drok_arm_trajectory/environment/path.dsv
[3.219s] -- Symlinking: /home/hgui/IK_solver_MuJoCo/install/drok_arm_trajectory/share/drok_arm_trajectory/local_setup.bash
[3.225s] -- Symlinking: /home/hgui/IK_solver_MuJoCo/install/drok_arm_trajectory/share/drok_arm_trajectory/local_setup.sh
[3.231s] -- Symlinking: /home/hgui/IK_solver_MuJoCo/install/drok_arm_trajectory/share/drok_arm_trajectory/local_setup.zsh
[3.235s] -- Symlinking: /home/hgui/IK_solver_MuJoCo/install/drok_arm_trajectory/share/drok_arm_trajectory/local_setup.dsv
[3.241s] -- Symlinking: /home/hgui/IK_solver_MuJoCo/install/drok_arm_trajectory/share/drok_arm_trajectory/package.dsv
[3.246s] -- Symlinking: /home/hgui/IK_solver_MuJoCo/install/drok_arm_trajectory/share/ament_index/resource_index/packages/drok_arm_trajectory
[3.252s] -- Symlinking: /home/hgui/IK_solver_MuJoCo/install/drok_arm_trajectory/share/drok_arm_trajectory/cmake/ament_cmake_export_targets-extras.cmake
[3.258s] -- Symlinking: /home/hgui/IK_solver_MuJoCo/install/drok_arm_trajectory/share/drok_arm_trajectory/cmake/ament_cmake_export_dependencies-extras.cmake
[3.263s] -- Symlinking: /home/hgui/IK_solver_MuJoCo/install/drok_arm_trajectory/share/drok_arm_trajectory/cmake/drok_arm_trajectoryConfig.cmake
[3.268s] -- Symlinking: /home/hgui/IK_solver_MuJoCo/install/drok_arm_trajectory/share/drok_arm_trajectory/cmake/drok_arm_trajectoryConfig-version.cmake
[3.274s] -- Symlinking: /home/hgui/IK_solver_MuJoCo/install/drok_arm_trajectory/share/drok_arm_trajectory/package.xml
[3.279s] -- Installing: /home/hgui/IK_solver_MuJoCo/install/drok_arm_trajectory/lib/libdrok_arm_trajectory.a
[3.280s] -- Installing: /home/hgui/IK_solver_MuJoCo/install/drok_arm_trajectory/lib/drok_arm_trajectory/test_poly5
[3.280s] -- Installing: /home/hgui/IK_solver_MuJoCo/install/drok_arm_trajectory/share/drok_arm_trajectory/cmake/export_drok_arm_trajectoryExport.cmake
[3.280s] -- Installing: /home/hgui/IK_solver_MuJoCo/install/drok_arm_trajectory/share/drok_arm_trajectory/cmake/export_drok_arm_trajectoryExport-noconfig.cmake
[3.282s] Invoked command in '/home/hgui/IK_solver_MuJoCo/build/drok_arm_trajectory' returned '0': CMAKE_PREFIX_PATH=${CMAKE_PREFIX_PATH}:/opt/ros/humble /usr/bin/cmake --install /home/hgui/IK_solver_MuJoCo/build/drok_arm_trajectory
