[0.008s] Invoking command in '/home/hgui/IK_solver_MuJoCo/build/drok_arm_kinematics': CMAKE_PREFIX_PATH=${CMAKE_PREFIX_PATH}:/opt/ros/humble /usr/bin/cmake /home/hgui/IK_solver_MuJoCo/src/drok_arm_kinematics -DAMENT_CMAKE_SYMLINK_INSTALL=1 -DCMAKE_INSTALL_PREFIX=/home/hgui/IK_solver_MuJoCo/install/drok_arm_kinematics
[0.058s] -- The C compiler identification is GNU 11.4.0
[0.100s] -- The CXX compiler identification is GNU 11.4.0
[0.105s] -- Detecting C compiler ABI info
[0.159s] -- Detecting C compiler ABI info - done
[0.164s] -- Check for working C compiler: /usr/bin/cc - skipped
[0.164s] -- Detecting C compile features
[0.164s] -- Detecting C compile features - done
[0.166s] -- Detecting CXX compiler ABI info
[0.231s] -- Detecting CXX compiler ABI info - done
[0.235s] -- Check for working CXX compiler: /usr/bin/c++ - skipped
[0.235s] -- Detecting CXX compile features
[0.236s] -- Detecting CXX compile features - done
[0.237s] -- Found ament_cmake: 1.3.14 (/opt/ros/humble/share/ament_cmake/cmake)
[0.355s] -- Found Python3: /usr/bin/python3 (found version "3.10.12") found components: Interpreter 
[0.397s] -- Override CMake install command with custom implementation using symlinks instead of copying resources
[0.489s] -- Configuring done
[0.494s] -- Generating done
[0.495s] -- Build files have been written to: /home/hgui/IK_solver_MuJoCo/build/drok_arm_kinematics
[0.501s] Invoked command in '/home/hgui/IK_solver_MuJoCo/build/drok_arm_kinematics' returned '0': CMAKE_PREFIX_PATH=${CMAKE_PREFIX_PATH}:/opt/ros/humble /usr/bin/cmake /home/hgui/IK_solver_MuJoCo/src/drok_arm_kinematics -DAMENT_CMAKE_SYMLINK_INSTALL=1 -DCMAKE_INSTALL_PREFIX=/home/hgui/IK_solver_MuJoCo/install/drok_arm_kinematics
[0.503s] Invoking command in '/home/hgui/IK_solver_MuJoCo/build/drok_arm_kinematics': CMAKE_PREFIX_PATH=${CMAKE_PREFIX_PATH}:/opt/ros/humble /usr/bin/cmake --build /home/hgui/IK_solver_MuJoCo/build/drok_arm_kinematics -- -j18 -l18
[0.550s] [  7%] [32mBuilding CXX object CMakeFiles/drok_arm_kinematics.dir/src/inverse_kinematics.cpp.o[0m
[0.551s] [ 15%] [32mBuilding CXX object CMakeFiles/urdf_geometry_exporter.dir/src/urdf_geometry_exporter.cpp.o[0m
[0.552s] [ 30%] [32mBuilding CXX object CMakeFiles/drok_arm_kinematics.dir/src/robot_model_loader.cpp.o[0m
[0.552s] [ 30%] [32mBuilding CXX object CMakeFiles/drok_arm_kinematics.dir/src/transform.cpp.o[0m
[0.552s] [ 38%] [32mBuilding CXX object CMakeFiles/drok_arm_kinematics.dir/src/forward_kinematics.cpp.o[0m
[1.935s] [ 46%] [32m[1mLinking CXX executable urdf_geometry_exporter[0m
[2.021s] [ 46%] Built target urdf_geometry_exporter
[5.588s] [ 53%] [32m[1mLinking CXX static library libdrok_arm_kinematics.a[0m
[5.689s] [ 53%] Built target drok_arm_kinematics
[5.705s] [ 69%] [32mBuilding CXX object CMakeFiles/test_ik.dir/src/test_ik.cpp.o[0m
[5.705s] [ 69%] [32mBuilding CXX object CMakeFiles/test_fk.dir/src/test_fk.cpp.o[0m
[5.707s] [ 76%] [32mBuilding CXX object CMakeFiles/solve_ik_pose.dir/src/solve_ik_pose.cpp.o[0m
[6.635s] [ 84%] [32m[1mLinking CXX executable test_ik[0m
[6.817s] [ 84%] Built target test_ik
[6.817s] [ 92%] [32m[1mLinking CXX executable test_fk[0m
[6.843s] [100%] [32m[1mLinking CXX executable solve_ik_pose[0m
[6.928s] [100%] Built target test_fk
[7.031s] [100%] Built target solve_ik_pose
[7.040s] Invoked command in '/home/hgui/IK_solver_MuJoCo/build/drok_arm_kinematics' returned '0': CMAKE_PREFIX_PATH=${CMAKE_PREFIX_PATH}:/opt/ros/humble /usr/bin/cmake --build /home/hgui/IK_solver_MuJoCo/build/drok_arm_kinematics -- -j18 -l18
[7.040s] Invoking command in '/home/hgui/IK_solver_MuJoCo/build/drok_arm_kinematics': CMAKE_PREFIX_PATH=${CMAKE_PREFIX_PATH}:/opt/ros/humble /usr/bin/cmake --install /home/hgui/IK_solver_MuJoCo/build/drok_arm_kinematics
[7.045s] -- Install configuration: ""
[7.046s] -- Execute custom install script
[7.046s] -- Symlinking: /home/hgui/IK_solver_MuJoCo/install/drok_arm_kinematics/lib/drok_arm_kinematics/urdf_geometry_exporter
[7.055s] -- Symlinking: /home/hgui/IK_solver_MuJoCo/install/drok_arm_kinematics/lib/drok_arm_kinematics/test_fk
[7.063s] -- Symlinking: /home/hgui/IK_solver_MuJoCo/install/drok_arm_kinematics/lib/drok_arm_kinematics/test_ik
[7.070s] -- Symlinking: /home/hgui/IK_solver_MuJoCo/install/drok_arm_kinematics/lib/drok_arm_kinematics/solve_ik_pose
[7.075s] -- Symlinking: /home/hgui/IK_solver_MuJoCo/install/drok_arm_kinematics/include/drok_arm_kinematics/forward_kinematics.hpp
[7.084s] -- Symlinking: /home/hgui/IK_solver_MuJoCo/install/drok_arm_kinematics/include/drok_arm_kinematics/inverse_kinematics.hpp
[7.090s] -- Symlinking: /home/hgui/IK_solver_MuJoCo/install/drok_arm_kinematics/include/drok_arm_kinematics/robot_model.hpp
[7.096s] -- Symlinking: /home/hgui/IK_solver_MuJoCo/install/drok_arm_kinematics/include/drok_arm_kinematics/robot_model_loader.hpp
[7.102s] -- Symlinking: /home/hgui/IK_solver_MuJoCo/install/drok_arm_kinematics/include/drok_arm_kinematics/transform.hpp
[7.107s] -- Symlinking: /home/hgui/IK_solver_MuJoCo/install/drok_arm_kinematics/share/drok_arm_kinematics/config/robot_geometry.yaml
[7.115s] -- Symlinking: /home/hgui/IK_solver_MuJoCo/install/drok_arm_kinematics/share/drok_arm_kinematics/environment/library_path.sh
[7.122s] -- Symlinking: /home/hgui/IK_solver_MuJoCo/install/drok_arm_kinematics/share/drok_arm_kinematics/environment/library_path.dsv
[7.129s] -- Symlinking: /home/hgui/IK_solver_MuJoCo/install/drok_arm_kinematics/share/ament_index/resource_index/package_run_dependencies/drok_arm_kinematics
[7.135s] -- Symlinking: /home/hgui/IK_solver_MuJoCo/install/drok_arm_kinematics/share/ament_index/resource_index/parent_prefix_path/drok_arm_kinematics
[7.141s] -- Symlinking: /home/hgui/IK_solver_MuJoCo/install/drok_arm_kinematics/share/drok_arm_kinematics/environment/ament_prefix_path.sh
[7.149s] -- Symlinking: /home/hgui/IK_solver_MuJoCo/install/drok_arm_kinematics/share/drok_arm_kinematics/environment/ament_prefix_path.dsv
[7.158s] -- Symlinking: /home/hgui/IK_solver_MuJoCo/install/drok_arm_kinematics/share/drok_arm_kinematics/environment/path.sh
[7.166s] -- Symlinking: /home/hgui/IK_solver_MuJoCo/install/drok_arm_kinematics/share/drok_arm_kinematics/environment/path.dsv
[7.174s] -- Symlinking: /home/hgui/IK_solver_MuJoCo/install/drok_arm_kinematics/share/drok_arm_kinematics/local_setup.bash
[7.182s] -- Symlinking: /home/hgui/IK_solver_MuJoCo/install/drok_arm_kinematics/share/drok_arm_kinematics/local_setup.sh
[7.187s] -- Symlinking: /home/hgui/IK_solver_MuJoCo/install/drok_arm_kinematics/share/drok_arm_kinematics/local_setup.zsh
[7.195s] -- Symlinking: /home/hgui/IK_solver_MuJoCo/install/drok_arm_kinematics/share/drok_arm_kinematics/local_setup.dsv
[7.200s] -- Symlinking: /home/hgui/IK_solver_MuJoCo/install/drok_arm_kinematics/share/drok_arm_kinematics/package.dsv
[7.208s] -- Symlinking: /home/hgui/IK_solver_MuJoCo/install/drok_arm_kinematics/share/ament_index/resource_index/packages/drok_arm_kinematics
[7.215s] -- Symlinking: /home/hgui/IK_solver_MuJoCo/install/drok_arm_kinematics/share/drok_arm_kinematics/cmake/ament_cmake_export_targets-extras.cmake
[7.222s] -- Symlinking: /home/hgui/IK_solver_MuJoCo/install/drok_arm_kinematics/share/drok_arm_kinematics/cmake/ament_cmake_export_dependencies-extras.cmake
[7.228s] -- Symlinking: /home/hgui/IK_solver_MuJoCo/install/drok_arm_kinematics/share/drok_arm_kinematics/cmake/drok_arm_kinematicsConfig.cmake
[7.234s] -- Symlinking: /home/hgui/IK_solver_MuJoCo/install/drok_arm_kinematics/share/drok_arm_kinematics/cmake/drok_arm_kinematicsConfig-version.cmake
[7.242s] -- Symlinking: /home/hgui/IK_solver_MuJoCo/install/drok_arm_kinematics/share/drok_arm_kinematics/package.xml
[7.248s] -- Installing: /home/hgui/IK_solver_MuJoCo/install/drok_arm_kinematics/lib/libdrok_arm_kinematics.a
[7.254s] -- Installing: /home/hgui/IK_solver_MuJoCo/install/drok_arm_kinematics/share/drok_arm_kinematics/cmake/export_drok_arm_kinematicsExport.cmake
[7.254s] -- Installing: /home/hgui/IK_solver_MuJoCo/install/drok_arm_kinematics/share/drok_arm_kinematics/cmake/export_drok_arm_kinematicsExport-noconfig.cmake
[7.256s] Invoked command in '/home/hgui/IK_solver_MuJoCo/build/drok_arm_kinematics' returned '0': CMAKE_PREFIX_PATH=${CMAKE_PREFIX_PATH}:/opt/ros/humble /usr/bin/cmake --install /home/hgui/IK_solver_MuJoCo/build/drok_arm_kinematics
