$ /usr/bin/python3 /home/hgui/IK_solver_MuJoCo/src/drok_arm_control/scripts/dry_run_cylinder_hybrid_ik.py --candidate-file /home/hgui/IK_solver_MuJoCo/generated_known_object_paths/box_2_x0p391498_ym0p124411_z0p272000_to_box_1/all_grasp_candidates.yaml --candidate-index 6 --geometry /home/hgui/IK_solver_MuJoCo/src/drok_arm_kinematics/config/robot_geometry.yaml --urdf /home/hgui/IK_solver_MuJoCo/src/drok_arm_mujoco/urdf/drok_arm_mujoco.urdf --output /home/hgui/IK_solver_MuJoCo/generated_known_object_paths/box_2_x0p391498_ym0p124411_z0p272000_to_box_1/candidate_trials/candidate_06/hybrid_path.yaml

========================================================================================
CYLINDER HYBRID CARTESIAN IK DRY RUN
========================================================================================
Candidate index : 6
Candidate phi   : 60.000 deg
Target RPY      : +0.000000000, -0.000000000, -2.094395102
Cartesian step  : 0.003000 m

현재 /joint_states를 기다립니다.
Current q [rad] : -0.000045152, +0.295663848, +0.294624896, -0.000413884, -0.000008072, -0.001249252

[INITIAL 1/2] Position-only solve at PICK_PREGRASP
[PASS] q = -0.097917, +1.266541, +0.865530, -0.017057, +0.056442, -0.001249

[INITIAL 2/2] Full-pose orientation alignment
[FAIL] Full-pose initial IK
========================================
 DROK TCP Pose IK Solver
========================================
IK mode: full
----------------------------------------
Target position [m]
x = 0.431498000
y = -0.055128968
z = 0.282000000
----------------------------------------
Target RPY [rad]
roll  = 0.000000000
pitch = -0.000000000
yaw   = -2.094395102
----------------------------------------
Initial joint positions [rad]
q1 = -0.097916818
q2 = 1.266541072
q3 = 0.865529776
q4 = -0.017056726
q5 = 0.056442043
q6 = -0.001249252
----------------------------------------
IK result joint positions [rad]
q1 = 0.505578075
q2 = 2.320304832
q3 = 2.054560519
q4 = 0.411492828
q5 = 1.319470000
q6 = -0.904610623
----------------------------------------
Target transform
-0.500000000  0.866025404  0.000000000  0.431498000
-0.866025404 -0.500000000 -0.000000000 -0.055128968
-0.000000000  0.000000000  1.000000000  0.282000000
 0.000000000  0.000000000  0.000000000  1.000000000
----------------------------------------
Solved transform
 0.550862546  0.834429332  0.016677711  0.628455397
-0.709731895  0.478868447 -0.516687185  0.123973097
-0.439125372  0.272786914  0.856011803  0.239124389
 0.000000000  0.000000000  0.000000000  1.000000000
----------------------------------------
Success           : false
Iterations        : 1500
Position error    : 0.269644365 m
Orientation error : 1.224714480 rad
Message           : IK reached the maximum iteration count.
----------------------------------------
Machine-readable joint result
JOINT_RESULT=0.505578075,2.320304832,2.054560519,0.411492828,1.319470000,-0.904610623
========================================
[ros2run]: Process exited with failure 2

