========================================================================================
CYLINDER CARTESIAN IK DRY RUN
========================================================================================
Candidate index : 21
Candidate phi   : 210.000 deg
Target RPY      : +0.000000000, -0.000000000, +0.523598776
Cartesian step  : 0.003000 m

현재 /joint_states를 기다립니다.
Current q [rad] : -0.000020480, +0.297079758, +0.296224565, -0.000069112, -0.000374493, +0.000022978

[INITIAL 1/2] Position-only solve at PICK_PREGRASP
[PASS] q = +0.265857, +1.180187, +0.775809, +0.040491, -0.161004, +0.000023

[INITIAL 2/2] Full-pose orientation alignment

[PICK_APPROACH] distance=0.080000 m, samples=27
[PASS] max jump=0.573543 deg, minimum margin=24.715989 deg

[PICK_LIFT] distance=0.050000 m, samples=17
[PASS] max jump=0.548735 deg, minimum margin=25.025062 deg

[TRANSFER] distance=0.360000 m, samples=120
[FAIL] TRANSFER sample=110/120
Position = 0.450000000, -0.150000000, 0.322000000
========================================
 DROK TCP Pose IK Solver
========================================
IK mode: full
----------------------------------------
Target position [m]
x = 0.450000000
y = -0.150000000
z = 0.322000000
----------------------------------------
Target RPY [rad]
roll  = 0.000000000
pitch = -0.000000000
yaw   = 0.523598776
----------------------------------------
Initial joint positions [rad]
q1 = -0.780979268
q2 = 1.693329216
q3 = 1.113364241
q4 = 0.148335595
q5 = -1.348914521
q6 = 0.177639305
----------------------------------------
IK result joint positions [rad]
q1 = -0.785400000
q2 = 1.699177388
q3 = 1.120006960
q4 = 0.144824663
q5 = -1.353600618
q6 = 0.176107524
----------------------------------------
Target transform
 0.866025404 -0.500000000  0.000000000  0.450000000
 0.500000000  0.866025404  0.000000000 -0.150000000
 0.000000000  0.000000000  1.000000000  0.322000000
 0.000000000  0.000000000  0.000000000  1.000000000
----------------------------------------
Solved transform
 0.865334143 -0.501195392 -0.000000000  0.450206550
 0.501195392  0.865334143 -0.000000000 -0.149378018
 0.000000000  0.000000000  1.000000000  0.322000000
 0.000000000  0.000000000  0.000000000  1.000000000
----------------------------------------
Success           : false
Iterations        : 1500
Position error    : 0.000655381 m
Orientation error : 0.001380871 rad
Message           : IK reached the maximum iteration count.
----------------------------------------
Machine-readable joint result
JOINT_RESULT=-0.785400000,1.699177388,1.120006960,0.144824663,-1.353600618,0.176107524
========================================
[ros2run]: Process exited with failure 2

