========================================================================================
CYLINDER CARTESIAN IK DRY RUN
========================================================================================
Candidate index : 0
Candidate phi   : 0.000 deg
Target RPY      : +0.000000000, -0.000000000, +3.141592654
Cartesian step  : 0.003000 m

현재 /joint_states를 기다립니다.
Current q [rad] : +0.000076992, +0.296957895, +0.296280038, -0.000069048, -0.000472075, +0.000022426

[INITIAL 1/2] Position-only solve at PICK_PREGRASP
[PASS] q = +0.281703, +1.649385, +1.198461, +0.061837, -0.117643, +0.000022

[INITIAL 2/2] Full-pose orientation alignment
[FAIL] Full-pose initial IK
========================================
 DROK TCP Pose IK Solver
========================================
IK mode: full
----------------------------------------
Target position [m]
x = 0.530000000
y = 0.180000000
z = 0.272000000
----------------------------------------
Target RPY [rad]
roll  = 0.000000000
pitch = -0.000000000
yaw   = 3.141592654
----------------------------------------
Initial joint positions [rad]
q1 = 0.281703149
q2 = 1.649385351
q3 = 1.198460721
q4 = 0.061836727
q5 = -0.117642755
q6 = 0.000022426
----------------------------------------
IK result joint positions [rad]
q1 = -0.107252599
q2 = 2.894422162
q3 = 2.875205178
q4 = -0.092837037
q5 = -1.521750000
q6 = -0.293672682
----------------------------------------
Target transform
-1.000000000  0.000000000  0.000000000  0.530000000
-0.000000000 -1.000000000  0.000000000  0.180000000
 0.000000000  0.000000000  1.000000000  0.272000000
 0.000000000  0.000000000  0.000000000  1.000000000
----------------------------------------
Solved transform
 0.153424892 -0.983618931 -0.094628750  0.701485121
 0.983725229  0.142971593  0.108829212  0.144676327
-0.093517250 -0.109785799  0.989546160  0.228118181
 0.000000000  0.000000000  0.000000000  1.000000000
----------------------------------------
Success           : false
Iterations        : 1500
Position error    : 0.180500755 m
Orientation error : 1.724829876 rad
Message           : IK reached the maximum iteration count.
----------------------------------------
Machine-readable joint result
JOINT_RESULT=-0.107252599,2.894422162,2.875205178,-0.092837037,-1.521750000,-0.293672682
========================================
[ros2run]: Process exited with failure 2

