================================================================================================
CYLINDER PATH TIME PARAMETERIZATION
================================================================================================
Controller rate : 100.000 Hz

Derived limits
  JOINT1: v=0.420000 rad/s, a=0.840000 rad/s^2, j=4.200000 rad/s^3
  JOINT2: v=0.420000 rad/s, a=0.840000 rad/s^2, j=4.200000 rad/s^3
  JOINT3: v=0.420000 rad/s, a=0.840000 rad/s^2, j=4.200000 rad/s^3
  JOINT4: v=0.420000 rad/s, a=0.840000 rad/s^2, j=4.200000 rad/s^3
  JOINT5: v=0.420000 rad/s, a=0.840000 rad/s^2, j=4.200000 rad/s^3
  JOINT6: v=0.350000 rad/s, a=0.700000 rad/s^2, j=3.500000 rad/s^3

[MOTION_BLOCK_1_PICK_APPROACH] index=0->27
  waypoints       : 28
  duration        : 1.610000 s
  samples         : 162
  velocity ratio  : 0.706346
  accel ratio     : 0.710362
  jerk ratio      : 0.928385
  limit margin    : 24.715989 deg

[MOTION_BLOCK_2_PICK_LIFT] index=27->44
  waypoints       : 18
  duration        : 1.370000 s
  samples         : 138
  velocity ratio  : 0.509632
  accel ratio     : 0.600611
  jerk ratio      : 0.933683
  limit margin    : 24.715989 deg

[MOTION_BLOCK_3_TRANSFER] index=44->164
  waypoints       : 121
  duration        : 3.620000 s
  samples         : 363
  velocity ratio  : 0.979892
  accel ratio     : 0.399657
  jerk ratio      : 0.189699
  limit margin    : 18.346888 deg

[MOTION_BLOCK_4_PLACE_DESCEND] index=164->181
  waypoints       : 18
  duration        : 1.380000 s
  samples         : 139
  velocity ratio  : 0.555276
  accel ratio     : 0.619184
  jerk ratio      : 0.930715
  limit margin    : 17.282621 deg

[MOTION_BLOCK_5_PLACE_RETREAT] index=181->208
  waypoints       : 28
  duration        : 1.610000 s
  samples         : 162
  velocity ratio  : 0.716282
  accel ratio     : 0.713755
  jerk ratio      : 0.928099
  limit margin    : 11.793683 deg

================================================================================================
OVERALL RESULT: PASS
================================================================================================
Motion blocks       : 5
Arm motion duration : 9.590000 s
Gripper dwell       : not included
Saved:
/home/hgui/IK_solver_MuJoCo/cylinder_timed_joint_path_segmented.yaml
