========================================================================================
CYLINDER HYBRID CARTESIAN IK DRY RUN
========================================================================================
Candidate index : 21
Candidate phi   : 210.000 deg
Target RPY      : +0.000000000, -0.000000000, +0.523598776
Cartesian step  : 0.003000 m

현재 /joint_states를 기다립니다.
Current q [rad] : -0.000093840, +0.297082476, +0.296124462, -0.000068895, -0.000386311, +0.000023928

[INITIAL 1/2] Position-only solve at PICK_PREGRASP
[PASS] q = +0.265836, +1.180189, +0.775808, +0.040507, -0.161043, +0.000024

[INITIAL 2/2] Full-pose orientation alignment

[PICK_APPROACH] mode=full, distance=0.080000 m, samples=27
[PASS] max jump=0.573543 deg, minimum margin=24.715989 deg

[PICK_LIFT] mode=full, distance=0.050000 m, samples=17
[PASS] max jump=0.548735 deg, minimum margin=25.025062 deg

[TRANSFER] mode=upright, distance=0.360000 m, samples=120
[PASS] max jump=0.365209 deg, minimum margin=18.346888 deg

[PLACE_DESCEND] mode=upright, distance=0.050000 m, samples=17
[PASS] max jump=0.590808 deg, minimum margin=17.282621 deg

========================================================================================
OVERALL RESULT: PASS
========================================================================================
Total samples       : 182
Maximum joint jump  : 0.590808 deg
Minimum limit margin: 17.282621 deg
Saved:
/home/hgui/IK_solver_MuJoCo/cylinder_candidate_21_hybrid_path.yaml
