$ /usr/bin/python3 /home/hgui/IK_solver_MuJoCo/src/drok_arm_control/scripts/dry_run_cylinder_hybrid_ik.py --candidate-file /home/hgui/IK_solver_MuJoCo/generated_random_known_pose_moves/seed_2_box_1_x0p522965_y0p251652_z0p272000_to_box_2/all_grasp_candidates.yaml --candidate-index 8 --geometry /home/hgui/IK_solver_MuJoCo/src/drok_arm_kinematics/config/robot_geometry.yaml --urdf /home/hgui/IK_solver_MuJoCo/src/drok_arm_mujoco/urdf/drok_arm_mujoco.urdf --output /home/hgui/IK_solver_MuJoCo/generated_random_known_pose_moves/seed_2_box_1_x0p522965_y0p251652_z0p272000_to_box_2/candidate_trials/candidate_08/hybrid_path.yaml

========================================================================================
CYLINDER HYBRID CARTESIAN IK DRY RUN
========================================================================================
Candidate index : 8
Candidate phi   : 80.000 deg
Target RPY      : +0.000000000, -0.000000000, -1.745329252
Cartesian step  : 0.003000 m

현재 /joint_states를 기다립니다.
Current q [rad] : +0.000063417, +0.295663783, +0.294642102, -0.001254646, +0.000210995, -0.004529577

[INITIAL 1/2] Position-only solve at PICK_PREGRASP
[PASS] q = +0.491532, +1.839393, +1.422006, +0.121383, -0.175425, -0.004530

[INITIAL 2/2] Full-pose orientation alignment
[FAIL] Full-pose initial IK
========================================
 DROK TCP Pose IK Solver
========================================
IK mode: full
----------------------------------------
Target position [m]
x = 0.536856854
y = 0.330436620
z = 0.282000000
----------------------------------------
Target RPY [rad]
roll  = 0.000000000
pitch = -0.000000000
yaw   = -1.745329252
----------------------------------------
Initial joint positions [rad]
q1 = 0.491531551
q2 = 1.839393015
q3 = 1.422005827
q4 = 0.121383459
q5 = -0.175424992
q6 = -0.004529577
----------------------------------------
IK result joint positions [rad]
q1 = 1.090440450
q2 = 2.659501474
q3 = 2.873488890
q4 = 2.642430000
q5 = -1.521750000
q6 = 1.311500000
----------------------------------------
Target transform
-0.173648178  0.984807753  0.000000000  0.536856854
-0.984807753 -0.173648178 -0.000000000  0.330436620
-0.000000000  0.000000000  1.000000000  0.282000000
 0.000000000  0.000000000  0.000000000  1.000000000
----------------------------------------
Solved transform
 0.752907484 -0.438215619 -0.491016693  0.450578765
-0.452778416  0.196550943 -0.869689274  0.445930236
 0.477621217  0.877117323 -0.050429897  0.505318744
 0.000000000  0.000000000  0.000000000  1.000000000
----------------------------------------
Success           : false
Iterations        : 1500
Position error    : 0.265808099 m
Orientation error : 2.214897613 rad
Message           : IK reached the maximum iteration count.
----------------------------------------
Machine-readable joint result
JOINT_RESULT=1.090440450,2.659501474,2.873488890,2.642430000,-1.521750000,1.311500000
========================================
[ros2run]: Process exited with failure 2

