$ /usr/bin/python3 /home/hgui/IK_solver_MuJoCo/src/drok_arm_control/scripts/dry_run_cylinder_hybrid_ik.py --candidate-file /home/hgui/IK_solver_MuJoCo/generated_known_object_paths/box_2_x0p391498_ym0p124411_z0p272000_to_box_1/all_grasp_candidates.yaml --candidate-index 10 --geometry /home/hgui/IK_solver_MuJoCo/src/drok_arm_kinematics/config/robot_geometry.yaml --urdf /home/hgui/IK_solver_MuJoCo/src/drok_arm_mujoco/urdf/drok_arm_mujoco.urdf --output /home/hgui/IK_solver_MuJoCo/generated_known_object_paths/box_2_x0p391498_ym0p124411_z0p272000_to_box_1/candidate_trials/candidate_10/hybrid_path.yaml

========================================================================================
CYLINDER HYBRID CARTESIAN IK DRY RUN
========================================================================================
Candidate index : 10
Candidate phi   : 100.000 deg
Target RPY      : +0.000000000, -0.000000000, -1.396263402
Cartesian step  : 0.003000 m

현재 /joint_states를 기다립니다.
Current q [rad] : -0.000045171, +0.295663848, +0.294624879, -0.000413884, -0.000008079, -0.001249252

[INITIAL 1/2] Position-only solve at PICK_PREGRASP
[PASS] q = -0.086255, +1.078603, +0.724605, -0.012587, +0.057553, -0.001249

[INITIAL 2/2] Full-pose orientation alignment
[FAIL] Full-pose initial IK
========================================
 DROK TCP Pose IK Solver
========================================
IK mode: full
----------------------------------------
Target position [m]
x = 0.377606146
y = -0.045626380
z = 0.282000000
----------------------------------------
Target RPY [rad]
roll  = 0.000000000
pitch = -0.000000000
yaw   = -1.396263402
----------------------------------------
Initial joint positions [rad]
q1 = -0.086255026
q2 = 1.078603487
q3 = 0.724604597
q4 = -0.012586927
q5 = 0.057552869
q6 = -0.001249252
----------------------------------------
IK result joint positions [rad]
q1 = 0.550560783
q2 = 1.773803049
q3 = 1.105407338
q4 = 0.239955901
q5 = 1.319470000
q6 = -1.122771408
----------------------------------------
Target transform
 0.173648178  0.984807753  0.000000000  0.377606146
-0.984807753  0.173648178 -0.000000000 -0.045626380
-0.000000000  0.000000000  1.000000000  0.282000000
 0.000000000  0.000000000  0.000000000  1.000000000
----------------------------------------
Solved transform
 0.536968090  0.833805838  0.128191634  0.443853536
-0.774330874  0.547455131 -0.317339844  0.028864593
-0.334778983  0.071138630  0.939607539  0.215620738
 0.000000000  0.000000000  0.000000000  1.000000000
----------------------------------------
Success           : false
Iterations        : 1500
Position error    : 0.119765722 m
Orientation error : 0.543680539 rad
Message           : IK reached the maximum iteration count.
----------------------------------------
Machine-readable joint result
JOINT_RESULT=0.550560783,1.773803049,1.105407338,0.239955901,1.319470000,-1.122771408
========================================
[ros2run]: Process exited with failure 2

