[0.007s] Invoking command in '/home/hgui/IK_solver_MuJoCo/build/drok_arm_kinematics': CMAKE_PREFIX_PATH=${CMAKE_PREFIX_PATH}:/opt/ros/humble /usr/bin/cmake /home/hgui/IK_solver_MuJoCo/src/drok_arm_kinematics -DAMENT_CMAKE_SYMLINK_INSTALL=1 -DCMAKE_INSTALL_PREFIX=/home/hgui/IK_solver_MuJoCo/install/drok_arm_kinematics
[0.045s] -- The C compiler identification is GNU 11.4.0
[0.081s] -- The CXX compiler identification is GNU 11.4.0
[0.085s] -- Detecting C compiler ABI info
[0.135s] -- Detecting C compiler ABI info - done
[0.139s] -- Check for working C compiler: /usr/bin/cc - skipped
[0.139s] -- Detecting C compile features
[0.139s] -- Detecting C compile features - done
[0.141s] -- Detecting CXX compiler ABI info
[0.194s] -- Detecting CXX compiler ABI info - done
[0.198s] -- Check for working CXX compiler: /usr/bin/c++ - skipped
[0.198s] -- Detecting CXX compile features
[0.198s] -- Detecting CXX compile features - done
[0.200s] -- Found ament_cmake: 1.3.14 (/opt/ros/humble/share/ament_cmake/cmake)
[0.294s] -- Found Python3: /usr/bin/python3 (found version "3.10.12") found components: Interpreter 
[0.332s] -- Override CMake install command with custom implementation using symlinks instead of copying resources
[0.364s] [31mCMake Error at CMakeLists.txt:14 (find_package):
[0.364s]   By not providing "Findtinyxml2.cmake" in CMAKE_MODULE_PATH this project has
[0.364s]   asked CMake to find a package configuration file provided by "tinyxml2",
[0.364s]   but CMake did not find one.
[0.364s] 
[0.364s]   Could not find a package configuration file provided by "tinyxml2" with any
[0.364s]   of the following names:
[0.364s] 
[0.364s]     tinyxml2Config.cmake
[0.364s]     tinyxml2-config.cmake
[0.364s] 
[0.364s]   Add the installation prefix of "tinyxml2" to CMAKE_PREFIX_PATH or set
[0.364s]   "tinyxml2_DIR" to a directory containing one of the above files.  If
[0.364s]   "tinyxml2" provides a separate development package or SDK, be sure it has
[0.364s]   been installed.
[0.364s] 
[0.364s] [0m
[0.364s] -- Configuring incomplete, errors occurred!
[0.364s] See also "/home/hgui/IK_solver_MuJoCo/build/drok_arm_kinematics/CMakeFiles/CMakeOutput.log".
[0.367s] Invoked command in '/home/hgui/IK_solver_MuJoCo/build/drok_arm_kinematics' returned '1': CMAKE_PREFIX_PATH=${CMAKE_PREFIX_PATH}:/opt/ros/humble /usr/bin/cmake /home/hgui/IK_solver_MuJoCo/src/drok_arm_kinematics -DAMENT_CMAKE_SYMLINK_INSTALL=1 -DCMAKE_INSTALL_PREFIX=/home/hgui/IK_solver_MuJoCo/install/drok_arm_kinematics
