[0.008s] Invoking command in '/home/hgui/IK_solver_MuJoCo/build/drok_arm_description': CMAKE_PREFIX_PATH=${CMAKE_PREFIX_PATH}:/opt/ros/humble /usr/bin/cmake --build /home/hgui/IK_solver_MuJoCo/build/drok_arm_description -- -j18 -l18
[0.041s] Invoked command in '/home/hgui/IK_solver_MuJoCo/build/drok_arm_description' returned '0': CMAKE_PREFIX_PATH=${CMAKE_PREFIX_PATH}:/opt/ros/humble /usr/bin/cmake --build /home/hgui/IK_solver_MuJoCo/build/drok_arm_description -- -j18 -l18
[0.048s] Invoking command in '/home/hgui/IK_solver_MuJoCo/build/drok_arm_description': CMAKE_PREFIX_PATH=${CMAKE_PREFIX_PATH}:/opt/ros/humble /usr/bin/cmake --install /home/hgui/IK_solver_MuJoCo/build/drok_arm_description
[0.055s] -- Install configuration: ""
[0.055s] -- Execute custom install script
[0.055s] -- Up-to-date symlink: /home/hgui/IK_solver_MuJoCo/install/drok_arm_description/share/drok_arm_description/urdf/drok_arm.urdf
[0.055s] -- Symlinking: /home/hgui/IK_solver_MuJoCo/install/drok_arm_description/share/drok_arm_description/urdf/drok_arm.urdf.before_arm_base_collision_test
[0.063s] -- Up-to-date symlink: /home/hgui/IK_solver_MuJoCo/install/drok_arm_description/share/drok_arm_description/meshes/ARM_BASE_LINK.STL
[0.063s] -- Up-to-date symlink: /home/hgui/IK_solver_MuJoCo/install/drok_arm_description/share/drok_arm_description/meshes/GRIPPER_BASE.STL
[0.063s] -- Up-to-date symlink: /home/hgui/IK_solver_MuJoCo/install/drok_arm_description/share/drok_arm_description/meshes/GRIPPER_LEFT.STL
[0.063s] -- Up-to-date symlink: /home/hgui/IK_solver_MuJoCo/install/drok_arm_description/share/drok_arm_description/meshes/GRIPPER_RIGH.STL
[0.063s] -- Up-to-date symlink: /home/hgui/IK_solver_MuJoCo/install/drok_arm_description/share/drok_arm_description/meshes/LINK1.STL
[0.063s] -- Up-to-date symlink: /home/hgui/IK_solver_MuJoCo/install/drok_arm_description/share/drok_arm_description/meshes/LINK2.STL
[0.063s] -- Up-to-date symlink: /home/hgui/IK_solver_MuJoCo/install/drok_arm_description/share/drok_arm_description/meshes/LINK3.STL
[0.063s] -- Up-to-date symlink: /home/hgui/IK_solver_MuJoCo/install/drok_arm_description/share/drok_arm_description/meshes/LINK4.STL
[0.063s] -- Up-to-date symlink: /home/hgui/IK_solver_MuJoCo/install/drok_arm_description/share/drok_arm_description/meshes/LINK5.STL
[0.063s] -- Up-to-date symlink: /home/hgui/IK_solver_MuJoCo/install/drok_arm_description/share/drok_arm_description/meshes/LINK6.STL
[0.063s] -- Up-to-date symlink: /home/hgui/IK_solver_MuJoCo/install/drok_arm_description/share/drok_arm_description/launch/display.launch.py
[0.063s] -- Up-to-date symlink: /home/hgui/IK_solver_MuJoCo/install/drok_arm_description/share/drok_arm_description/rviz/drok_arm.rviz
[0.063s] -- Up-to-date symlink: /home/hgui/IK_solver_MuJoCo/install/drok_arm_description/share/ament_index/resource_index/package_run_dependencies/drok_arm_description
[0.064s] -- Up-to-date symlink: /home/hgui/IK_solver_MuJoCo/install/drok_arm_description/share/ament_index/resource_index/parent_prefix_path/drok_arm_description
[0.064s] -- Up-to-date symlink: /home/hgui/IK_solver_MuJoCo/install/drok_arm_description/share/drok_arm_description/environment/ament_prefix_path.sh
[0.064s] -- Up-to-date symlink: /home/hgui/IK_solver_MuJoCo/install/drok_arm_description/share/drok_arm_description/environment/ament_prefix_path.dsv
[0.064s] -- Up-to-date symlink: /home/hgui/IK_solver_MuJoCo/install/drok_arm_description/share/drok_arm_description/environment/path.sh
[0.064s] -- Up-to-date symlink: /home/hgui/IK_solver_MuJoCo/install/drok_arm_description/share/drok_arm_description/environment/path.dsv
[0.064s] -- Up-to-date symlink: /home/hgui/IK_solver_MuJoCo/install/drok_arm_description/share/drok_arm_description/local_setup.bash
[0.064s] -- Up-to-date symlink: /home/hgui/IK_solver_MuJoCo/install/drok_arm_description/share/drok_arm_description/local_setup.sh
[0.064s] -- Up-to-date symlink: /home/hgui/IK_solver_MuJoCo/install/drok_arm_description/share/drok_arm_description/local_setup.zsh
[0.064s] -- Up-to-date symlink: /home/hgui/IK_solver_MuJoCo/install/drok_arm_description/share/drok_arm_description/local_setup.dsv
[0.064s] -- Symlinking: /home/hgui/IK_solver_MuJoCo/install/drok_arm_description/share/drok_arm_description/package.dsv
[0.071s] -- Up-to-date symlink: /home/hgui/IK_solver_MuJoCo/install/drok_arm_description/share/ament_index/resource_index/packages/drok_arm_description
[0.071s] -- Up-to-date symlink: /home/hgui/IK_solver_MuJoCo/install/drok_arm_description/share/drok_arm_description/cmake/drok_arm_descriptionConfig.cmake
[0.071s] -- Up-to-date symlink: /home/hgui/IK_solver_MuJoCo/install/drok_arm_description/share/drok_arm_description/cmake/drok_arm_descriptionConfig-version.cmake
[0.071s] -- Up-to-date symlink: /home/hgui/IK_solver_MuJoCo/install/drok_arm_description/share/drok_arm_description/package.xml
[0.073s] Invoked command in '/home/hgui/IK_solver_MuJoCo/build/drok_arm_description' returned '0': CMAKE_PREFIX_PATH=${CMAKE_PREFIX_PATH}:/opt/ros/humble /usr/bin/cmake --install /home/hgui/IK_solver_MuJoCo/build/drok_arm_description
