[0.012s] Invoking command in '/home/hgui/IK_solver_MuJoCo/build/drok_arm_mujoco': CMAKE_PREFIX_PATH=/home/hgui/IK_solver_MuJoCo/install/drok_arm_control:/home/hgui/IK_solver_MuJoCo/install/drok_arm_trajectory:/home/hgui/IK_solver_MuJoCo/install/drok_arm_kinematics:/home/hgui/IK_solver_MuJoCo/install/drok_arm_description:/home/hgui/IK_solver_MuJoCo/install/drok_arm_mujoco:/opt/ros/humble /usr/bin/cmake /home/hgui/IK_solver_MuJoCo/src/drok_arm_mujoco -DAMENT_CMAKE_SYMLINK_INSTALL=1 -DCMAKE_INSTALL_PREFIX=/home/hgui/IK_solver_MuJoCo/install/drok_arm_mujoco
[0.061s] -- The C compiler identification is GNU 11.4.0
[0.101s] -- The CXX compiler identification is GNU 11.4.0
[0.106s] -- Detecting C compiler ABI info
[0.162s] -- Detecting C compiler ABI info - done
[0.170s] -- Check for working C compiler: /usr/bin/cc - skipped
[0.170s] -- Detecting C compile features
[0.170s] -- Detecting C compile features - done
[0.173s] -- Detecting CXX compiler ABI info
[0.238s] -- Detecting CXX compiler ABI info - done
[0.243s] -- Check for working CXX compiler: /usr/bin/c++ - skipped
[0.243s] -- Detecting CXX compile features
[0.243s] -- Detecting CXX compile features - done
[0.245s] -- Found ament_cmake: 1.3.14 (/opt/ros/humble/share/ament_cmake/cmake)
[0.346s] -- Found Python3: /usr/bin/python3 (found version "3.10.12") found components: Interpreter 
[0.390s] -- Override CMake install command with custom implementation using symlinks instead of copying resources
[0.470s] -- Configuring done
[0.472s] -- Generating done
[0.472s] -- Build files have been written to: /home/hgui/IK_solver_MuJoCo/build/drok_arm_mujoco
[0.477s] Invoked command in '/home/hgui/IK_solver_MuJoCo/build/drok_arm_mujoco' returned '0': CMAKE_PREFIX_PATH=/home/hgui/IK_solver_MuJoCo/install/drok_arm_control:/home/hgui/IK_solver_MuJoCo/install/drok_arm_trajectory:/home/hgui/IK_solver_MuJoCo/install/drok_arm_kinematics:/home/hgui/IK_solver_MuJoCo/install/drok_arm_description:/home/hgui/IK_solver_MuJoCo/install/drok_arm_mujoco:/opt/ros/humble /usr/bin/cmake /home/hgui/IK_solver_MuJoCo/src/drok_arm_mujoco -DAMENT_CMAKE_SYMLINK_INSTALL=1 -DCMAKE_INSTALL_PREFIX=/home/hgui/IK_solver_MuJoCo/install/drok_arm_mujoco
[0.478s] Invoking command in '/home/hgui/IK_solver_MuJoCo/build/drok_arm_mujoco': CMAKE_PREFIX_PATH=/home/hgui/IK_solver_MuJoCo/install/drok_arm_control:/home/hgui/IK_solver_MuJoCo/install/drok_arm_trajectory:/home/hgui/IK_solver_MuJoCo/install/drok_arm_kinematics:/home/hgui/IK_solver_MuJoCo/install/drok_arm_description:/home/hgui/IK_solver_MuJoCo/install/drok_arm_mujoco:/opt/ros/humble /usr/bin/cmake --build /home/hgui/IK_solver_MuJoCo/build/drok_arm_mujoco -- -j18 -l18
[0.504s] Invoked command in '/home/hgui/IK_solver_MuJoCo/build/drok_arm_mujoco' returned '0': CMAKE_PREFIX_PATH=/home/hgui/IK_solver_MuJoCo/install/drok_arm_control:/home/hgui/IK_solver_MuJoCo/install/drok_arm_trajectory:/home/hgui/IK_solver_MuJoCo/install/drok_arm_kinematics:/home/hgui/IK_solver_MuJoCo/install/drok_arm_description:/home/hgui/IK_solver_MuJoCo/install/drok_arm_mujoco:/opt/ros/humble /usr/bin/cmake --build /home/hgui/IK_solver_MuJoCo/build/drok_arm_mujoco -- -j18 -l18
[0.512s] Invoking command in '/home/hgui/IK_solver_MuJoCo/build/drok_arm_mujoco': CMAKE_PREFIX_PATH=/home/hgui/IK_solver_MuJoCo/install/drok_arm_control:/home/hgui/IK_solver_MuJoCo/install/drok_arm_trajectory:/home/hgui/IK_solver_MuJoCo/install/drok_arm_kinematics:/home/hgui/IK_solver_MuJoCo/install/drok_arm_description:/home/hgui/IK_solver_MuJoCo/install/drok_arm_mujoco:/opt/ros/humble /usr/bin/cmake --install /home/hgui/IK_solver_MuJoCo/build/drok_arm_mujoco
[0.517s] -- Install configuration: ""
[0.519s] -- Execute custom install script
[0.519s] -- Symlinking: /home/hgui/IK_solver_MuJoCo/install/drok_arm_mujoco/share/drok_arm_mujoco/launch/__pycache__/drok_arm_mujoco.launch.cpython-310.pyc
[0.526s] -- Symlinking: /home/hgui/IK_solver_MuJoCo/install/drok_arm_mujoco/share/drok_arm_mujoco/launch/drok_arm_mujoco.launch.py
[0.534s] -- Symlinking: /home/hgui/IK_solver_MuJoCo/install/drok_arm_mujoco/share/drok_arm_mujoco/config/arm_controller.yaml
[0.542s] -- Symlinking: /home/hgui/IK_solver_MuJoCo/install/drok_arm_mujoco/share/drok_arm_mujoco/config/arm_controller.yaml.before_collision_tolerance_test
[0.548s] -- Symlinking: /home/hgui/IK_solver_MuJoCo/install/drok_arm_mujoco/share/drok_arm_mujoco/config/controllers.yaml
[0.553s] -- Symlinking: /home/hgui/IK_solver_MuJoCo/install/drok_arm_mujoco/share/drok_arm_mujoco/config/mujoco_inputs.xml
[0.559s] -- Symlinking: /home/hgui/IK_solver_MuJoCo/install/drok_arm_mujoco/share/drok_arm_mujoco/config/mujoco_inputs.xml.before_collision_test
[0.564s] -- Symlinking: /home/hgui/IK_solver_MuJoCo/install/drok_arm_mujoco/share/drok_arm_mujoco/config/mujoco_inputs.xml.before_contact_exclude
[0.569s] -- Symlinking: /home/hgui/IK_solver_MuJoCo/install/drok_arm_mujoco/share/drok_arm_mujoco/config/mujoco_inputs.xml.before_contact_fix
[0.575s] -- Symlinking: /home/hgui/IK_solver_MuJoCo/install/drok_arm_mujoco/share/drok_arm_mujoco/config/mujoco_inputs.xml.before_gravity_test
[0.580s] -- Symlinking: /home/hgui/IK_solver_MuJoCo/install/drok_arm_mujoco/share/drok_arm_mujoco/config/mujoco_inputs.xml.before_joint7_gripper
[0.585s] -- Symlinking: /home/hgui/IK_solver_MuJoCo/install/drok_arm_mujoco/share/drok_arm_mujoco/config/mujoco_inputs.xml.before_kp_tuning
[0.590s] -- Symlinking: /home/hgui/IK_solver_MuJoCo/install/drok_arm_mujoco/share/drok_arm_mujoco/model/scene.xml
[0.596s] -- Symlinking: /home/hgui/IK_solver_MuJoCo/install/drok_arm_mujoco/share/drok_arm_mujoco/urdf/drok_arm_mujoco.urdf
[0.601s] -- Symlinking: /home/hgui/IK_solver_MuJoCo/install/drok_arm_mujoco/share/drok_arm_mujoco/urdf/drok_arm_mujoco.urdf.before_base_link1_collision_test
[0.607s] -- Symlinking: /home/hgui/IK_solver_MuJoCo/install/drok_arm_mujoco/share/drok_arm_mujoco/urdf/drok_arm_mujoco.urdf.before_initial_pose_fix
[0.611s] -- Symlinking: /home/hgui/IK_solver_MuJoCo/install/drok_arm_mujoco/share/drok_arm_mujoco/urdf/drok_arm_mujoco.urdf.before_joint7_gripper
[0.616s] -- Symlinking: /home/hgui/IK_solver_MuJoCo/install/drok_arm_mujoco/share/drok_arm_mujoco/urdf/drok_arm_mujoco.urdf.before_permanent_gripper_fixed
[0.623s] -- Symlinking: /home/hgui/IK_solver_MuJoCo/install/drok_arm_mujoco/share/ament_index/resource_index/package_run_dependencies/drok_arm_mujoco
[0.628s] -- Symlinking: /home/hgui/IK_solver_MuJoCo/install/drok_arm_mujoco/share/ament_index/resource_index/parent_prefix_path/drok_arm_mujoco
[0.633s] -- Symlinking: /home/hgui/IK_solver_MuJoCo/install/drok_arm_mujoco/share/drok_arm_mujoco/environment/ament_prefix_path.sh
[0.640s] -- Symlinking: /home/hgui/IK_solver_MuJoCo/install/drok_arm_mujoco/share/drok_arm_mujoco/environment/ament_prefix_path.dsv
[0.646s] -- Symlinking: /home/hgui/IK_solver_MuJoCo/install/drok_arm_mujoco/share/drok_arm_mujoco/environment/path.sh
[0.652s] -- Symlinking: /home/hgui/IK_solver_MuJoCo/install/drok_arm_mujoco/share/drok_arm_mujoco/environment/path.dsv
[0.658s] -- Symlinking: /home/hgui/IK_solver_MuJoCo/install/drok_arm_mujoco/share/drok_arm_mujoco/local_setup.bash
[0.665s] -- Symlinking: /home/hgui/IK_solver_MuJoCo/install/drok_arm_mujoco/share/drok_arm_mujoco/local_setup.sh
[0.672s] -- Symlinking: /home/hgui/IK_solver_MuJoCo/install/drok_arm_mujoco/share/drok_arm_mujoco/local_setup.zsh
[0.677s] -- Symlinking: /home/hgui/IK_solver_MuJoCo/install/drok_arm_mujoco/share/drok_arm_mujoco/local_setup.dsv
[0.684s] -- Symlinking: /home/hgui/IK_solver_MuJoCo/install/drok_arm_mujoco/share/drok_arm_mujoco/package.dsv
[0.690s] -- Symlinking: /home/hgui/IK_solver_MuJoCo/install/drok_arm_mujoco/share/ament_index/resource_index/packages/drok_arm_mujoco
[0.698s] -- Symlinking: /home/hgui/IK_solver_MuJoCo/install/drok_arm_mujoco/share/drok_arm_mujoco/cmake/drok_arm_mujocoConfig.cmake
[0.705s] -- Symlinking: /home/hgui/IK_solver_MuJoCo/install/drok_arm_mujoco/share/drok_arm_mujoco/cmake/drok_arm_mujocoConfig-version.cmake
[0.711s] -- Symlinking: /home/hgui/IK_solver_MuJoCo/install/drok_arm_mujoco/share/drok_arm_mujoco/package.xml
[0.720s] Invoked command in '/home/hgui/IK_solver_MuJoCo/build/drok_arm_mujoco' returned '0': CMAKE_PREFIX_PATH=/home/hgui/IK_solver_MuJoCo/install/drok_arm_control:/home/hgui/IK_solver_MuJoCo/install/drok_arm_trajectory:/home/hgui/IK_solver_MuJoCo/install/drok_arm_kinematics:/home/hgui/IK_solver_MuJoCo/install/drok_arm_description:/home/hgui/IK_solver_MuJoCo/install/drok_arm_mujoco:/opt/ros/humble /usr/bin/cmake --install /home/hgui/IK_solver_MuJoCo/build/drok_arm_mujoco
