-- The C compiler identification is GNU 11.4.0
-- The CXX compiler identification is GNU 11.4.0
-- Detecting C compiler ABI info
-- Detecting C compiler ABI info - done
-- Check for working C compiler: /usr/bin/cc - skipped
-- Detecting C compile features
-- Detecting C compile features - done
-- Detecting CXX compiler ABI info
-- Detecting CXX compiler ABI info - done
-- Check for working CXX compiler: /usr/bin/c++ - skipped
-- Detecting CXX compile features
-- Detecting CXX compile features - done
-- Found ament_cmake: 1.3.14 (/opt/ros/humble/share/ament_cmake/cmake)
-- Found Python3: /usr/bin/python3 (found version "3.10.12") found components: Interpreter 
-- Override CMake install command with custom implementation using symlinks instead of copying resources
-- Configuring done
-- Generating done
-- Build files have been written to: /home/hgui/IK_solver_MuJoCo/build/drok_arm_kinematics
[ 50%] [32mBuilding CXX object CMakeFiles/urdf_geometry_exporter.dir/src/urdf_geometry_exporter.cpp.o[0m
[ 50%] [32mBuilding CXX object CMakeFiles/drok_arm_kinematics.dir/src/transform.cpp.o[0m
[ 50%] [32mBuilding CXX object CMakeFiles/drok_arm_kinematics.dir/src/forward_kinematics.cpp.o[0m
[ 50%] [32mBuilding CXX object CMakeFiles/drok_arm_kinematics.dir/src/robot_model_loader.cpp.o[0m
[ 62%] [32m[1mLinking CXX executable urdf_geometry_exporter[0m
[ 62%] Built target urdf_geometry_exporter
[ 75%] [32m[1mLinking CXX static library libdrok_arm_kinematics.a[0m
[ 75%] Built target drok_arm_kinematics
[ 87%] [32mBuilding CXX object CMakeFiles/test_fk.dir/src/test_fk.cpp.o[0m
[100%] [32m[1mLinking CXX executable test_fk[0m
[100%] Built target test_fk
-- Install configuration: ""
-- Execute custom install script
-- Symlinking: /home/hgui/IK_solver_MuJoCo/install/drok_arm_kinematics/include/drok_arm_kinematics/forward_kinematics.hpp
-- Symlinking: /home/hgui/IK_solver_MuJoCo/install/drok_arm_kinematics/include/drok_arm_kinematics/robot_model.hpp
-- Symlinking: /home/hgui/IK_solver_MuJoCo/install/drok_arm_kinematics/include/drok_arm_kinematics/robot_model_loader.hpp
-- Symlinking: /home/hgui/IK_solver_MuJoCo/install/drok_arm_kinematics/include/drok_arm_kinematics/transform.hpp
-- Symlinking: /home/hgui/IK_solver_MuJoCo/install/drok_arm_kinematics/share/drok_arm_kinematics/config/robot_geometry.yaml
-- Symlinking: /home/hgui/IK_solver_MuJoCo/install/drok_arm_kinematics/share/drok_arm_kinematics/environment/library_path.sh
-- Symlinking: /home/hgui/IK_solver_MuJoCo/install/drok_arm_kinematics/share/drok_arm_kinematics/environment/library_path.dsv
-- Symlinking: /home/hgui/IK_solver_MuJoCo/install/drok_arm_kinematics/share/ament_index/resource_index/package_run_dependencies/drok_arm_kinematics
-- Symlinking: /home/hgui/IK_solver_MuJoCo/install/drok_arm_kinematics/share/ament_index/resource_index/parent_prefix_path/drok_arm_kinematics
-- Symlinking: /home/hgui/IK_solver_MuJoCo/install/drok_arm_kinematics/share/drok_arm_kinematics/environment/ament_prefix_path.sh
-- Symlinking: /home/hgui/IK_solver_MuJoCo/install/drok_arm_kinematics/share/drok_arm_kinematics/environment/ament_prefix_path.dsv
-- Symlinking: /home/hgui/IK_solver_MuJoCo/install/drok_arm_kinematics/share/drok_arm_kinematics/environment/path.sh
-- Symlinking: /home/hgui/IK_solver_MuJoCo/install/drok_arm_kinematics/share/drok_arm_kinematics/environment/path.dsv
-- Symlinking: /home/hgui/IK_solver_MuJoCo/install/drok_arm_kinematics/share/drok_arm_kinematics/local_setup.bash
-- Symlinking: /home/hgui/IK_solver_MuJoCo/install/drok_arm_kinematics/share/drok_arm_kinematics/local_setup.sh
-- Symlinking: /home/hgui/IK_solver_MuJoCo/install/drok_arm_kinematics/share/drok_arm_kinematics/local_setup.zsh
-- Symlinking: /home/hgui/IK_solver_MuJoCo/install/drok_arm_kinematics/share/drok_arm_kinematics/local_setup.dsv
-- Symlinking: /home/hgui/IK_solver_MuJoCo/install/drok_arm_kinematics/share/drok_arm_kinematics/package.dsv
-- Symlinking: /home/hgui/IK_solver_MuJoCo/install/drok_arm_kinematics/share/ament_index/resource_index/packages/drok_arm_kinematics
-- Symlinking: /home/hgui/IK_solver_MuJoCo/install/drok_arm_kinematics/share/drok_arm_kinematics/cmake/ament_cmake_export_targets-extras.cmake
-- Symlinking: /home/hgui/IK_solver_MuJoCo/install/drok_arm_kinematics/share/drok_arm_kinematics/cmake/ament_cmake_export_dependencies-extras.cmake
-- Symlinking: /home/hgui/IK_solver_MuJoCo/install/drok_arm_kinematics/share/drok_arm_kinematics/cmake/drok_arm_kinematicsConfig.cmake
-- Symlinking: /home/hgui/IK_solver_MuJoCo/install/drok_arm_kinematics/share/drok_arm_kinematics/cmake/drok_arm_kinematicsConfig-version.cmake
-- Symlinking: /home/hgui/IK_solver_MuJoCo/install/drok_arm_kinematics/share/drok_arm_kinematics/package.xml
-- Installing: /home/hgui/IK_solver_MuJoCo/install/drok_arm_kinematics/lib/libdrok_arm_kinematics.a
-- Installing: /home/hgui/IK_solver_MuJoCo/install/drok_arm_kinematics/lib/drok_arm_kinematics/urdf_geometry_exporter
-- Installing: /home/hgui/IK_solver_MuJoCo/install/drok_arm_kinematics/lib/drok_arm_kinematics/test_fk
-- Installing: /home/hgui/IK_solver_MuJoCo/install/drok_arm_kinematics/share/drok_arm_kinematics/cmake/export_drok_arm_kinematicsExport.cmake
-- Installing: /home/hgui/IK_solver_MuJoCo/install/drok_arm_kinematics/share/drok_arm_kinematics/cmake/export_drok_arm_kinematicsExport-noconfig.cmake
