$ /usr/bin/python3 /home/hgui/IK_solver_MuJoCo/src/drok_arm_control/scripts/dry_run_cylinder_hybrid_ik.py --candidate-file /home/hgui/IK_solver_MuJoCo/generated_random_known_pose_moves/seed_2_box_1_x0p522965_y0p251652_z0p272000_to_box_2/all_grasp_candidates.yaml --candidate-index 21 --geometry /home/hgui/IK_solver_MuJoCo/src/drok_arm_kinematics/config/robot_geometry.yaml --urdf /home/hgui/IK_solver_MuJoCo/src/drok_arm_mujoco/urdf/drok_arm_mujoco.urdf --output /home/hgui/IK_solver_MuJoCo/generated_random_known_pose_moves/seed_2_box_1_x0p522965_y0p251652_z0p272000_to_box_2/candidate_trials/candidate_21/hybrid_path.yaml

========================================================================================
CYLINDER HYBRID CARTESIAN IK DRY RUN
========================================================================================
Candidate index : 21
Candidate phi   : 210.000 deg
Target RPY      : +0.000000000, -0.000000000, +0.523598776
Cartesian step  : 0.003000 m

현재 /joint_states를 기다립니다.
Current q [rad] : +0.000064554, +0.295663783, +0.294642929, -0.001254644, +0.000211509, -0.004529579

[INITIAL 1/2] Position-only solve at PICK_PREGRASP
[PASS] q = +0.361870, +1.473607, +1.039404, +0.069851, -0.171770, -0.004530

[INITIAL 2/2] Full-pose orientation alignment

[PICK_APPROACH] mode=full, distance=0.080000 m, samples=27
[PASS] max jump=0.531714 deg, minimum margin=17.219375 deg

[PICK_LIFT] mode=full, distance=0.050000 m, samples=17
[PASS] max jump=0.501573 deg, minimum margin=17.364832 deg

[TRANSFER] mode=upright, distance=0.437775 m, samples=146
[PASS] max jump=0.351079 deg, minimum margin=15.259675 deg

[PLACE_DESCEND] mode=upright, distance=0.050000 m, samples=17
[PASS] max jump=0.585176 deg, minimum margin=14.508174 deg

========================================================================================
OVERALL RESULT: PASS
========================================================================================
Total samples       : 208
Maximum joint jump  : 0.585176 deg
Minimum limit margin: 14.508174 deg
Saved:
/home/hgui/IK_solver_MuJoCo/generated_random_known_pose_moves/seed_2_box_1_x0p522965_y0p251652_z0p272000_to_box_2/candidate_trials/candidate_21/hybrid_path.yaml
