$ /usr/bin/python3 /home/hgui/IK_solver_MuJoCo/src/drok_arm_control/scripts/generate_cylinder_place_retreat_target.py --hybrid-path /home/hgui/IK_solver_MuJoCo/generated_random_known_pose_moves/seed_2_box_1_x0p522965_y0p251652_z0p272000_to_box_2/candidate_trials/candidate_21/hybrid_path.yaml --candidate-file /home/hgui/IK_solver_MuJoCo/generated_random_known_pose_moves/seed_2_box_1_x0p522965_y0p251652_z0p272000_to_box_2/all_grasp_candidates.yaml --geometry /home/hgui/IK_solver_MuJoCo/src/drok_arm_kinematics/config/robot_geometry.yaml --output /home/hgui/IK_solver_MuJoCo/generated_random_known_pose_moves/seed_2_box_1_x0p522965_y0p251652_z0p272000_to_box_2/candidate_trials/candidate_21/retreat_target.yaml

========================================
 DROK Upright 5-DoF IK Solver
========================================
IK mode: upright
----------------------------------------
Target position [m]
x = 0.450000000
y = -0.180000000
z = 0.282000000
----------------------------------------
Constraint
TCP local +Z = world +Z
TCP yaw      = free
----------------------------------------
Initial joint positions [rad]
q1 = -0.416549765
q2 = 1.453884673
q3 = 0.745953274
q4 = 1.447422875
q5 = -0.711694749
q6 = 1.058284589
----------------------------------------
IK result joint positions [rad]
q1 = -0.416549765
q2 = 1.453884673
q3 = 0.745953274
q4 = 1.447422875
q5 = -0.711694749
q6 = 1.058284589
----------------------------------------
Solved TCP local +Z in world
 0.000006039 -0.000007113  1.000000000
Solved TCP yaw    : -0.336089805 rad
----------------------------------------
Success           : true
Iterations        : 0
Position error    : 0.000018672 m
Upright error     : 0.000009331 rad
Orientation error : 0.000009331 rad
Minimum margin    : 0.253215411 rad
Message           : Upright IK converged.
----------------------------------------
Machine-readable joint result
JOINT_RESULT=-0.416549765,1.453884673,0.745953274,1.447422875,-0.711694749,1.058284589
========================================

========================================================================================
NEW HEIGHT PLACE RETREAT TARGET
========================================================================================
Candidate index : 21
Final yaw       : -19.256527 deg
Place grasp TCP : +0.450000000, -0.180000000, +0.282000000
Retreat TCP     : +0.374475884, -0.153616144, +0.282000000
Retreat vector  : -0.944051455, +0.329798198, +0.000000000
Saved:
/home/hgui/IK_solver_MuJoCo/generated_random_known_pose_moves/seed_2_box_1_x0p522965_y0p251652_z0p272000_to_box_2/candidate_trials/candidate_21/retreat_target.yaml
