-- The C compiler identification is GNU 11.4.0
-- The CXX compiler identification is GNU 11.4.0
-- Detecting C compiler ABI info
-- Detecting C compiler ABI info - done
-- Check for working C compiler: /usr/bin/cc - skipped
-- Detecting C compile features
-- Detecting C compile features - done
-- Detecting CXX compiler ABI info
-- Detecting CXX compiler ABI info - done
-- Check for working CXX compiler: /usr/bin/c++ - skipped
-- Detecting CXX compile features
-- Detecting CXX compile features - done
-- Found ament_cmake: 1.3.14 (/opt/ros/humble/share/ament_cmake/cmake)
-- Found Python3: /usr/bin/python3 (found version "3.10.12") found components: Interpreter 
-- Override CMake install command with custom implementation using symlinks instead of copying resources
-- Found rclcpp: 16.0.19 (/opt/ros/humble/share/rclcpp/cmake)
-- Found rosidl_generator_c: 3.1.8 (/opt/ros/humble/share/rosidl_generator_c/cmake)
-- Found rosidl_adapter: 3.1.8 (/opt/ros/humble/share/rosidl_adapter/cmake)
-- Found rosidl_generator_cpp: 3.1.8 (/opt/ros/humble/share/rosidl_generator_cpp/cmake)
-- Using all available rosidl_typesupport_c: rosidl_typesupport_fastrtps_c;rosidl_typesupport_introspection_c
-- Using all available rosidl_typesupport_cpp: rosidl_typesupport_fastrtps_cpp;rosidl_typesupport_introspection_cpp
-- Found rmw_implementation_cmake: 6.1.2 (/opt/ros/humble/share/rmw_implementation_cmake/cmake)
-- Found rmw_fastrtps_cpp: 6.2.10 (/opt/ros/humble/share/rmw_fastrtps_cpp/cmake)
-- Found OpenSSL: /usr/lib/x86_64-linux-gnu/libcrypto.so (found version "3.0.2")  
-- Found FastRTPS: /opt/ros/humble/include  
-- Using RMW implementation 'rmw_fastrtps_cpp' as default
-- Looking for pthread.h
-- Looking for pthread.h - found
-- Performing Test CMAKE_HAVE_LIBC_PTHREAD
-- Performing Test CMAKE_HAVE_LIBC_PTHREAD - Success
-- Found Threads: TRUE  
-- Found sensor_msgs: 4.9.1 (/opt/ros/humble/share/sensor_msgs/cmake)
-- Found drok_arm_kinematics: 0.1.0 (/home/hgui/IK_solver_MuJoCo/install/drok_arm_kinematics/share/drok_arm_kinematics/cmake)
-- Found drok_arm_trajectory: 0.0.1 (/home/hgui/IK_solver_MuJoCo/install/drok_arm_trajectory/share/drok_arm_trajectory/cmake)
-- Configuring done
-- Generating done
-- Build files have been written to: /home/hgui/IK_solver_MuJoCo/build/drok_arm_control
[ 50%] [32mBuilding CXX object CMakeFiles/pose_motion_node.dir/src/pose_motion_node.cpp.o[0m
[100%] [32m[1mLinking CXX executable pose_motion_node[0m
[100%] Built target pose_motion_node
-- Install configuration: ""
-- Execute custom install script
-- Symlinking: /home/hgui/IK_solver_MuJoCo/install/drok_arm_control/lib/drok_arm_control/pose_motion_node
-- Symlinking: /home/hgui/IK_solver_MuJoCo/install/drok_arm_control/include/drok_arm_control/pose_motion_node.hpp
-- Symlinking: /home/hgui/IK_solver_MuJoCo/install/drok_arm_control/share/ament_index/resource_index/package_run_dependencies/drok_arm_control
-- Symlinking: /home/hgui/IK_solver_MuJoCo/install/drok_arm_control/share/ament_index/resource_index/parent_prefix_path/drok_arm_control
-- Symlinking: /home/hgui/IK_solver_MuJoCo/install/drok_arm_control/share/drok_arm_control/environment/ament_prefix_path.sh
-- Symlinking: /home/hgui/IK_solver_MuJoCo/install/drok_arm_control/share/drok_arm_control/environment/ament_prefix_path.dsv
-- Symlinking: /home/hgui/IK_solver_MuJoCo/install/drok_arm_control/share/drok_arm_control/environment/path.sh
-- Symlinking: /home/hgui/IK_solver_MuJoCo/install/drok_arm_control/share/drok_arm_control/environment/path.dsv
-- Symlinking: /home/hgui/IK_solver_MuJoCo/install/drok_arm_control/share/drok_arm_control/local_setup.bash
-- Symlinking: /home/hgui/IK_solver_MuJoCo/install/drok_arm_control/share/drok_arm_control/local_setup.sh
-- Symlinking: /home/hgui/IK_solver_MuJoCo/install/drok_arm_control/share/drok_arm_control/local_setup.zsh
-- Symlinking: /home/hgui/IK_solver_MuJoCo/install/drok_arm_control/share/drok_arm_control/local_setup.dsv
-- Symlinking: /home/hgui/IK_solver_MuJoCo/install/drok_arm_control/share/drok_arm_control/package.dsv
-- Symlinking: /home/hgui/IK_solver_MuJoCo/install/drok_arm_control/share/ament_index/resource_index/packages/drok_arm_control
-- Symlinking: /home/hgui/IK_solver_MuJoCo/install/drok_arm_control/share/drok_arm_control/cmake/drok_arm_controlConfig.cmake
-- Symlinking: /home/hgui/IK_solver_MuJoCo/install/drok_arm_control/share/drok_arm_control/cmake/drok_arm_controlConfig-version.cmake
-- Symlinking: /home/hgui/IK_solver_MuJoCo/install/drok_arm_control/share/drok_arm_control/package.xml
