[0.010s] Invoking command in '/home/hgui/IK_solver_MuJoCo/build/drok_arm_control': CMAKE_PREFIX_PATH=${CMAKE_PREFIX_PATH}:/opt/ros/humble /usr/bin/cmake /home/hgui/IK_solver_MuJoCo/src/drok_arm_control -DAMENT_CMAKE_SYMLINK_INSTALL=1 -DCMAKE_INSTALL_PREFIX=/home/hgui/IK_solver_MuJoCo/install/drok_arm_control
[0.052s] -- The C compiler identification is GNU 11.4.0
[0.093s] -- The CXX compiler identification is GNU 11.4.0
[0.099s] -- Detecting C compiler ABI info
[0.156s] -- Detecting C compiler ABI info - done
[0.162s] -- Check for working C compiler: /usr/bin/cc - skipped
[0.162s] -- Detecting C compile features
[0.162s] -- Detecting C compile features - done
[0.164s] -- Detecting CXX compiler ABI info
[0.234s] -- Detecting CXX compiler ABI info - done
[0.239s] -- Check for working CXX compiler: /usr/bin/c++ - skipped
[0.239s] -- Detecting CXX compile features
[0.239s] -- Detecting CXX compile features - done
[0.241s] -- Found ament_cmake: 1.3.14 (/opt/ros/humble/share/ament_cmake/cmake)
[0.365s] -- Found Python3: /usr/bin/python3 (found version "3.10.12") found components: Interpreter 
[0.408s] -- Override CMake install command with custom implementation using symlinks instead of copying resources
[0.426s] -- Found rclcpp: 16.0.19 (/opt/ros/humble/share/rclcpp/cmake)
[0.453s] -- Found rosidl_generator_c: 3.1.8 (/opt/ros/humble/share/rosidl_generator_c/cmake)
[0.456s] -- Found rosidl_adapter: 3.1.8 (/opt/ros/humble/share/rosidl_adapter/cmake)
[0.461s] -- Found rosidl_generator_cpp: 3.1.8 (/opt/ros/humble/share/rosidl_generator_cpp/cmake)
[0.469s] -- Using all available rosidl_typesupport_c: rosidl_typesupport_fastrtps_c;rosidl_typesupport_introspection_c
[0.481s] -- Using all available rosidl_typesupport_cpp: rosidl_typesupport_fastrtps_cpp;rosidl_typesupport_introspection_cpp
[0.512s] -- Found rmw_implementation_cmake: 6.1.2 (/opt/ros/humble/share/rmw_implementation_cmake/cmake)
[0.514s] -- Found rmw_fastrtps_cpp: 6.2.10 (/opt/ros/humble/share/rmw_fastrtps_cpp/cmake)
[0.583s] -- Found OpenSSL: /usr/lib/x86_64-linux-gnu/libcrypto.so (found version "3.0.2")  
[0.606s] -- Found FastRTPS: /opt/ros/humble/include  
[0.642s] -- Using RMW implementation 'rmw_fastrtps_cpp' as default
[0.647s] -- Looking for pthread.h
[0.705s] -- Looking for pthread.h - found
[0.705s] -- Performing Test CMAKE_HAVE_LIBC_PTHREAD
[0.771s] -- Performing Test CMAKE_HAVE_LIBC_PTHREAD - Success
[0.771s] -- Found Threads: TRUE  
[0.805s] -- Found sensor_msgs: 4.9.1 (/opt/ros/humble/share/sensor_msgs/cmake)
[0.831s] -- Found drok_arm_kinematics: 0.1.0 (/home/hgui/IK_solver_MuJoCo/install/drok_arm_kinematics/share/drok_arm_kinematics/cmake)
[0.832s] -- Found drok_arm_trajectory: 0.0.1 (/home/hgui/IK_solver_MuJoCo/install/drok_arm_trajectory/share/drok_arm_trajectory/cmake)
[0.901s] -- Configuring done
[0.906s] -- Generating done
[0.908s] -- Build files have been written to: /home/hgui/IK_solver_MuJoCo/build/drok_arm_control
[0.914s] Invoked command in '/home/hgui/IK_solver_MuJoCo/build/drok_arm_control' returned '0': CMAKE_PREFIX_PATH=${CMAKE_PREFIX_PATH}:/opt/ros/humble /usr/bin/cmake /home/hgui/IK_solver_MuJoCo/src/drok_arm_control -DAMENT_CMAKE_SYMLINK_INSTALL=1 -DCMAKE_INSTALL_PREFIX=/home/hgui/IK_solver_MuJoCo/install/drok_arm_control
[0.916s] Invoking command in '/home/hgui/IK_solver_MuJoCo/build/drok_arm_control': CMAKE_PREFIX_PATH=${CMAKE_PREFIX_PATH}:/opt/ros/humble /usr/bin/cmake --build /home/hgui/IK_solver_MuJoCo/build/drok_arm_control -- -j18 -l18
[0.955s] [ 50%] [32mBuilding CXX object CMakeFiles/pose_motion_node.dir/src/pose_motion_node.cpp.o[0m
[7.604s] [100%] [32m[1mLinking CXX executable pose_motion_node[0m
[8.140s] [100%] Built target pose_motion_node
[8.153s] Invoked command in '/home/hgui/IK_solver_MuJoCo/build/drok_arm_control' returned '0': CMAKE_PREFIX_PATH=${CMAKE_PREFIX_PATH}:/opt/ros/humble /usr/bin/cmake --build /home/hgui/IK_solver_MuJoCo/build/drok_arm_control -- -j18 -l18
[8.153s] Invoking command in '/home/hgui/IK_solver_MuJoCo/build/drok_arm_control': CMAKE_PREFIX_PATH=${CMAKE_PREFIX_PATH}:/opt/ros/humble /usr/bin/cmake --install /home/hgui/IK_solver_MuJoCo/build/drok_arm_control
[8.158s] -- Install configuration: ""
[8.158s] -- Execute custom install script
[8.158s] -- Symlinking: /home/hgui/IK_solver_MuJoCo/install/drok_arm_control/lib/drok_arm_control/pose_motion_node
[8.167s] -- Symlinking: /home/hgui/IK_solver_MuJoCo/install/drok_arm_control/include/drok_arm_control/pose_motion_node.hpp
[8.173s] -- Symlinking: /home/hgui/IK_solver_MuJoCo/install/drok_arm_control/share/ament_index/resource_index/package_run_dependencies/drok_arm_control
[8.182s] -- Symlinking: /home/hgui/IK_solver_MuJoCo/install/drok_arm_control/share/ament_index/resource_index/parent_prefix_path/drok_arm_control
[8.189s] -- Symlinking: /home/hgui/IK_solver_MuJoCo/install/drok_arm_control/share/drok_arm_control/environment/ament_prefix_path.sh
[8.194s] -- Symlinking: /home/hgui/IK_solver_MuJoCo/install/drok_arm_control/share/drok_arm_control/environment/ament_prefix_path.dsv
[8.201s] -- Symlinking: /home/hgui/IK_solver_MuJoCo/install/drok_arm_control/share/drok_arm_control/environment/path.sh
[8.208s] -- Symlinking: /home/hgui/IK_solver_MuJoCo/install/drok_arm_control/share/drok_arm_control/environment/path.dsv
[8.214s] -- Symlinking: /home/hgui/IK_solver_MuJoCo/install/drok_arm_control/share/drok_arm_control/local_setup.bash
[8.221s] -- Symlinking: /home/hgui/IK_solver_MuJoCo/install/drok_arm_control/share/drok_arm_control/local_setup.sh
[8.227s] -- Symlinking: /home/hgui/IK_solver_MuJoCo/install/drok_arm_control/share/drok_arm_control/local_setup.zsh
[8.235s] -- Symlinking: /home/hgui/IK_solver_MuJoCo/install/drok_arm_control/share/drok_arm_control/local_setup.dsv
[8.244s] -- Symlinking: /home/hgui/IK_solver_MuJoCo/install/drok_arm_control/share/drok_arm_control/package.dsv
[8.251s] -- Symlinking: /home/hgui/IK_solver_MuJoCo/install/drok_arm_control/share/ament_index/resource_index/packages/drok_arm_control
[8.258s] -- Symlinking: /home/hgui/IK_solver_MuJoCo/install/drok_arm_control/share/drok_arm_control/cmake/drok_arm_controlConfig.cmake
[8.264s] -- Symlinking: /home/hgui/IK_solver_MuJoCo/install/drok_arm_control/share/drok_arm_control/cmake/drok_arm_controlConfig-version.cmake
[8.273s] -- Symlinking: /home/hgui/IK_solver_MuJoCo/install/drok_arm_control/share/drok_arm_control/package.xml
[8.282s] Invoked command in '/home/hgui/IK_solver_MuJoCo/build/drok_arm_control' returned '0': CMAKE_PREFIX_PATH=${CMAKE_PREFIX_PATH}:/opt/ros/humble /usr/bin/cmake --install /home/hgui/IK_solver_MuJoCo/build/drok_arm_control
