$ /usr/bin/python3 /home/hgui/IK_solver_MuJoCo/src/drok_arm_control/scripts/dry_run_cylinder_hybrid_ik.py --candidate-file /home/hgui/IK_solver_MuJoCo/generated_random_known_pose_moves/seed_2_box_1_x0p522965_y0p251652_z0p272000_to_box_2/all_grasp_candidates.yaml --candidate-index 22 --geometry /home/hgui/IK_solver_MuJoCo/src/drok_arm_kinematics/config/robot_geometry.yaml --urdf /home/hgui/IK_solver_MuJoCo/src/drok_arm_mujoco/urdf/drok_arm_mujoco.urdf --output /home/hgui/IK_solver_MuJoCo/generated_random_known_pose_moves/seed_2_box_1_x0p522965_y0p251652_z0p272000_to_box_2/candidate_trials/candidate_22/hybrid_path.yaml

========================================================================================
CYLINDER HYBRID CARTESIAN IK DRY RUN
========================================================================================
Candidate index : 22
Candidate phi   : 220.000 deg
Target RPY      : +0.000000000, -0.000000000, +0.698131701
Cartesian step  : 0.003000 m

현재 /joint_states를 기다립니다.
Current q [rad] : +0.000066019, +0.295663782, +0.294643995, -0.001254643, +0.000212172, -0.004529581

[INITIAL 1/2] Position-only solve at PICK_PREGRASP
[PASS] q = +0.339888, +1.480725, +1.046949, +0.065833, -0.160324, -0.004530

[INITIAL 2/2] Full-pose orientation alignment

[PICK_APPROACH] mode=full, distance=0.080000 m, samples=27
[PASS] max jump=0.502625 deg, minimum margin=33.911646 deg

[PICK_LIFT] mode=full, distance=0.050000 m, samples=17
[PASS] max jump=0.500904 deg, minimum margin=34.303718 deg

[TRANSFER] mode=upright, distance=0.437775 m, samples=146
[PASS] max jump=0.346128 deg, minimum margin=36.854324 deg

[PLACE_DESCEND] mode=upright, distance=0.050000 m, samples=17
[PASS] max jump=0.575174 deg, minimum margin=32.958308 deg

========================================================================================
OVERALL RESULT: PASS
========================================================================================
Total samples       : 208
Maximum joint jump  : 0.575174 deg
Minimum limit margin: 32.958308 deg
Saved:
/home/hgui/IK_solver_MuJoCo/generated_random_known_pose_moves/seed_2_box_1_x0p522965_y0p251652_z0p272000_to_box_2/candidate_trials/candidate_22/hybrid_path.yaml
