$ /usr/bin/python3 /home/hgui/IK_solver_MuJoCo/src/drok_arm_control/scripts/generate_cylinder_place_retreat_target.py --hybrid-path /home/hgui/IK_solver_MuJoCo/generated_known_object_paths/box_2_x0p391498_ym0p124411_z0p272000_to_box_1/candidate_trials/candidate_14/hybrid_path.yaml --candidate-file /home/hgui/IK_solver_MuJoCo/generated_known_object_paths/box_2_x0p391498_ym0p124411_z0p272000_to_box_1/all_grasp_candidates.yaml --geometry /home/hgui/IK_solver_MuJoCo/src/drok_arm_kinematics/config/robot_geometry.yaml --output /home/hgui/IK_solver_MuJoCo/generated_known_object_paths/box_2_x0p391498_ym0p124411_z0p272000_to_box_1/candidate_trials/candidate_14/retreat_target.yaml

========================================
 DROK Upright 5-DoF IK Solver
========================================
IK mode: upright
----------------------------------------
Target position [m]
x = 0.450000000
y = 0.180000000
z = 0.282000000
----------------------------------------
Constraint
TCP local +Z = world +Z
TCP yaw      = free
----------------------------------------
Initial joint positions [rad]
q1 = 0.673761908
q2 = 1.540085402
q3 = 0.824856228
q4 = -0.674044445
q5 = 0.947772399
q6 = -1.358803951
----------------------------------------
IK result joint positions [rad]
q1 = 0.673761908
q2 = 1.540085402
q3 = 0.824856228
q4 = -0.674044445
q5 = 0.947772399
q6 = -1.358803951
----------------------------------------
Solved TCP local +Z in world
-0.000018897  0.000012254  1.000000000
Solved TCP yaw    : -0.013613262 rad
----------------------------------------
Success           : true
Iterations        : 0
Position error    : 0.000019777 m
Upright error     : 0.000022522 rad
Orientation error : 0.000022522 rad
Minimum margin    : 0.371697601 rad
Message           : Upright IK converged.
----------------------------------------
Machine-readable joint result
JOINT_RESULT=0.673761908,1.540085402,0.824856228,-0.674044445,0.947772399,-1.358803951
========================================

========================================================================================
NEW HEIGHT PLACE RETREAT TARGET
========================================================================================
Candidate index : 14
Final yaw       : -0.779982 deg
Place grasp TCP : +0.450000000, +0.180000000, +0.282000000
Retreat TCP     : +0.370007413, +0.181089027, +0.282000000
Retreat vector  : -0.999907341, +0.013612842, +0.000000000
Saved:
/home/hgui/IK_solver_MuJoCo/generated_known_object_paths/box_2_x0p391498_ym0p124411_z0p272000_to_box_1/candidate_trials/candidate_14/retreat_target.yaml
