$ /usr/bin/python3 /home/hgui/IK_solver_MuJoCo/src/drok_arm_control/scripts/time_parameterize_cylinder_path.py --path /home/hgui/IK_solver_MuJoCo/generated_known_object_paths/box_2_x0p391498_ym0p124411_z0p272000_to_box_1/candidate_trials/candidate_14/full_cartesian_path.yaml --timing-config /home/hgui/IK_solver_MuJoCo/src/drok_arm_control/config/cylinder_trajectory_timing.yaml --urdf /home/hgui/IK_solver_MuJoCo/src/drok_arm_mujoco/urdf/drok_arm_mujoco.urdf --controllers /home/hgui/IK_solver_MuJoCo/src/drok_arm_mujoco/config/controllers.yaml --output /home/hgui/IK_solver_MuJoCo/generated_known_object_paths/box_2_x0p391498_ym0p124411_z0p272000_to_box_1/candidate_trials/candidate_14/timed_joint_path.yaml

================================================================================================
CYLINDER PATH TIME PARAMETERIZATION
================================================================================================
Controller rate : 100.000 Hz

Derived limits
  JOINT1: v=0.420000 rad/s, a=0.840000 rad/s^2, j=4.200000 rad/s^3
  JOINT2: v=0.420000 rad/s, a=0.840000 rad/s^2, j=4.200000 rad/s^3
  JOINT3: v=0.420000 rad/s, a=0.840000 rad/s^2, j=4.200000 rad/s^3
  JOINT4: v=0.420000 rad/s, a=0.840000 rad/s^2, j=4.200000 rad/s^3
  JOINT5: v=0.420000 rad/s, a=0.840000 rad/s^2, j=4.200000 rad/s^3
  JOINT6: v=0.350000 rad/s, a=0.700000 rad/s^2, j=3.500000 rad/s^3

[MOTION_BLOCK_1_PICK_APPROACH] index=0->27
  waypoints       : 28
  duration        : 1.770000 s
  samples         : 178
  velocity ratio  : 0.826951
  accel ratio     : 0.768556
  jerk ratio      : 0.933004
  limit margin    : 7.201788 deg

[MOTION_BLOCK_2_PICK_LIFT] index=27->44
  waypoints       : 18
  duration        : 1.510000 s
  samples         : 152
  velocity ratio  : 0.666456
  accel ratio     : 0.682352
  jerk ratio      : 0.940499
  limit margin    : 19.263702 deg

[MOTION_BLOCK_3_TRANSFER] index=44->148
  waypoints       : 105
  duration        : 2.840000 s
  samples         : 285
  velocity ratio  : 0.978632
  accel ratio     : 0.598392
  jerk ratio      : 0.424111
  limit margin    : 24.185426 deg

[MOTION_BLOCK_4_PLACE_DESCEND] index=148->165
  waypoints       : 18
  duration        : 1.330000 s
  samples         : 134
  velocity ratio  : 0.501198
  accel ratio     : 0.587775
  jerk ratio      : 0.934453
  limit margin    : 21.296704 deg

[MOTION_BLOCK_5_PLACE_RETREAT] index=165->192
  waypoints       : 28
  duration        : 1.540000 s
  samples         : 155
  velocity ratio  : 0.628935
  accel ratio     : 0.668306
  jerk ratio      : 0.932725
  limit margin    : 14.070559 deg

================================================================================================
OVERALL RESULT: PASS
================================================================================================
Motion blocks       : 5
Arm motion duration : 8.990000 s
Gripper dwell       : not included
Saved:
/home/hgui/IK_solver_MuJoCo/generated_known_object_paths/box_2_x0p391498_ym0p124411_z0p272000_to_box_1/candidate_trials/candidate_14/timed_joint_path.yaml
