[0.009s] Invoking command in '/home/hgui/IK_solver_MuJoCo/build/drok_arm_control': CMAKE_PREFIX_PATH=${CMAKE_PREFIX_PATH}:/opt/ros/humble /usr/bin/cmake /home/hgui/IK_solver_MuJoCo/src/drok_arm_control -DAMENT_CMAKE_SYMLINK_INSTALL=1 -DCMAKE_INSTALL_PREFIX=/home/hgui/IK_solver_MuJoCo/install/drok_arm_control
[0.052s] -- The C compiler identification is GNU 11.4.0
[0.090s] -- The CXX compiler identification is GNU 11.4.0
[0.094s] -- Detecting C compiler ABI info
[0.144s] -- Detecting C compiler ABI info - done
[0.148s] -- Check for working C compiler: /usr/bin/cc - skipped
[0.148s] -- Detecting C compile features
[0.149s] -- Detecting C compile features - done
[0.150s] -- Detecting CXX compiler ABI info
[0.206s] -- Detecting CXX compiler ABI info - done
[0.211s] -- Check for working CXX compiler: /usr/bin/c++ - skipped
[0.211s] -- Detecting CXX compile features
[0.212s] -- Detecting CXX compile features - done
[0.213s] -- Found ament_cmake: 1.3.14 (/opt/ros/humble/share/ament_cmake/cmake)
[0.313s] -- Found Python3: /usr/bin/python3 (found version "3.10.12") found components: Interpreter 
[0.354s] -- Override CMake install command with custom implementation using symlinks instead of copying resources
[0.383s] -- Found rclcpp: 16.0.19 (/opt/ros/humble/share/rclcpp/cmake)
[0.420s] -- Found rosidl_generator_c: 3.1.8 (/opt/ros/humble/share/rosidl_generator_c/cmake)
[0.424s] -- Found rosidl_adapter: 3.1.8 (/opt/ros/humble/share/rosidl_adapter/cmake)
[0.432s] -- Found rosidl_generator_cpp: 3.1.8 (/opt/ros/humble/share/rosidl_generator_cpp/cmake)
[0.442s] -- Using all available rosidl_typesupport_c: rosidl_typesupport_fastrtps_c;rosidl_typesupport_introspection_c
[0.456s] -- Using all available rosidl_typesupport_cpp: rosidl_typesupport_fastrtps_cpp;rosidl_typesupport_introspection_cpp
[0.493s] -- Found rmw_implementation_cmake: 6.1.2 (/opt/ros/humble/share/rmw_implementation_cmake/cmake)
[0.495s] -- Found rmw_fastrtps_cpp: 6.2.10 (/opt/ros/humble/share/rmw_fastrtps_cpp/cmake)
[0.568s] -- Found OpenSSL: /usr/lib/x86_64-linux-gnu/libcrypto.so (found version "3.0.2")  
[0.587s] -- Found FastRTPS: /opt/ros/humble/include  
[0.615s] -- Using RMW implementation 'rmw_fastrtps_cpp' as default
[0.622s] -- Looking for pthread.h
[0.676s] -- Looking for pthread.h - found
[0.676s] -- Performing Test CMAKE_HAVE_LIBC_PTHREAD
[0.737s] -- Performing Test CMAKE_HAVE_LIBC_PTHREAD - Success
[0.737s] -- Found Threads: TRUE  
[0.781s] -- Found sensor_msgs: 4.9.1 (/opt/ros/humble/share/sensor_msgs/cmake)
[0.810s] -- Found drok_arm_kinematics: 0.1.0 (/home/hgui/IK_solver_MuJoCo/install/drok_arm_kinematics/share/drok_arm_kinematics/cmake)
[0.811s] -- Found drok_arm_trajectory: 0.0.1 (/home/hgui/IK_solver_MuJoCo/install/drok_arm_trajectory/share/drok_arm_trajectory/cmake)
[0.873s] -- Configuring done
[0.875s] [31mCMake Error at CMakeLists.txt:19 (add_executable):
[0.875s]   Target "pose_motion_node" links to target
[0.875s]   "drok_arm_kinematics::urdf_geometry_exporter" but the target was not found.
[0.875s]   Perhaps a find_package() call is missing for an IMPORTED target, or an
[0.875s]   ALIAS target is missing?
[0.875s] 
[0.875s] [0m
[0.875s] [31mCMake Error at CMakeLists.txt:19 (add_executable):
[0.875s]   Target "pose_motion_node" links to target "drok_arm_kinematics::test_fk"
[0.876s]   but the target was not found.  Perhaps a find_package() call is missing for
[0.876s]   an IMPORTED target, or an ALIAS target is missing?
[0.876s] 
[0.876s] [0m
[0.876s] [31mCMake Error at CMakeLists.txt:19 (add_executable):
[0.876s]   Target "pose_motion_node" links to target "drok_arm_kinematics::test_ik"
[0.876s]   but the target was not found.  Perhaps a find_package() call is missing for
[0.876s]   an IMPORTED target, or an ALIAS target is missing?
[0.876s] 
[0.876s] [0m
[0.876s] [31mCMake Error at CMakeLists.txt:19 (add_executable):
[0.876s]   Target "pose_motion_node" links to target
[0.876s]   "drok_arm_kinematics::solve_ik_pose" but the target was not found.  Perhaps
[0.876s]   a find_package() call is missing for an IMPORTED target, or an ALIAS target
[0.876s]   is missing?
[0.876s] 
[0.876s] [0m
[0.876s] [31mCMake Error at CMakeLists.txt:19 (add_executable):
[0.876s]   Target "pose_motion_node" links to target "drok_arm_trajectory::test_poly5"
[0.877s]   but the target was not found.  Perhaps a find_package() call is missing for
[0.877s]   an IMPORTED target, or an ALIAS target is missing?
[0.877s] 
[0.877s] [0m
[0.878s] -- Generating done
[0.879s] [0mCMake Generate step failed.  Build files cannot be regenerated correctly.[0m
[0.887s] Invoked command in '/home/hgui/IK_solver_MuJoCo/build/drok_arm_control' returned '1': CMAKE_PREFIX_PATH=${CMAKE_PREFIX_PATH}:/opt/ros/humble /usr/bin/cmake /home/hgui/IK_solver_MuJoCo/src/drok_arm_control -DAMENT_CMAKE_SYMLINK_INSTALL=1 -DCMAKE_INSTALL_PREFIX=/home/hgui/IK_solver_MuJoCo/install/drok_arm_control
