-- Found ament_cmake: 1.3.14 (/opt/ros/humble/share/ament_cmake/cmake)
-- Override CMake install command with custom implementation using symlinks instead of copying resources
-- Found rclcpp: 16.0.19 (/opt/ros/humble/share/rclcpp/cmake)
-- Found rosidl_generator_c: 3.1.8 (/opt/ros/humble/share/rosidl_generator_c/cmake)
-- Found rosidl_adapter: 3.1.8 (/opt/ros/humble/share/rosidl_adapter/cmake)
-- Found rosidl_generator_cpp: 3.1.8 (/opt/ros/humble/share/rosidl_generator_cpp/cmake)
-- Using all available rosidl_typesupport_c: rosidl_typesupport_fastrtps_c;rosidl_typesupport_introspection_c
-- Using all available rosidl_typesupport_cpp: rosidl_typesupport_fastrtps_cpp;rosidl_typesupport_introspection_cpp
-- Found rmw_implementation_cmake: 6.1.2 (/opt/ros/humble/share/rmw_implementation_cmake/cmake)
-- Found rmw_fastrtps_cpp: 6.2.10 (/opt/ros/humble/share/rmw_fastrtps_cpp/cmake)
-- Using RMW implementation 'rmw_fastrtps_cpp' as default
-- Found sensor_msgs: 4.9.1 (/opt/ros/humble/share/sensor_msgs/cmake)
-- Found trajectory_msgs: 4.9.1 (/opt/ros/humble/share/trajectory_msgs/cmake)
-- Found drok_arm_kinematics: 0.1.0 (/home/hgui/IK_solver_MuJoCo/install/drok_arm_kinematics/share/drok_arm_kinematics/cmake)
-- Found drok_arm_trajectory: 0.0.1 (/home/hgui/IK_solver_MuJoCo/install/drok_arm_trajectory/share/drok_arm_trajectory/cmake)
-- Configuring done
-- Generating done
-- Build files have been written to: /home/hgui/IK_solver_MuJoCo/build/drok_arm_control
[35m[1mConsolidate compiler generated dependencies of target pose_motion_node[0m
[35m[1mConsolidate compiler generated dependencies of target pose_joint_trajectory_node[0m
[ 16%] [32mBuilding CXX object CMakeFiles/trajectory_bridge.dir/src/trajectory_bridge.cpp.o[0m
[ 50%] Built target pose_motion_node
[ 83%] Built target pose_joint_trajectory_node
[100%] [32m[1mLinking CXX executable trajectory_bridge[0m
[100%] Built target trajectory_bridge
-- Install configuration: ""
-- Execute custom install script
-- Up-to-date symlink: /home/hgui/IK_solver_MuJoCo/install/drok_arm_control/lib/drok_arm_control/pose_motion_node
-- Up-to-date symlink: /home/hgui/IK_solver_MuJoCo/install/drok_arm_control/lib/drok_arm_control/pose_joint_trajectory_node
-- Symlinking: /home/hgui/IK_solver_MuJoCo/install/drok_arm_control/lib/drok_arm_control/trajectory_bridge
-- Up-to-date symlink: /home/hgui/IK_solver_MuJoCo/install/drok_arm_control/include/drok_arm_control/pose_joint_trajectory_node.hpp
-- Up-to-date symlink: /home/hgui/IK_solver_MuJoCo/install/drok_arm_control/include/drok_arm_control/pose_motion_node.hpp
-- Up-to-date symlink: /home/hgui/IK_solver_MuJoCo/install/drok_arm_control/share/ament_index/resource_index/package_run_dependencies/drok_arm_control
-- Up-to-date symlink: /home/hgui/IK_solver_MuJoCo/install/drok_arm_control/share/ament_index/resource_index/parent_prefix_path/drok_arm_control
-- Up-to-date symlink: /home/hgui/IK_solver_MuJoCo/install/drok_arm_control/share/drok_arm_control/environment/ament_prefix_path.sh
-- Up-to-date symlink: /home/hgui/IK_solver_MuJoCo/install/drok_arm_control/share/drok_arm_control/environment/ament_prefix_path.dsv
-- Up-to-date symlink: /home/hgui/IK_solver_MuJoCo/install/drok_arm_control/share/drok_arm_control/environment/path.sh
-- Up-to-date symlink: /home/hgui/IK_solver_MuJoCo/install/drok_arm_control/share/drok_arm_control/environment/path.dsv
-- Up-to-date symlink: /home/hgui/IK_solver_MuJoCo/install/drok_arm_control/share/drok_arm_control/local_setup.bash
-- Up-to-date symlink: /home/hgui/IK_solver_MuJoCo/install/drok_arm_control/share/drok_arm_control/local_setup.sh
-- Up-to-date symlink: /home/hgui/IK_solver_MuJoCo/install/drok_arm_control/share/drok_arm_control/local_setup.zsh
-- Up-to-date symlink: /home/hgui/IK_solver_MuJoCo/install/drok_arm_control/share/drok_arm_control/local_setup.dsv
-- Symlinking: /home/hgui/IK_solver_MuJoCo/install/drok_arm_control/share/drok_arm_control/package.dsv
-- Up-to-date symlink: /home/hgui/IK_solver_MuJoCo/install/drok_arm_control/share/ament_index/resource_index/packages/drok_arm_control
-- Up-to-date symlink: /home/hgui/IK_solver_MuJoCo/install/drok_arm_control/share/drok_arm_control/cmake/drok_arm_controlConfig.cmake
-- Up-to-date symlink: /home/hgui/IK_solver_MuJoCo/install/drok_arm_control/share/drok_arm_control/cmake/drok_arm_controlConfig-version.cmake
-- Up-to-date symlink: /home/hgui/IK_solver_MuJoCo/install/drok_arm_control/share/drok_arm_control/package.xml
