[0.019s] Invoking command in '/home/hgui/IK_solver_MuJoCo/build/drok_arm_control': CMAKE_PREFIX_PATH=/home/hgui/IK_solver_MuJoCo/install/drok_arm_trajectory:/home/hgui/IK_solver_MuJoCo/install/drok_arm_kinematics:/home/hgui/IK_solver_MuJoCo/install/drok_arm_control:/home/hgui/IK_solver_MuJoCo/install/drok_arm_mujoco:/home/hgui/IK_solver_MuJoCo/install/drok_arm_description:/opt/ros/humble /usr/bin/cmake --build /home/hgui/IK_solver_MuJoCo/build/drok_arm_control -- -j18 -l18
[0.048s] -- Found ament_cmake: 1.3.14 (/opt/ros/humble/share/ament_cmake/cmake)
[0.124s] -- Override CMake install command with custom implementation using symlinks instead of copying resources
[0.128s] -- Found rclcpp: 16.0.19 (/opt/ros/humble/share/rclcpp/cmake)
[0.154s] -- Found rosidl_generator_c: 3.1.8 (/opt/ros/humble/share/rosidl_generator_c/cmake)
[0.156s] -- Found rosidl_adapter: 3.1.8 (/opt/ros/humble/share/rosidl_adapter/cmake)
[0.162s] -- Found rosidl_generator_cpp: 3.1.8 (/opt/ros/humble/share/rosidl_generator_cpp/cmake)
[0.170s] -- Using all available rosidl_typesupport_c: rosidl_typesupport_fastrtps_c;rosidl_typesupport_introspection_c
[0.180s] -- Using all available rosidl_typesupport_cpp: rosidl_typesupport_fastrtps_cpp;rosidl_typesupport_introspection_cpp
[0.208s] -- Found rmw_implementation_cmake: 6.1.2 (/opt/ros/humble/share/rmw_implementation_cmake/cmake)
[0.209s] -- Found rmw_fastrtps_cpp: 6.2.10 (/opt/ros/humble/share/rmw_fastrtps_cpp/cmake)
[0.281s] -- Using RMW implementation 'rmw_fastrtps_cpp' as default
[0.321s] -- Found sensor_msgs: 4.9.1 (/opt/ros/humble/share/sensor_msgs/cmake)
[0.345s] -- Found trajectory_msgs: 4.9.1 (/opt/ros/humble/share/trajectory_msgs/cmake)
[0.358s] -- Found drok_arm_kinematics: 0.1.0 (/home/hgui/IK_solver_MuJoCo/install/drok_arm_kinematics/share/drok_arm_kinematics/cmake)
[0.359s] -- Found drok_arm_trajectory: 0.0.1 (/home/hgui/IK_solver_MuJoCo/install/drok_arm_trajectory/share/drok_arm_trajectory/cmake)
[0.422s] -- Configuring done
[0.431s] -- Generating done
[0.434s] -- Build files have been written to: /home/hgui/IK_solver_MuJoCo/build/drok_arm_control
[0.455s] [35m[1mConsolidate compiler generated dependencies of target pose_motion_node[0m
[0.455s] [35m[1mConsolidate compiler generated dependencies of target pose_joint_trajectory_node[0m
[0.462s] [ 16%] [32mBuilding CXX object CMakeFiles/trajectory_bridge.dir/src/trajectory_bridge.cpp.o[0m
[0.486s] [ 50%] Built target pose_motion_node
[0.488s] [ 83%] Built target pose_joint_trajectory_node
[6.054s] [100%] [32m[1mLinking CXX executable trajectory_bridge[0m
[6.326s] [100%] Built target trajectory_bridge
[6.337s] Invoked command in '/home/hgui/IK_solver_MuJoCo/build/drok_arm_control' returned '0': CMAKE_PREFIX_PATH=/home/hgui/IK_solver_MuJoCo/install/drok_arm_trajectory:/home/hgui/IK_solver_MuJoCo/install/drok_arm_kinematics:/home/hgui/IK_solver_MuJoCo/install/drok_arm_control:/home/hgui/IK_solver_MuJoCo/install/drok_arm_mujoco:/home/hgui/IK_solver_MuJoCo/install/drok_arm_description:/opt/ros/humble /usr/bin/cmake --build /home/hgui/IK_solver_MuJoCo/build/drok_arm_control -- -j18 -l18
[6.347s] Invoking command in '/home/hgui/IK_solver_MuJoCo/build/drok_arm_control': CMAKE_PREFIX_PATH=/home/hgui/IK_solver_MuJoCo/install/drok_arm_trajectory:/home/hgui/IK_solver_MuJoCo/install/drok_arm_kinematics:/home/hgui/IK_solver_MuJoCo/install/drok_arm_control:/home/hgui/IK_solver_MuJoCo/install/drok_arm_mujoco:/home/hgui/IK_solver_MuJoCo/install/drok_arm_description:/opt/ros/humble /usr/bin/cmake --install /home/hgui/IK_solver_MuJoCo/build/drok_arm_control
[6.353s] -- Install configuration: ""
[6.354s] -- Execute custom install script
[6.354s] -- Up-to-date symlink: /home/hgui/IK_solver_MuJoCo/install/drok_arm_control/lib/drok_arm_control/pose_motion_node
[6.354s] -- Up-to-date symlink: /home/hgui/IK_solver_MuJoCo/install/drok_arm_control/lib/drok_arm_control/pose_joint_trajectory_node
[6.354s] -- Symlinking: /home/hgui/IK_solver_MuJoCo/install/drok_arm_control/lib/drok_arm_control/trajectory_bridge
[6.362s] -- Up-to-date symlink: /home/hgui/IK_solver_MuJoCo/install/drok_arm_control/include/drok_arm_control/pose_joint_trajectory_node.hpp
[6.362s] -- Up-to-date symlink: /home/hgui/IK_solver_MuJoCo/install/drok_arm_control/include/drok_arm_control/pose_motion_node.hpp
[6.362s] -- Up-to-date symlink: /home/hgui/IK_solver_MuJoCo/install/drok_arm_control/share/ament_index/resource_index/package_run_dependencies/drok_arm_control
[6.362s] -- Up-to-date symlink: /home/hgui/IK_solver_MuJoCo/install/drok_arm_control/share/ament_index/resource_index/parent_prefix_path/drok_arm_control
[6.363s] -- Up-to-date symlink: /home/hgui/IK_solver_MuJoCo/install/drok_arm_control/share/drok_arm_control/environment/ament_prefix_path.sh
[6.363s] -- Up-to-date symlink: /home/hgui/IK_solver_MuJoCo/install/drok_arm_control/share/drok_arm_control/environment/ament_prefix_path.dsv
[6.363s] -- Up-to-date symlink: /home/hgui/IK_solver_MuJoCo/install/drok_arm_control/share/drok_arm_control/environment/path.sh
[6.363s] -- Up-to-date symlink: /home/hgui/IK_solver_MuJoCo/install/drok_arm_control/share/drok_arm_control/environment/path.dsv
[6.363s] -- Up-to-date symlink: /home/hgui/IK_solver_MuJoCo/install/drok_arm_control/share/drok_arm_control/local_setup.bash
[6.363s] -- Up-to-date symlink: /home/hgui/IK_solver_MuJoCo/install/drok_arm_control/share/drok_arm_control/local_setup.sh
[6.363s] -- Up-to-date symlink: /home/hgui/IK_solver_MuJoCo/install/drok_arm_control/share/drok_arm_control/local_setup.zsh
[6.363s] -- Up-to-date symlink: /home/hgui/IK_solver_MuJoCo/install/drok_arm_control/share/drok_arm_control/local_setup.dsv
[6.363s] -- Symlinking: /home/hgui/IK_solver_MuJoCo/install/drok_arm_control/share/drok_arm_control/package.dsv
[6.368s] -- Up-to-date symlink: /home/hgui/IK_solver_MuJoCo/install/drok_arm_control/share/ament_index/resource_index/packages/drok_arm_control
[6.369s] -- Up-to-date symlink: /home/hgui/IK_solver_MuJoCo/install/drok_arm_control/share/drok_arm_control/cmake/drok_arm_controlConfig.cmake
[6.369s] -- Up-to-date symlink: /home/hgui/IK_solver_MuJoCo/install/drok_arm_control/share/drok_arm_control/cmake/drok_arm_controlConfig-version.cmake
[6.369s] -- Up-to-date symlink: /home/hgui/IK_solver_MuJoCo/install/drok_arm_control/share/drok_arm_control/package.xml
[6.371s] Invoked command in '/home/hgui/IK_solver_MuJoCo/build/drok_arm_control' returned '0': CMAKE_PREFIX_PATH=/home/hgui/IK_solver_MuJoCo/install/drok_arm_trajectory:/home/hgui/IK_solver_MuJoCo/install/drok_arm_kinematics:/home/hgui/IK_solver_MuJoCo/install/drok_arm_control:/home/hgui/IK_solver_MuJoCo/install/drok_arm_mujoco:/home/hgui/IK_solver_MuJoCo/install/drok_arm_description:/opt/ros/humble /usr/bin/cmake --install /home/hgui/IK_solver_MuJoCo/build/drok_arm_control
