[0.007s] Invoking command in '/home/hgui/IK_solver_MuJoCo/build/drok_arm_kinematics': CMAKE_PREFIX_PATH=${CMAKE_PREFIX_PATH}:/opt/ros/humble /usr/bin/cmake /home/hgui/IK_solver_MuJoCo/src/drok_arm_kinematics -DAMENT_CMAKE_SYMLINK_INSTALL=1 -DCMAKE_INSTALL_PREFIX=/home/hgui/IK_solver_MuJoCo/install/drok_arm_kinematics
[0.051s] -- The C compiler identification is GNU 11.4.0
[0.086s] -- The CXX compiler identification is GNU 11.4.0
[0.090s] -- Detecting C compiler ABI info
[0.139s] -- Detecting C compiler ABI info - done
[0.146s] -- Check for working C compiler: /usr/bin/cc - skipped
[0.146s] -- Detecting C compile features
[0.146s] -- Detecting C compile features - done
[0.148s] -- Detecting CXX compiler ABI info
[0.205s] -- Detecting CXX compiler ABI info - done
[0.210s] -- Check for working CXX compiler: /usr/bin/c++ - skipped
[0.210s] -- Detecting CXX compile features
[0.210s] -- Detecting CXX compile features - done
[0.212s] -- Found ament_cmake: 1.3.14 (/opt/ros/humble/share/ament_cmake/cmake)
[0.312s] -- Found Python3: /usr/bin/python3 (found version "3.10.12") found components: Interpreter 
[0.353s] -- Override CMake install command with custom implementation using symlinks instead of copying resources
[0.436s] -- Configuring done
[0.440s] -- Generating done
[0.442s] -- Build files have been written to: /home/hgui/IK_solver_MuJoCo/build/drok_arm_kinematics
[0.446s] Invoked command in '/home/hgui/IK_solver_MuJoCo/build/drok_arm_kinematics' returned '0': CMAKE_PREFIX_PATH=${CMAKE_PREFIX_PATH}:/opt/ros/humble /usr/bin/cmake /home/hgui/IK_solver_MuJoCo/src/drok_arm_kinematics -DAMENT_CMAKE_SYMLINK_INSTALL=1 -DCMAKE_INSTALL_PREFIX=/home/hgui/IK_solver_MuJoCo/install/drok_arm_kinematics
[0.448s] Invoking command in '/home/hgui/IK_solver_MuJoCo/build/drok_arm_kinematics': CMAKE_PREFIX_PATH=${CMAKE_PREFIX_PATH}:/opt/ros/humble /usr/bin/cmake --build /home/hgui/IK_solver_MuJoCo/build/drok_arm_kinematics -- -j18 -l18
[0.482s] [  9%] [32mBuilding CXX object CMakeFiles/drok_arm_kinematics.dir/src/robot_model_loader.cpp.o[0m
[0.483s] [ 18%] [32mBuilding CXX object CMakeFiles/urdf_geometry_exporter.dir/src/urdf_geometry_exporter.cpp.o[0m
[0.484s] [ 27%] [32mBuilding CXX object CMakeFiles/drok_arm_kinematics.dir/src/forward_kinematics.cpp.o[0m
[0.484s] [ 45%] [32mBuilding CXX object CMakeFiles/drok_arm_kinematics.dir/src/inverse_kinematics.cpp.o[0m
[0.484s] [ 45%] [32mBuilding CXX object CMakeFiles/drok_arm_kinematics.dir/src/transform.cpp.o[0m
[1.474s] [ 54%] [32m[1mLinking CXX executable urdf_geometry_exporter[0m
[1.544s] [ 54%] Built target urdf_geometry_exporter
[5.308s] [ 63%] [32m[1mLinking CXX static library libdrok_arm_kinematics.a[0m
[5.404s] [ 63%] Built target drok_arm_kinematics
[5.418s] [ 72%] [32mBuilding CXX object CMakeFiles/test_ik.dir/src/test_ik.cpp.o[0m
[5.419s] [ 81%] [32mBuilding CXX object CMakeFiles/test_fk.dir/src/test_fk.cpp.o[0m
[6.251s] [ 90%] [32m[1mLinking CXX executable test_ik[0m
[6.384s] [100%] [32m[1mLinking CXX executable test_fk[0m
[6.426s] [100%] Built target test_ik
[6.473s] [100%] Built target test_fk
[6.483s] Invoked command in '/home/hgui/IK_solver_MuJoCo/build/drok_arm_kinematics' returned '0': CMAKE_PREFIX_PATH=${CMAKE_PREFIX_PATH}:/opt/ros/humble /usr/bin/cmake --build /home/hgui/IK_solver_MuJoCo/build/drok_arm_kinematics -- -j18 -l18
[6.490s] Invoking command in '/home/hgui/IK_solver_MuJoCo/build/drok_arm_kinematics': CMAKE_PREFIX_PATH=${CMAKE_PREFIX_PATH}:/opt/ros/humble /usr/bin/cmake --install /home/hgui/IK_solver_MuJoCo/build/drok_arm_kinematics
[6.496s] -- Install configuration: ""
[6.497s] -- Execute custom install script
[6.497s] -- Symlinking: /home/hgui/IK_solver_MuJoCo/install/drok_arm_kinematics/include/drok_arm_kinematics/forward_kinematics.hpp
[6.505s] -- Symlinking: /home/hgui/IK_solver_MuJoCo/install/drok_arm_kinematics/include/drok_arm_kinematics/inverse_kinematics.hpp
[6.513s] -- Symlinking: /home/hgui/IK_solver_MuJoCo/install/drok_arm_kinematics/include/drok_arm_kinematics/robot_model.hpp
[6.520s] -- Symlinking: /home/hgui/IK_solver_MuJoCo/install/drok_arm_kinematics/include/drok_arm_kinematics/robot_model_loader.hpp
[6.527s] -- Symlinking: /home/hgui/IK_solver_MuJoCo/install/drok_arm_kinematics/include/drok_arm_kinematics/transform.hpp
[6.534s] -- Symlinking: /home/hgui/IK_solver_MuJoCo/install/drok_arm_kinematics/share/drok_arm_kinematics/config/robot_geometry.yaml
[6.541s] -- Symlinking: /home/hgui/IK_solver_MuJoCo/install/drok_arm_kinematics/share/drok_arm_kinematics/environment/library_path.sh
[6.548s] -- Symlinking: /home/hgui/IK_solver_MuJoCo/install/drok_arm_kinematics/share/drok_arm_kinematics/environment/library_path.dsv
[6.554s] -- Symlinking: /home/hgui/IK_solver_MuJoCo/install/drok_arm_kinematics/share/ament_index/resource_index/package_run_dependencies/drok_arm_kinematics
[6.560s] -- Symlinking: /home/hgui/IK_solver_MuJoCo/install/drok_arm_kinematics/share/ament_index/resource_index/parent_prefix_path/drok_arm_kinematics
[6.567s] -- Symlinking: /home/hgui/IK_solver_MuJoCo/install/drok_arm_kinematics/share/drok_arm_kinematics/environment/ament_prefix_path.sh
[6.573s] -- Symlinking: /home/hgui/IK_solver_MuJoCo/install/drok_arm_kinematics/share/drok_arm_kinematics/environment/ament_prefix_path.dsv
[6.579s] -- Symlinking: /home/hgui/IK_solver_MuJoCo/install/drok_arm_kinematics/share/drok_arm_kinematics/environment/path.sh
[6.585s] -- Symlinking: /home/hgui/IK_solver_MuJoCo/install/drok_arm_kinematics/share/drok_arm_kinematics/environment/path.dsv
[6.590s] -- Symlinking: /home/hgui/IK_solver_MuJoCo/install/drok_arm_kinematics/share/drok_arm_kinematics/local_setup.bash
[6.597s] -- Symlinking: /home/hgui/IK_solver_MuJoCo/install/drok_arm_kinematics/share/drok_arm_kinematics/local_setup.sh
[6.603s] -- Symlinking: /home/hgui/IK_solver_MuJoCo/install/drok_arm_kinematics/share/drok_arm_kinematics/local_setup.zsh
[6.610s] -- Symlinking: /home/hgui/IK_solver_MuJoCo/install/drok_arm_kinematics/share/drok_arm_kinematics/local_setup.dsv
[6.616s] -- Symlinking: /home/hgui/IK_solver_MuJoCo/install/drok_arm_kinematics/share/drok_arm_kinematics/package.dsv
[6.623s] -- Symlinking: /home/hgui/IK_solver_MuJoCo/install/drok_arm_kinematics/share/ament_index/resource_index/packages/drok_arm_kinematics
[6.628s] -- Symlinking: /home/hgui/IK_solver_MuJoCo/install/drok_arm_kinematics/share/drok_arm_kinematics/cmake/ament_cmake_export_targets-extras.cmake
[6.634s] -- Symlinking: /home/hgui/IK_solver_MuJoCo/install/drok_arm_kinematics/share/drok_arm_kinematics/cmake/ament_cmake_export_dependencies-extras.cmake
[6.641s] -- Symlinking: /home/hgui/IK_solver_MuJoCo/install/drok_arm_kinematics/share/drok_arm_kinematics/cmake/drok_arm_kinematicsConfig.cmake
[6.647s] -- Symlinking: /home/hgui/IK_solver_MuJoCo/install/drok_arm_kinematics/share/drok_arm_kinematics/cmake/drok_arm_kinematicsConfig-version.cmake
[6.653s] -- Symlinking: /home/hgui/IK_solver_MuJoCo/install/drok_arm_kinematics/share/drok_arm_kinematics/package.xml
[6.659s] -- Installing: /home/hgui/IK_solver_MuJoCo/install/drok_arm_kinematics/lib/libdrok_arm_kinematics.a
[6.663s] -- Installing: /home/hgui/IK_solver_MuJoCo/install/drok_arm_kinematics/lib/drok_arm_kinematics/urdf_geometry_exporter
[6.664s] -- Installing: /home/hgui/IK_solver_MuJoCo/install/drok_arm_kinematics/lib/drok_arm_kinematics/test_fk
[6.664s] -- Installing: /home/hgui/IK_solver_MuJoCo/install/drok_arm_kinematics/lib/drok_arm_kinematics/test_ik
[6.665s] -- Installing: /home/hgui/IK_solver_MuJoCo/install/drok_arm_kinematics/share/drok_arm_kinematics/cmake/export_drok_arm_kinematicsExport.cmake
[6.665s] -- Installing: /home/hgui/IK_solver_MuJoCo/install/drok_arm_kinematics/share/drok_arm_kinematics/cmake/export_drok_arm_kinematicsExport-noconfig.cmake
[6.667s] Invoked command in '/home/hgui/IK_solver_MuJoCo/build/drok_arm_kinematics' returned '0': CMAKE_PREFIX_PATH=${CMAKE_PREFIX_PATH}:/opt/ros/humble /usr/bin/cmake --install /home/hgui/IK_solver_MuJoCo/build/drok_arm_kinematics
